Component: ARM Compiler 5.06 update 7 (build 960) Tool: armlink [4d3601]

==============================================================================

Section Cross References

    system_stm32f10x.o(i.SetSysClock) refers to system_stm32f10x.o(i.SetSysClockTo72) for SetSysClockTo72
    system_stm32f10x.o(i.SystemCoreClockUpdate) refers to system_stm32f10x.o(.data) for SystemCoreClock
    system_stm32f10x.o(i.SystemInit) refers to system_stm32f10x.o(i.SetSysClock) for SetSysClock
    stm32f10x_adc.o(i.ADC_DeInit) refers to stm32f10x_rcc.o(i.RCC_APB2PeriphResetCmd) for RCC_APB2PeriphResetCmd
    stm32f10x_bkp.o(i.BKP_DeInit) refers to stm32f10x_rcc.o(i.RCC_BackupResetCmd) for RCC_BackupResetCmd
    stm32f10x_can.o(i.CAN_DeInit) refers to stm32f10x_rcc.o(i.RCC_APB1PeriphResetCmd) for RCC_APB1PeriphResetCmd
    stm32f10x_can.o(i.CAN_GetITStatus) refers to stm32f10x_can.o(i.CheckITStatus) for CheckITStatus
    stm32f10x_cec.o(i.CEC_DeInit) refers to stm32f10x_rcc.o(i.RCC_APB1PeriphResetCmd) for RCC_APB1PeriphResetCmd
    stm32f10x_dac.o(i.DAC_DeInit) refers to stm32f10x_rcc.o(i.RCC_APB1PeriphResetCmd) for RCC_APB1PeriphResetCmd
    stm32f10x_flash.o(i.FLASH_EnableWriteProtection) refers to stm32f10x_flash.o(i.FLASH_WaitForLastOperation) for FLASH_WaitForLastOperation
    stm32f10x_flash.o(i.FLASH_EraseAllBank1Pages) refers to stm32f10x_flash.o(i.FLASH_WaitForLastBank1Operation) for FLASH_WaitForLastBank1Operation
    stm32f10x_flash.o(i.FLASH_EraseAllPages) refers to stm32f10x_flash.o(i.FLASH_WaitForLastOperation) for FLASH_WaitForLastOperation
    stm32f10x_flash.o(i.FLASH_EraseOptionBytes) refers to stm32f10x_flash.o(i.FLASH_GetReadOutProtectionStatus) for FLASH_GetReadOutProtectionStatus
    stm32f10x_flash.o(i.FLASH_EraseOptionBytes) refers to stm32f10x_flash.o(i.FLASH_WaitForLastOperation) for FLASH_WaitForLastOperation
    stm32f10x_flash.o(i.FLASH_ErasePage) refers to stm32f10x_flash.o(i.FLASH_WaitForLastOperation) for FLASH_WaitForLastOperation
    stm32f10x_flash.o(i.FLASH_ProgramHalfWord) refers to stm32f10x_flash.o(i.FLASH_WaitForLastOperation) for FLASH_WaitForLastOperation
    stm32f10x_flash.o(i.FLASH_ProgramOptionByteData) refers to stm32f10x_flash.o(i.FLASH_WaitForLastOperation) for FLASH_WaitForLastOperation
    stm32f10x_flash.o(i.FLASH_ProgramWord) refers to stm32f10x_flash.o(i.FLASH_WaitForLastOperation) for FLASH_WaitForLastOperation
    stm32f10x_flash.o(i.FLASH_ReadOutProtection) refers to stm32f10x_flash.o(i.FLASH_WaitForLastOperation) for FLASH_WaitForLastOperation
    stm32f10x_flash.o(i.FLASH_UserOptionByteConfig) refers to stm32f10x_flash.o(i.FLASH_WaitForLastOperation) for FLASH_WaitForLastOperation
    stm32f10x_flash.o(i.FLASH_WaitForLastBank1Operation) refers to stm32f10x_flash.o(i.FLASH_GetBank1Status) for FLASH_GetBank1Status
    stm32f10x_flash.o(i.FLASH_WaitForLastOperation) refers to stm32f10x_flash.o(i.FLASH_GetBank1Status) for FLASH_GetBank1Status
    stm32f10x_gpio.o(i.GPIO_AFIODeInit) refers to stm32f10x_rcc.o(i.RCC_APB2PeriphResetCmd) for RCC_APB2PeriphResetCmd
    stm32f10x_gpio.o(i.GPIO_DeInit) refers to stm32f10x_rcc.o(i.RCC_APB2PeriphResetCmd) for RCC_APB2PeriphResetCmd
    stm32f10x_i2c.o(i.I2C_DeInit) refers to stm32f10x_rcc.o(i.RCC_APB1PeriphResetCmd) for RCC_APB1PeriphResetCmd
    stm32f10x_i2c.o(i.I2C_Init) refers to stm32f10x_rcc.o(i.RCC_GetClocksFreq) for RCC_GetClocksFreq
    stm32f10x_pwr.o(i.PWR_DeInit) refers to stm32f10x_rcc.o(i.RCC_APB1PeriphResetCmd) for RCC_APB1PeriphResetCmd
    stm32f10x_rcc.o(i.RCC_GetClocksFreq) refers to stm32f10x_rcc.o(.data) for APBAHBPrescTable
    stm32f10x_rcc.o(i.RCC_WaitForHSEStartUp) refers to stm32f10x_rcc.o(i.RCC_GetFlagStatus) for RCC_GetFlagStatus
    stm32f10x_rtc.o(i.RTC_SetAlarm) refers to stm32f10x_rtc.o(i.RTC_EnterConfigMode) for RTC_EnterConfigMode
    stm32f10x_rtc.o(i.RTC_SetAlarm) refers to stm32f10x_rtc.o(i.RTC_ExitConfigMode) for RTC_ExitConfigMode
    stm32f10x_rtc.o(i.RTC_SetCounter) refers to stm32f10x_rtc.o(i.RTC_EnterConfigMode) for RTC_EnterConfigMode
    stm32f10x_rtc.o(i.RTC_SetCounter) refers to stm32f10x_rtc.o(i.RTC_ExitConfigMode) for RTC_ExitConfigMode
    stm32f10x_rtc.o(i.RTC_SetPrescaler) refers to stm32f10x_rtc.o(i.RTC_EnterConfigMode) for RTC_EnterConfigMode
    stm32f10x_rtc.o(i.RTC_SetPrescaler) refers to stm32f10x_rtc.o(i.RTC_ExitConfigMode) for RTC_ExitConfigMode
    stm32f10x_spi.o(i.I2S_Init) refers to stm32f10x_rcc.o(i.RCC_GetClocksFreq) for RCC_GetClocksFreq
    stm32f10x_spi.o(i.SPI_I2S_DeInit) refers to stm32f10x_rcc.o(i.RCC_APB2PeriphResetCmd) for RCC_APB2PeriphResetCmd
    stm32f10x_spi.o(i.SPI_I2S_DeInit) refers to stm32f10x_rcc.o(i.RCC_APB1PeriphResetCmd) for RCC_APB1PeriphResetCmd
    stm32f10x_tim.o(i.TIM_DeInit) refers to stm32f10x_rcc.o(i.RCC_APB2PeriphResetCmd) for RCC_APB2PeriphResetCmd
    stm32f10x_tim.o(i.TIM_DeInit) refers to stm32f10x_rcc.o(i.RCC_APB1PeriphResetCmd) for RCC_APB1PeriphResetCmd
[...]
    .text                                    0x08000a64   Section       48  cdcmple.o(.text)
    .text                                    0x08000a94   Section       48  cdrcmple.o(.text)
    .text                                    0x08000ac4   Section       36  init.o(.text)
    .text                                    0x08000ae8   Section        0  llushr.o(.text)
    .text                                    0x08000ae8   Section        0  semi.o(.text)
    .text                                    0x08000b08   Section        0  dsqrt.o(.text)
    .text                                    0x08000b08   Section        0  iusesemip.o(.text)
    .text                                    0x08000baa   Section        0  __dczerorl2.o(.text)
    i.BusFault_Handler                       0x08000c00   Section        0  stm32f10x_it.o(i.BusFault_Handler)
    i.DebugMon_Handler                       0x08000c04   Section        0  stm32f10x_it.o(i.DebugMon_Handler)
    i.Delay_ms                               0x08000c08   Section        0  bsp_systick.o(i.Delay_ms)
    i.GPIO_Init                              0x08000c54   Section        0  stm32f10x_gpio.o(i.GPIO_Init)
    i.GPIO_OLED_InitConfig                   0x08000d6c   Section        0  oled.o(i.GPIO_OLED_InitConfig)
    i.GPIO_PinRemapConfig                    0x08000ec0   Section        0  stm32f10x_gpio.o(i.GPIO_PinRemapConfig)
    i.GPIO_ReadInputDataBit                  0x08000f50   Section        0  stm32f10x_gpio.o(i.GPIO_ReadInputDataBit)
    i.GPIO_ResetBits                         0x08000f62   Section        0  stm32f10x_gpio.o(i.GPIO_ResetBits)
    i.GPIO_SetBits                           0x08000f66   Section        0  stm32f10x_gpio.o(i.GPIO_SetBits)
    i.HC05_GPIO_Config                       0x08000f6c   Section        0  hc05.o(i.HC05_GPIO_Config)
    i.HC05_Init                              0x08000fb0   Section        0  hc05.o(i.HC05_Init)
    i.HC05_SendString                        0x08001024   Section        0  hc05.o(i.HC05_SendString)
    i.HC05_Send_CMD                          0x08001044   Section        0  hc05.o(i.HC05_Send_CMD)
    i.HardFault_Handler                      0x08001120   Section        0  stm32f10x_it.o(i.HardFault_Handler)
    i.Key_GPIO_Config                        0x08001124   Section        0  bsp_key.o(i.Key_GPIO_Config)
    i.LED_GPIO_Config                        0x08001158   Section        0  bsp_led.o(i.LED_GPIO_Config)
    i.MPU6050ReadAcc                         0x080011b0   Section        0  mpu6050.o(i.MPU6050ReadAcc)
    i.MPU6050ReadGyro                        0x080011f0   Section        0  mpu6050.o(i.MPU6050ReadGyro)
    i.MPU6050_Init                           0x08001230   Section        0  mpu6050.o(i.MPU6050_Init)
    i.MPU6050_ReadData                       0x08001278   Section        0  mpu6050.o(i.MPU6050_ReadData)
    i.MPU6050_ReturnTemp                     0x080012d0   Section        0  mpu6050.o(i.MPU6050_ReturnTemp)
    i.MPU6050_WriteReg                       0x08001324   Section        0  mpu6050.o(i.MPU6050_WriteReg)
    i.MPU_Read_Len                           0x08001352   Section        0  mpu6050.o(i.MPU_Read_Len)
    i.MPU_Write_Len                          0x080013c6   Section        0  mpu6050.o(i.MPU_Write_Len)
    i.MemManage_Handler                      0x08001426   Section        0  stm32f10x_it.o(i.MemManage_Handler)
    i.NMI_Handler                            0x0800142a   Section        0  stm32f10x_it.o(i.NMI_Handler)
    i.NVIC_Init                              0x0800142c   Section        0  misc.o(i.NVIC_Init)
    i.NVIC_InitConfig                        0x0800149c   Section        0  usart_blt.o(i.NVIC_InitConfig)
    NVIC_InitConfig                          0x0800149d   Thumb Code    38  usart_blt.o(i.NVIC_InitConfig)
    i.NVIC_PriorityGroupConfig               0x080014c4   Section        0  misc.o(i.NVIC_PriorityGroupConfig)
    i.OLED_Clear                             0x080014d8   Section        0  oled.o(i.OLED_Clear)
    i.OLED_DrawBMP                           0x08001518   Section        0  oled.o(i.OLED_DrawBMP)
    i.OLED_Set_Pos                           0x0800158e   Section        0  oled.o(i.OLED_Set_Pos)
    i.OLED_ShowCHinese                       0x080015bc   Section        0  oled.o(i.OLED_ShowCHinese)
    i.OLED_ShowChar                          0x08001624   Section        0  oled.o(i.OLED_ShowChar)
    i.OLED_ShowString                        0x08001694   Section        0  oled.o(i.OLED_ShowString)
    i.OLED_WR_Byte                           0x080016cc   Section        0  oled.o(i.OLED_WR_Byte)
    i.PendSV_Handler                         0x0800173c   Section        0  stm32f10x_it.o(i.PendSV_Handler)
    i.RCC_APB1PeriphClockCmd                 0x08001740   Section        0  stm32f10x_rcc.o(i.RCC_APB1PeriphClockCmd)
    i.RCC_APB2PeriphClockCmd                 0x08001760   Section        0  stm32f10x_rcc.o(i.RCC_APB2PeriphClockCmd)
    i.RCC_GetClocksFreq                      0x08001780   Section        0  stm32f10x_rcc.o(i.RCC_GetClocksFreq)
    i.SVC_Handler                            0x08001854   Section        0  stm32f10x_it.o(i.SVC_Handler)
    i.SetSysClock                            0x08001856   Section        0  system_stm32f10x.o(i.SetSysClock)
    SetSysClock                              0x08001857   Thumb Code     8  system_stm32f10x.o(i.SetSysClock)
    i.SetSysClockTo72                        0x08001860   Section        0  system_stm32f10x.o(i.SetSysClockTo72)
    SetSysClockTo72                          0x08001861   Thumb Code   214  system_stm32f10x.o(i.SetSysClockTo72)
    i.SysTick_CLKSourceConfig                0x08001940   Section        0  misc.o(i.SysTick_CLKSourceConfig)
    i.SysTick_Handler                        0x08001968   Section        0  stm32f10x_it.o(i.SysTick_Handler)
    i.SystemInit                             0x0800199c   Section        0  system_stm32f10x.o(i.SystemInit)
    i.Systick_InitConfig                     0x080019fc   Section        0  bsp_systick.o(i.Systick_InitConfig)
    i.TIM3_IRQHandler                        0x08001a30   Section        0  time.o(i.TIM3_IRQHandler)
    i.TIM3_Init                              0x08001a84   Section        0  time.o(i.TIM3_Init)
    i.TIM_ClearITPendingBit                  0x08001ae4   Section        0  stm32f10x_tim.o(i.TIM_ClearITPendingBit)
    i.TIM_Cmd                                0x08001aea   Section        0  stm32f10x_tim.o(i.TIM_Cmd)
    i.TIM_GetITStatus                        0x08001b02   Section        0  stm32f10x_tim.o(i.TIM_GetITStatus)
    i.TIM_ITConfig                           0x08001b24   Section        0  stm32f10x_tim.o(i.TIM_ITConfig)
    i.TIM_TimeBaseInit                       0x08001b38   Section        0  stm32f10x_tim.o(i.TIM_TimeBaseInit)
    i.TimeStamp_Increment                    0x08001bdc   Section        0  bsp_systick.o(i.TimeStamp_Increment)
    i.TimingDelay_Decrement                  0x08001bec   Section        0  bsp_systick.o(i.TimingDelay_Decrement)
    i.USART2_IRQHandler                      0x08001c04   Section        0  stm32f10x_it.o(i.USART2_IRQHandler)
    i.USART_ClearFlag                        0x08001c1c   Section        0  stm32f10x_usart.o(i.USART_ClearFlag)
    i.USART_ClearITPendingBit                0x08001c2e   Section        0  stm32f10x_usart.o(i.USART_ClearITPendingBit)
    i.USART_Cmd                              0x08001c4c   Section        0  stm32f10x_usart.o(i.USART_Cmd)
    i.USART_GetFlagStatus                    0x08001c64   Section        0  stm32f10x_usart.o(i.USART_GetFlagStatus)
    i.USART_GetITStatus                      0x08001c7e   Section        0  stm32f10x_usart.o(i.USART_GetITStatus)
    i.USART_ITConfig                         0x08001cd2   Section        0  stm32f10x_usart.o(i.USART_ITConfig)
    i.USART_Init                             0x08001d1c   Section        0  stm32f10x_usart.o(i.USART_Init)
    i.USART_ReceiveData                      0x08001df4   Section        0  stm32f10x_usart.o(i.USART_ReceiveData)
    i.USART_SendData                         0x08001dfe   Section        0  stm32f10x_usart.o(i.USART_SendData)
    i.Uart_Process                           0x08001e08   Section        0  usart_blt.o(i.Uart_Process)
    i.UsageFault_Handler                     0x08001e58   Section        0  stm32f10x_it.o(i.UsageFault_Handler)
    i.Usart_InitConfig                       0x08001e5c   Section        0  usart_blt.o(i.Usart_InitConfig)
    i.Usart_SendByte                         0x08001ef0   Section        0  usart_blt.o(i.Usart_SendByte)
    Usart_SendByte                           0x08001ef1   Thumb Code    30  usart_blt.o(i.Usart_SendByte)
    i.Usart_SendString                       0x08001f0e   Section        0  usart_blt.o(i.Usart_SendString)
    i.__0printf                              0x08001f2c   Section        0  printfa.o(i.__0printf)
    i.__0sprintf                             0x08001f4c   Section        0  printfa.o(i.__0sprintf)
    i.__ARM_fpclassify                       0x08001f74   Section        0  fpclassify.o(i.__ARM_fpclassify)
    i.__kernel_poly                          0x08001f9c   Section        0  poly.o(i.__kernel_poly)
    i.__mathlib_dbl_infnan                   0x08002046   Section        0  dunder.o(i.__mathlib_dbl_infnan)
    i.__mathlib_dbl_infnan2                  0x0800204c   Section        0  dunder.o(i.__mathlib_dbl_infnan2)
    i.__mathlib_dbl_invalid                  0x08002050   Section        0  dunder.o(i.__mathlib_dbl_invalid)
    i.__mathlib_dbl_underflow                0x0800205c   Section        0  dunder.o(i.__mathlib_dbl_underflow)
    i.__scatterload_copy                     0x0800206c   Section       14  handlers.o(i.__scatterload_copy)
    i.__scatterload_null                     0x0800207a   Section        2  handlers.o(i.__scatterload_null)
    i.__scatterload_zeroinit                 0x0800207c   Section       14  handlers.o(i.__scatterload_zeroinit)
    i.__set_errno                            0x0800208c   Section        0  errno.o(i.__set_errno)
    i._fp_digits                             0x08002098   Section        0  printfa.o(i._fp_digits)
    _fp_digits                               0x08002099   Thumb Code   366  printfa.o(i._fp_digits)
    i._printf_core                           0x0800221c   Section        0  printfa.o(i._printf_core)
    _printf_core                             0x0800221d   Thumb Code  1704  printfa.o(i._printf_core)
    i._printf_post_padding                   0x080028d0   Section        0  printfa.o(i._printf_post_padding)
    _printf_post_padding                     0x080028d1   Thumb Code    36  printfa.o(i._printf_post_padding)
    i._printf_pre_padding                    0x080028f4   Section        0  printfa.o(i._printf_pre_padding)
    _printf_pre_padding                      0x080028f5   Thumb Code    46  printfa.o(i._printf_pre_padding)
    i._sputc                                 0x08002922   Section        0  printfa.o(i._sputc)
    _sputc                                   0x08002923   Thumb Code    10  printfa.o(i._sputc)
    i.accel_self_test                        0x0800292c   Section        0  inv_mpu.o(i.accel_self_test)
    accel_self_test                          0x0800292d   Thumb Code   164  inv_mpu.o(i.accel_self_test)
    i.asin                                   0x080029d4   Section        0  asin.o(i.asin)
    i.atan                                   0x08002c44   Section        0  atan.o(i.atan)
    i.atan2                                  0x08002e64   Section        0  atan2.o(i.atan2)
    i.buff_clear                             0x08003000   Section        0  usart_blt.o(i.buff_clear)
    i.decode_gesture                         0x08003028   Section        0  inv_mpu_dmp_motion_driver.o(i.decode_gesture)
    decode_gesture                           0x08003029   Thumb Code    94  inv_mpu_dmp_motion_driver.o(i.decode_gesture)
    i.dmp_enable_6x_lp_quat                  0x0800308c   Section        0  inv_mpu_dmp_motion_driver.o(i.dmp_enable_6x_lp_quat)
    i.dmp_enable_feature                     0x080030c8   Section        0  inv_mpu_dmp_motion_driver.o(i.dmp_enable_feature)
    i.dmp_enable_gyro_cal                    0x080032e4   Section        0  inv_mpu_dmp_motion_driver.o(i.dmp_enable_gyro_cal)
    i.dmp_enable_lp_quat                     0x0800333c   Section        0  inv_mpu_dmp_motion_driver.o(i.dmp_enable_lp_quat)
    i.dmp_load_motion_driver_firmware        0x08003378   Section        0  inv_mpu_dmp_motion_driver.o(i.dmp_load_motion_driver_firmware)
    i.dmp_read_fifo                          0x08003390   Section        0  inv_mpu_dmp_motion_driver.o(i.dmp_read_fifo)
    i.dmp_set_accel_bias                     0x0800355c   Section        0  inv_mpu_dmp_motion_driver.o(i.dmp_set_accel_bias)
    i.dmp_set_fifo_rate                      0x0800368c   Section        0  inv_mpu_dmp_motion_driver.o(i.dmp_set_fifo_rate)
    i.dmp_set_gyro_bias                      0x080036fc   Section        0  inv_mpu_dmp_motion_driver.o(i.dmp_set_gyro_bias)
    i.dmp_set_orientation                    0x0800382c   Section        0  inv_mpu_dmp_motion_driver.o(i.dmp_set_orientation)
    i.dmp_set_shake_reject_thresh            0x08003964   Section        0  inv_mpu_dmp_motion_driver.o(i.dmp_set_shake_reject_thresh)
    i.dmp_set_shake_reject_time              0x0800399c   Section        0  inv_mpu_dmp_motion_driver.o(i.dmp_set_shake_reject_time)
    i.dmp_set_shake_reject_timeout           0x080039c2   Section        0  inv_mpu_dmp_motion_driver.o(i.dmp_set_shake_reject_timeout)
    i.dmp_set_tap_axes                       0x080039e8   Section        0  inv_mpu_dmp_motion_driver.o(i.dmp_set_tap_axes)
    i.dmp_set_tap_count                      0x08003a2e   Section        0  inv_mpu_dmp_motion_driver.o(i.dmp_set_tap_count)
    i.dmp_set_tap_thresh                     0x08003a54   Section        0  inv_mpu_dmp_motion_driver.o(i.dmp_set_tap_thresh)
    i.dmp_set_tap_time                       0x08003bf4   Section        0  inv_mpu_dmp_motion_driver.o(i.dmp_set_tap_time)
    i.dmp_set_tap_time_multi                 0x08003c1a   Section        0  inv_mpu_dmp_motion_driver.o(i.dmp_set_tap_time_multi)
    i.fputc                                  0x08003c40   Section        0  fputc.o(i.fputc)
    i.get_accel_prod_shift                   0x08003c54   Section        0  inv_mpu.o(i.get_accel_prod_shift)
    get_accel_prod_shift                     0x08003c55   Thumb Code   168  inv_mpu.o(i.get_accel_prod_shift)
    i.get_line                               0x08003d08   Section        0  hc05.o(i.get_line)
    i.get_rebuff                             0x08003d54   Section        0  usart_blt.o(i.get_rebuff)
    i.get_st_biases                          0x08003d68   Section        0  inv_mpu.o(i.get_st_biases)
    get_st_biases                            0x08003d69   Thumb Code  1128  inv_mpu.o(i.get_st_biases)
    i.gyro_self_test                         0x080041d4   Section        0  inv_mpu.o(i.gyro_self_test)
    gyro_self_test                           0x080041d5   Thumb Code   256  inv_mpu.o(i.gyro_self_test)
    i.i2c_Ack                                0x080042e4   Section        0  bsp_i2c.o(i.i2c_Ack)
    i.i2c_Delay                              0x08004314   Section        0  bsp_i2c.o(i.i2c_Delay)
    i2c_Delay                                0x08004315   Thumb Code    14  bsp_i2c.o(i.i2c_Delay)
    i.i2c_GPIO_Config                        0x08004324   Section        0  bsp_i2c.o(i.i2c_GPIO_Config)
    i.i2c_NAck                               0x08004354   Section        0  bsp_i2c.o(i.i2c_NAck)
    i.i2c_ReadByte                           0x0800437c   Section        0  bsp_i2c.o(i.i2c_ReadByte)
    i.i2c_SendByte                           0x080043cc   Section        0  bsp_i2c.o(i.i2c_SendByte)
    i.i2c_Start                              0x08004420   Section        0  bsp_i2c.o(i.i2c_Start)
    i.i2c_Stop                               0x08004450   Section        0  bsp_i2c.o(i.i2c_Stop)
    i.i2c_WaitAck                            0x08004470   Section        0  bsp_i2c.o(i.i2c_WaitAck)
    i.inv_orientation_matrix_to_scalar       0x080044ac   Section        0  inv_mpu.o(i.inv_orientation_matrix_to_scalar)
    i.inv_row_2_scale                        0x080044d4   Section        0  inv_mpu.o(i.inv_row_2_scale)
    i.main                                   0x08004524   Section        0  main.o(i.main)
    i.mget_ms                                0x08004c10   Section        0  inv_mpu.o(i.mget_ms)
    i.mpu_configure_fifo                     0x08004c14   Section        0  inv_mpu.o(i.mpu_configure_fifo)
    i.mpu_dmp_get_data                       0x08004c84   Section        0  inv_mpu.o(i.mpu_dmp_get_data)
    i.mpu_dmp_init                           0x08004ea8   Section        0  inv_mpu.o(i.mpu_dmp_init)
    i.mpu_get_accel_fsr                      0x08004f48   Section        0  inv_mpu.o(i.mpu_get_accel_fsr)
    i.mpu_get_accel_sens                     0x08004f94   Section        0  inv_mpu.o(i.mpu_get_accel_sens)
    i.mpu_get_fifo_config                    0x08004fe8   Section        0  inv_mpu.o(i.mpu_get_fifo_config)
    i.mpu_get_gyro_fsr                       0x08004ff8   Section        0  inv_mpu.o(i.mpu_get_gyro_fsr)
    i.mpu_get_gyro_sens                      0x0800503c   Section        0  inv_mpu.o(i.mpu_get_gyro_sens)
    i.mpu_get_lpf                            0x0800508c   Section        0  inv_mpu.o(i.mpu_get_lpf)
    i.mpu_get_sample_rate                    0x080050dc   Section        0  inv_mpu.o(i.mpu_get_sample_rate)
    i.mpu_init                               0x080050fc   Section        0  inv_mpu.o(i.mpu_init)
    i.mpu_load_firmware                      0x080052ec   Section        0  inv_mpu.o(i.mpu_load_firmware)
    i.mpu_lp_accel_mode                      0x080053a4   Section        0  inv_mpu.o(i.mpu_lp_accel_mode)
    i.mpu_read_fifo_stream                   0x08005484   Section        0  inv_mpu.o(i.mpu_read_fifo_stream)
    i.mpu_read_mem                           0x08005544   Section        0  inv_mpu.o(i.mpu_read_mem)
    i.mpu_reset_fifo                         0x080055c4   Section        0  inv_mpu.o(i.mpu_reset_fifo)
    i.mpu_run_self_test                      0x0800578c   Section        0  inv_mpu.o(i.mpu_run_self_test)
    i.mpu_set_accel_fsr                      0x080058a8   Section        0  inv_mpu.o(i.mpu_set_accel_fsr)
    i.mpu_set_bypass                         0x0800592c   Section        0  inv_mpu.o(i.mpu_set_bypass)
    i.mpu_set_dmp_state                      0x08005a78   Section        0  inv_mpu.o(i.mpu_set_dmp_state)
    i.mpu_set_gyro_fsr                       0x08005b08   Section        0  inv_mpu.o(i.mpu_set_gyro_fsr)
    i.mpu_set_int_latched                    0x08005b90   Section        0  inv_mpu.o(i.mpu_set_int_latched)
    i.mpu_set_lpf                            0x08005bfc   Section        0  inv_mpu.o(i.mpu_set_lpf)
    i.mpu_set_sample_rate                    0x08005c80   Section        0  inv_mpu.o(i.mpu_set_sample_rate)
    i.mpu_set_sensors                        0x08005d1c   Section        0  inv_mpu.o(i.mpu_set_sensors)
    i.mpu_write_mem                          0x08005dec   Section        0  inv_mpu.o(i.mpu_write_mem)
    i.run_self_test                          0x08005e6c   Section        0  inv_mpu.o(i.run_self_test)
    i.set_int_enable                         0x08005f00   Section        0  inv_mpu.o(i.set_int_enable)
    set_int_enable                           0x08005f01   Thumb Code   138  inv_mpu.o(i.set_int_enable)
    i.sqrt                                   0x08005f90   Section        0  sqrt.o(i.sqrt)
    .constdata                               0x08005fdc   Section     2072  oled.o(.constdata)
    .constdata                               0x080067f4   Section       80  inv_mpu.o(.constdata)
    .constdata                               0x08006844   Section     3062  inv_mpu_dmp_motion_driver.o(.constdata)
    dmp_memory                               0x08006844   Data        3062  inv_mpu_dmp_motion_driver.o(.constdata)
    .constdata                               0x08007440   Section       80  asin.o(.constdata)
    pS                                       0x08007440   Data          48  asin.o(.constdata)
    qS                                       0x08007470   Data          32  asin.o(.constdata)
    .constdata                               0x08007490   Section      152  atan.o(.constdata)
    atanhi                                   0x08007490   Data          32  atan.o(.constdata)
    atanlo                                   0x080074b0   Data          32  atan.o(.constdata)
    aTodd                                    0x080074d0   Data          40  atan.o(.constdata)
    aTeven                                   0x080074f8   Data          48  atan.o(.constdata)
    .constdata                               0x08007528   Section        8  qnan.o(.constdata)
    .conststring                             0x08007530   Section       77  inv_mpu.o(.conststring)
    .data                                    0x20000000   Section       20  stm32f10x_rcc.o(.data)
    APBAHBPrescTable                         0x20000000   Data          16  stm32f10x_rcc.o(.data)
    ADCPrescTable                            0x20000010   Data           4  stm32f10x_rcc.o(.data)
    .data                                    0x20000018   Section     1096  main.o(.data)
    .data                                    0x20000460   Section       12  bsp_systick.o(.data)
    fac_us                                   0x20000460   Data           1  bsp_systick.o(.data)
    fac_ms                                   0x20000462   Data           2  bsp_systick.o(.data)
    TimingDelay                              0x20000464   Data           4  bsp_systick.o(.data)
    .data                                    0x2000046c   Section      896  oled.o(.data)
    .data                                    0x200007ec   Section        2  usart_blt.o(.data)
    .data                                    0x200007f0   Section       53  inv_mpu.o(.data)
    st                                       0x200007f0   Data          44  inv_mpu.o(.data)
    gyro_orientation                         0x2000081c   Data           9  inv_mpu.o(.data)
    .data                                    0x20000828   Section        4  stdout.o(.data)
    .data                                    0x2000082c   Section        4  errno.o(.data)
    _errno                                   0x2000082c   Data           4  errno.o(.data)
    .bss                                     0x20000830   Section     2156  main.o(.bss)
    .bss                                     0x2000109c   Section     1024  usart_blt.o(.bss)
    .bss                                     0x2000149c   Section       16  inv_mpu_dmp_motion_driver.o(.bss)
    dmp                                      0x2000149c   Data          16  inv_mpu_dmp_motion_driver.o(.bss)
    STACK                                    0x200014b0   Section     4096  startup_stm32f10x_hd.o(STACK)

    Global Symbols

    Symbol Name                              Value     Ov Type        Size  Object(Section)

    BuildAttributes$$THM_ISAv4$P$D$K$B$S$PE$A:L22UL41UL21$X:L11$S22US41US21$IEEE1$IW$USESV6$~STKCKD$USESV7$~SHL$OTIME$ROPI$IEEEX$EBA8$MICROLIB$REQ8$PRES8$EABIv2 0x00000000   Number         0  anon$$obj.o ABSOLUTE
    __ARM_use_no_argv                        0x00000000   Number         0  main.o ABSOLUTE
    _printf_a                                0x00000000   Number         0  stubs.o ABSOLUTE
    _printf_c                                0x00000000   Number         0  stubs.o ABSOLUTE
    _printf_charcount                        0x00000000   Number         0  stubs.o ABSOLUTE
    _printf_d                                0x00000000   Number         0  stubs.o ABSOLUTE
    _printf_e                                0x00000000   Number         0  stubs.o ABSOLUTE
    _printf_f                                0x00000000   Number         0  stubs.o ABSOLUTE
    _printf_flags                            0x00000000   Number         0  stubs.o ABSOLUTE
    _printf_fp_dec                           0x00000000   Number         0  stubs.o ABSOLUTE
    _printf_fp_hex                           0x00000000   Number         0  stubs.o ABSOLUTE
    _printf_g                                0x00000000   Number         0  stubs.o ABSOLUTE
    _printf_i                                0x00000000   Number         0  stubs.o ABSOLUTE
    _printf_int_dec                          0x00000000   Number         0  stubs.o ABSOLUTE
    _printf_l                                0x00000000   Number         0  stubs.o ABSOLUTE
    _printf_lc                               0x00000000   Number         0  stubs.o ABSOLUTE
    _printf_ll                               0x00000000   Number         0  stubs.o ABSOLUTE
    _printf_lld                              0x00000000   Number         0  stubs.o ABSOLUTE
    _printf_lli                              0x00000000   Number         0  stubs.o ABSOLUTE
    _printf_llo                              0x00000000   Number         0  stubs.o ABSOLUTE
    _printf_llu                              0x00000000   Number         0  stubs.o ABSOLUTE
    _printf_llx                              0x00000000   Number         0  stubs.o ABSOLUTE
    _printf_longlong_dec                     0x00000000   Number         0  stubs.o ABSOLUTE
    _printf_longlong_hex                     0x00000000   Number         0  stubs.o ABSOLUTE
    _printf_longlong_oct                     0x00000000   Number         0  stubs.o ABSOLUTE
    _printf_ls                               0x00000000   Number         0  stubs.o ABSOLUTE
    _printf_mbtowc                           0x00000000   Number         0  stubs.o ABSOLUTE
    _printf_n                                0x00000000   Number         0  stubs.o ABSOLUTE
    _printf_o                                0x00000000   Number         0  stubs.o ABSOLUTE
    _printf_p                                0x00000000   Number         0  stubs.o ABSOLUTE
    _printf_percent                          0x00000000   Number         0  stubs.o ABSOLUTE
    _printf_pre_padding                      0x00000000   Number         0  stubs.o ABSOLUTE
    _printf_return_value                     0x00000000   Number         0  stubs.o ABSOLUTE
    _printf_s                                0x00000000   Number         0  stubs.o ABSOLUTE
    _printf_sizespec                         0x00000000   Number         0  stubs.o ABSOLUTE
    _printf_str                              0x00000000   Number         0  stubs.o ABSOLUTE
    _printf_truncate_signed                  0x00000000   Number         0  stubs.o ABSOLUTE
    _printf_truncate_unsigned                0x00000000   Number         0  stubs.o ABSOLUTE
    _printf_u                                0x00000000   Number         0  stubs.o ABSOLUTE
    _printf_wc                               0x00000000   Number         0  stubs.o ABSOLUTE
    _printf_wctomb                           0x00000000   Number         0  stubs.o ABSOLUTE
    _printf_widthprec                        0x00000000   Number         0  stubs.o ABSOLUTE
    _printf_x                                0x00000000   Number         0  stubs.o ABSOLUTE
    __arm_fini_                               - Undefined Weak Reference
    __cpp_initialize__aeabi_                  - Undefined Weak Reference
    __cxa_finalize                            - Undefined Weak Reference
    _clock_init                               - Undefined Weak Reference
    _microlib_exit                            - Undefined Weak Reference
    __Vectors_Size                           0x00000130   Number         0  startup_stm32f10x_hd.o ABSOLUTE
    __Vectors                                0x08000000   Data           4  startup_stm32f10x_hd.o(RESET)
    __Vectors_End                            0x08000130   Data           0  startup_stm32f10x_hd.o(RESET)
    __main                                   0x08000131   Thumb Code     0  entry.o(.ARM.Collect$$$$00000000)
    _main_stk                                0x08000131   Thumb Code     0  entry2.o(.ARM.Collect$$$$00000001)
    _main_scatterload                        0x08000135   Thumb Code     0  entry5.o(.ARM.Collect$$$$00000004)
    __main_after_scatterload                 0x08000139   Thumb Code     0  entry5.o(.ARM.Collect$$$$00000004)
    _main_clock                              0x08000139   Thumb Code     0  entry7b.o(.ARM.Collect$$$$00000008)
    _main_cpp_init                           0x08000139   Thumb Code     0  entry8b.o(.ARM.Collect$$$$0000000A)
    _main_init                               0x08000139   Thumb Code     0  entry9a.o(.ARM.Collect$$$$0000000B)
    __rt_lib_shutdown_fini                   0x08000141   Thumb Code     0  entry12b.o(.ARM.Collect$$$$0000000E)
    __rt_final_cpp                           0x08000145   Thumb Code     0  entry10a.o(.ARM.Collect$$$$0000000F)
    __rt_final_exit                          0x08000145   Thumb Code     0  entry11a.o(.ARM.Collect$$$$00000011)
    Reset_Handler                            0x08000149   Thumb Code     8  startup_stm32f10x_hd.o(.text)
    ADC1_2_IRQHandler                        0x08000163   Thumb Code     0  startup_stm32f10x_hd.o(.text)
    ADC3_IRQHandler                          0x08000163   Thumb Code     0  startup_stm32f10x_hd.o(.text)
    CAN1_RX1_IRQHandler                      0x08000163   Thumb Code     0  startup_stm32f10x_hd.o(.text)
    CAN1_SCE_IRQHandler                      0x08000163   Thumb Code     0  startup_stm32f10x_hd.o(.text)
    DMA1_Channel1_IRQHandler                 0x08000163   Thumb Code     0  startup_stm32f10x_hd.o(.text)
    DMA1_Channel2_IRQHandler                 0x08000163   Thumb Code     0  startup_stm32f10x_hd.o(.text)
    DMA1_Channel3_IRQHandler                 0x08000163   Thumb Code     0  startup_stm32f10x_hd.o(.text)
    DMA1_Channel4_IRQHandler                 0x08000163   Thumb Code     0  startup_stm32f10x_hd.o(.text)
    DMA1_Channel5_IRQHandler                 0x08000163   Thumb Code     0  startup_stm32f10x_hd.o(.text)
    DMA1_Channel6_IRQHandler                 0x08000163   Thumb Code     0  startup_stm32f10x_hd.o(.text)
    DMA1_Channel7_IRQHandler                 0x08000163   Thumb Code     0  startup_stm32f10x_hd.o(.text)
    DMA2_Channel1_IRQHandler                 0x08000163   Thumb Code     0  startup_stm32f10x_hd.o(.text)
    DMA2_Channel2_IRQHandler                 0x08000163   Thumb Code     0  startup_stm32f10x_hd.o(.text)
    DMA2_Channel3_IRQHandler                 0x08000163   Thumb Code     0  startup_stm32f10x_hd.o(.text)
    DMA2_Channel4_5_IRQHandler               0x08000163   Thumb Code     0  startup_stm32f10x_hd.o(.text)
    EXTI0_IRQHandler                         0x08000163   Thumb Code     0  startup_stm32f10x_hd.o(.text)
    EXTI15_10_IRQHandler                     0x08000163   Thumb Code     0  startup_stm32f10x_hd.o(.text)
    EXTI1_IRQHandler                         0x08000163   Thumb Code     0  startup_stm32f10x_hd.o(.text)
    EXTI2_IRQHandler                         0x08000163   Thumb Code     0  startup_stm32f10x_hd.o(.text)
    EXTI3_IRQHandler                         0x08000163   Thumb Code     0  startup_stm32f10x_hd.o(.text)
    EXTI4_IRQHandler                         0x08000163   Thumb Code     0  startup_stm32f10x_hd.o(.text)
    EXTI9_5_IRQHandler                       0x08000163   Thumb Code     0  startup_stm32f10x_hd.o(.text)
    FLASH_IRQHandler                         0x08000163   Thumb Code     0  startup_stm32f10x_hd.o(.text)
    FSMC_IRQHandler                          0x08000163   Thumb Code     0  startup_stm32f10x_hd.o(.text)
    I2C1_ER_IRQHandler                       0x08000163   Thumb Code     0  startup_stm32f10x_hd.o(.text)
    I2C1_EV_IRQHandler                       0x08000163   Thumb Code     0  startup_stm32f10x_hd.o(.text)
    I2C2_ER_IRQHandler                       0x08000163   Thumb Code     0  startup_stm32f10x_hd.o(.text)
    I2C2_EV_IRQHandler                       0x08000163   Thumb Code     0  startup_stm32f10x_hd.o(.text)
    PVD_IRQHandler                           0x08000163   Thumb Code     0  startup_stm32f10x_hd.o(.text)
    RCC_IRQHandler                           0x08000163   Thumb Code     0  startup_stm32f10x_hd.o(.text)
    RTCAlarm_IRQHandler                      0x08000163   Thumb Code     0  startup_stm32f10x_hd.o(.text)
    RTC_IRQHandler                           0x08000163   Thumb Code     0  startup_stm32f10x_hd.o(.text)
    SDIO_IRQHandler                          0x08000163   Thumb Code     0  startup_stm32f10x_hd.o(.text)
    SPI1_IRQHandler                          0x08000163   Thumb Code     0  startup_stm32f10x_hd.o(.text)
    SPI2_IRQHandler                          0x08000163   Thumb Code     0  startup_stm32f10x_hd.o(.text)
    SPI3_IRQHandler                          0x08000163   Thumb Code     0  startup_stm32f10x_hd.o(.text)
    TAMPER_IRQHandler                        0x08000163   Thumb Code     0  startup_stm32f10x_hd.o(.text)
    TIM1_BRK_IRQHandler                      0x08000163   Thumb Code     0  startup_stm32f10x_hd.o(.text)
    TIM1_CC_IRQHandler                       0x08000163   Thumb Code     0  startup_stm32f10x_hd.o(.text)
    TIM1_TRG_COM_IRQHandler                  0x08000163   Thumb Code     0  startup_stm32f10x_hd.o(.text)
    TIM1_UP_IRQHandler                       0x08000163   Thumb Code     0  startup_stm32f10x_hd.o(.text)
    TIM2_IRQHandler                          0x08000163   Thumb Code     0  startup_stm32f10x_hd.o(.text)
    TIM4_IRQHandler                          0x08000163   Thumb Code     0  startup_stm32f10x_hd.o(.text)
    TIM5_IRQHandler                          0x08000163   Thumb Code     0  startup_stm32f10x_hd.o(.text)
    TIM6_IRQHandler                          0x08000163   Thumb Code     0  startup_stm32f10x_hd.o(.text)
    TIM7_IRQHandler                          0x08000163   Thumb Code     0  startup_stm32f10x_hd.o(.text)
    TIM8_BRK_IRQHandler                      0x08000163   Thumb Code     0  startup_stm32f10x_hd.o(.text)
    TIM8_CC_IRQHandler                       0x08000163   Thumb Code     0  startup_stm32f10x_hd.o(.text)
    TIM8_TRG_COM_IRQHandler                  0x08000163   Thumb Code     0  startup_stm32f10x_hd.o(.text)
    TIM8_UP_IRQHandler                       0x08000163   Thumb Code     0  startup_stm32f10x_hd.o(.text)
    UART4_IRQHandler                         0x08000163   Thumb Code     0  startup_stm32f10x_hd.o(.text)
    UART5_IRQHandler                         0x08000163   Thumb Code     0  startup_stm32f10x_hd.o(.text)
    USART1_IRQHandler                        0x08000163   Thumb Code     0  startup_stm32f10x_hd.o(.text)
    USART3_IRQHandler                        0x08000163   Thumb Code     0  startup_stm32f10x_hd.o(.text)
    USBWakeUp_IRQHandler                     0x08000163   Thumb Code     0  startup_stm32f10x_hd.o(.text)
    USB_HP_CAN1_TX_IRQHandler                0x08000163   Thumb Code     0  startup_stm32f10x_hd.o(.text)
    USB_LP_CAN1_RX0_IRQHandler               0x08000163   Thumb Code     0  startup_stm32f10x_hd.o(.text)
    WWDG_IRQHandler                          0x08000163   Thumb Code     0  startup_stm32f10x_hd.o(.text)
    __aeabi_ldivmod                          0x0800016d   Thumb Code    98  ldiv.o(.text)
    __aeabi_memset                           0x080001cf   Thumb Code    14  memseta.o(.text)
    __aeabi_memset4                          0x080001cf   Thumb Code     0  memseta.o(.text)
    __aeabi_memset8                          0x080001cf   Thumb Code     0  memseta.o(.text)
    __aeabi_memclr                           0x080001dd   Thumb Code     4  memseta.o(.text)
    __aeabi_memclr4                          0x080001dd   Thumb Code     0  memseta.o(.text)
    __aeabi_memclr8                          0x080001dd   Thumb Code     0  memseta.o(.text)
    _memset$wrapper                          0x080001e1   Thumb Code    18  memseta.o(.text)
    strstr                                   0x080001f3   Thumb Code    36  strstr.o(.text)
    strcmp                                   0x08000217   Thumb Code    28  strcmp.o(.text)
    memcmp                                   0x08000233   Thumb Code    26  memcmp.o(.text)
    __aeabi_fadd                             0x0800024d   Thumb Code   164  fadd.o(.text)
    __aeabi_fsub                             0x080002f1   Thumb Code     6  fadd.o(.text)
    __aeabi_frsub                            0x080002f7   Thumb Code     6  fadd.o(.text)
    __aeabi_fmul                             0x080002fd   Thumb Code   100  fmul.o(.text)
    __aeabi_fdiv                             0x08000361   Thumb Code   124  fdiv.o(.text)
    __aeabi_dadd                             0x080003dd   Thumb Code   322  dadd.o(.text)
    __aeabi_dsub                             0x0800051f   Thumb Code     6  dadd.o(.text)
    __aeabi_drsub                            0x08000525   Thumb Code     6  dadd.o(.text)
    __aeabi_dmul                             0x0800052b   Thumb Code   228  dmul.o(.text)
    __aeabi_ddiv                             0x0800060f   Thumb Code   222  ddiv.o(.text)
    __aeabi_i2f                              0x080006ed   Thumb Code    18  fflti.o(.text)
    __aeabi_ui2f                             0x080006ff   Thumb Code    10  ffltui.o(.text)
    __aeabi_i2d                              0x08000709   Thumb Code    34  dflti.o(.text)
    __aeabi_f2iz                             0x0800072b   Thumb Code    50  ffixi.o(.text)
    __aeabi_f2uiz                            0x0800075d   Thumb Code    40  ffixui.o(.text)
    __aeabi_f2d                              0x08000785   Thumb Code    38  f2d.o(.text)
    __aeabi_d2f                              0x080007ab   Thumb Code    56  d2f.o(.text)
    __aeabi_cfcmpeq                          0x080007e5   Thumb Code     0  cfcmple.o(.text)
    __aeabi_cfcmple                          0x080007e5   Thumb Code    20  cfcmple.o(.text)
    __aeabi_cfrcmple                         0x080007f9   Thumb Code    20  cfrcmple.o(.text)
    __aeabi_uidiv                            0x0800080d   Thumb Code     0  uidiv.o(.text)
    __aeabi_uidivmod                         0x0800080d   Thumb Code    44  uidiv.o(.text)
    __aeabi_uldivmod                         0x08000839   Thumb Code    98  uldiv.o(.text)
    __aeabi_llsl                             0x0800089b   Thumb Code    30  llshl.o(.text)
    _ll_shift_l                              0x0800089b   Thumb Code     0  llshl.o(.text)
    __aeabi_lasr                             0x080008b9   Thumb Code    36  llsshr.o(.text)
    _ll_sshift_r                             0x080008b9   Thumb Code     0  llsshr.o(.text)
    __I$use$fp                               0x080008dd   Thumb Code     0  iusefp.o(.text)
    _float_round                             0x080008dd   Thumb Code    18  fepilogue.o(.text)
    _float_epilogue                          0x080008ef   Thumb Code    92  fepilogue.o(.text)
    _double_round                            0x0800094b   Thumb Code    30  depilogue.o(.text)
    _double_epilogue                         0x08000969   Thumb Code   156  depilogue.o(.text)
    __ARM_scalbn                             0x08000a05   Thumb Code    46  dscalb.o(.text)
    scalbn                                   0x08000a05   Thumb Code     0  dscalb.o(.text)
    __aeabi_d2ulz                            0x08000a33   Thumb Code    48  dfixul.o(.text)
    __aeabi_cdcmpeq                          0x08000a65   Thumb Code     0  cdcmple.o(.text)
    __aeabi_cdcmple                          0x08000a65   Thumb Code    48  cdcmple.o(.text)
    __aeabi_cdrcmple                         0x08000a95   Thumb Code    48  cdrcmple.o(.text)
    __scatterload                            0x08000ac5   Thumb Code    28  init.o(.text)
    __scatterload_rt2                        0x08000ac5   Thumb Code     0  init.o(.text)
    __aeabi_llsr                             0x08000ae9   Thumb Code    32  llushr.o(.text)
    __semihosting_library_function           0x08000ae9   Thumb Code     0  semi.o(.text)
    _ll_ushift_r                             0x08000ae9   Thumb Code     0  llushr.o(.text)
    __I$use$semihosting$fputc                0x08000b09   Thumb Code     0  iusesemip.o(.text)
    _dsqrt                                   0x08000b09   Thumb Code   162  dsqrt.o(.text)
    __decompress                             0x08000bab   Thumb Code     0  __dczerorl2.o(.text)
    __decompress1                            0x08000bab   Thumb Code    86  __dczerorl2.o(.text)
    BusFault_Handler                         0x08000c01   Thumb Code     4  stm32f10x_it.o(i.BusFault_Handler)
    DebugMon_Handler                         0x08000c05   Thumb Code     2  stm32f10x_it.o(i.DebugMon_Handler)
    Delay_ms                                 0x08000c09   Thumb Code    72  bsp_systick.o(i.Delay_ms)
    GPIO_Init                                0x08000c55   Thumb Code   278  stm32f10x_gpio.o(i.GPIO_Init)
    GPIO_OLED_InitConfig                     0x08000d6d   Thumb Code   336  oled.o(i.GPIO_OLED_InitConfig)
    GPIO_PinRemapConfig                      0x08000ec1   Thumb Code   138  stm32f10x_gpio.o(i.GPIO_PinRemapConfig)
    GPIO_ReadInputDataBit                    0x08000f51   Thumb Code    18  stm32f10x_gpio.o(i.GPIO_ReadInputDataBit)
    GPIO_ResetBits                           0x08000f63   Thumb Code     4  stm32f10x_gpio.o(i.GPIO_ResetBits)
    GPIO_SetBits                             0x08000f67   Thumb Code     4  stm32f10x_gpio.o(i.GPIO_SetBits)
    HC05_GPIO_Config                         0x08000f6d   Thumb Code    64  hc05.o(i.HC05_GPIO_Config)
    HC05_Init                                0x08000fb1   Thumb Code   100  hc05.o(i.HC05_Init)
    HC05_SendString                          0x08001025   Thumb Code    22  hc05.o(i.HC05_SendString)
    HC05_Send_CMD                            0x08001045   Thumb Code   186  hc05.o(i.HC05_Send_CMD)
    HardFault_Handler                        0x08001121   Thumb Code     4  stm32f10x_it.o(i.HardFault_Handler)
    Key_GPIO_Config                          0x08001125   Thumb Code    46  bsp_key.o(i.Key_GPIO_Config)
    LED_GPIO_Config                          0x08001159   Thumb Code    76  bsp_led.o(i.LED_GPIO_Config)
    MPU6050ReadAcc                           0x080011b1   Thumb Code    64  mpu6050.o(i.MPU6050ReadAcc)
    MPU6050ReadGyro                          0x080011f1   Thumb Code    64  mpu6050.o(i.MPU6050ReadGyro)
    MPU6050_Init                             0x08001231   Thumb Code    72  mpu6050.o(i.MPU6050_Init)
    MPU6050_ReadData                         0x08001279   Thumb Code    88  mpu6050.o(i.MPU6050_ReadData)
    MPU6050_ReturnTemp                       0x080012d1   Thumb Code    72  mpu6050.o(i.MPU6050_ReturnTemp)
    MPU6050_WriteReg                         0x08001325   Thumb Code    46  mpu6050.o(i.MPU6050_WriteReg)
    MPU_Read_Len                             0x08001353   Thumb Code   116  mpu6050.o(i.MPU_Read_Len)
    MPU_Write_Len                            0x080013c7   Thumb Code    96  mpu6050.o(i.MPU_Write_Len)
    MemManage_Handler                        0x08001427   Thumb Code     4  stm32f10x_it.o(i.MemManage_Handler)
    NMI_Handler                              0x0800142b   Thumb Code     2  stm32f10x_it.o(i.NMI_Handler)
    NVIC_Init                                0x0800142d   Thumb Code   100  misc.o(i.NVIC_Init)
    NVIC_PriorityGroupConfig                 0x080014c5   Thumb Code    10  misc.o(i.NVIC_PriorityGroupConfig)
    OLED_Clear                               0x080014d9   Thumb Code    64  oled.o(i.OLED_Clear)
    OLED_DrawBMP                             0x08001519   Thumb Code   118  oled.o(i.OLED_DrawBMP)
    OLED_Set_Pos                             0x0800158f   Thumb Code    46  oled.o(i.OLED_Set_Pos)
    OLED_ShowCHinese                         0x080015bd   Thumb Code    98  oled.o(i.OLED_ShowCHinese)
    OLED_ShowChar                            0x08001625   Thumb Code   106  oled.o(i.OLED_ShowChar)
    OLED_ShowString                          0x08001695   Thumb Code    54  oled.o(i.OLED_ShowString)
    OLED_WR_Byte                             0x080016cd   Thumb Code   106  oled.o(i.OLED_WR_Byte)
    PendSV_Handler                           0x0800173d   Thumb Code     2  stm32f10x_it.o(i.PendSV_Handler)
    RCC_APB1PeriphClockCmd                   0x08001741   Thumb Code    26  stm32f10x_rcc.o(i.RCC_APB1PeriphClockCmd)
    RCC_APB2PeriphClockCmd                   0x08001761   Thumb Code    26  stm32f10x_rcc.o(i.RCC_APB2PeriphClockCmd)
    RCC_GetClocksFreq                        0x08001781   Thumb Code   192  stm32f10x_rcc.o(i.RCC_GetClocksFreq)
    SVC_Handler                              0x08001855   Thumb Code     2  stm32f10x_it.o(i.SVC_Handler)
    SysTick_CLKSourceConfig                  0x08001941   Thumb Code    40  misc.o(i.SysTick_CLKSourceConfig)
    SysTick_Handler                          0x08001969   Thumb Code    46  stm32f10x_it.o(i.SysTick_Handler)
    SystemInit                               0x0800199d   Thumb Code    78  system_stm32f10x.o(i.SystemInit)
    Systick_InitConfig                       0x080019fd   Thumb Code    42  bsp_systick.o(i.Systick_InitConfig)
    TIM3_IRQHandler                          0x08001a31   Thumb Code    70  time.o(i.TIM3_IRQHandler)
    TIM3_Init                                0x08001a85   Thumb Code    90  time.o(i.TIM3_Init)
    TIM_ClearITPendingBit                    0x08001ae5   Thumb Code     6  stm32f10x_tim.o(i.TIM_ClearITPendingBit)
    TIM_Cmd                                  0x08001aeb   Thumb Code    24  stm32f10x_tim.o(i.TIM_Cmd)
    TIM_GetITStatus                          0x08001b03   Thumb Code    34  stm32f10x_tim.o(i.TIM_GetITStatus)
    TIM_ITConfig                             0x08001b25   Thumb Code    18  stm32f10x_tim.o(i.TIM_ITConfig)
    TIM_TimeBaseInit                         0x08001b39   Thumb Code   122  stm32f10x_tim.o(i.TIM_TimeBaseInit)
    TimeStamp_Increment                      0x08001bdd   Thumb Code    12  bsp_systick.o(i.TimeStamp_Increment)
    TimingDelay_Decrement                    0x08001bed   Thumb Code    18  bsp_systick.o(i.TimingDelay_Decrement)
    USART2_IRQHandler                        0x08001c05   Thumb Code    20  stm32f10x_it.o(i.USART2_IRQHandler)
    USART_ClearFlag                          0x08001c1d   Thumb Code    18  stm32f10x_usart.o(i.USART_ClearFlag)
    USART_ClearITPendingBit                  0x08001c2f   Thumb Code    30  stm32f10x_usart.o(i.USART_ClearITPendingBit)
    USART_Cmd                                0x08001c4d   Thumb Code    24  stm32f10x_usart.o(i.USART_Cmd)
    USART_GetFlagStatus                      0x08001c65   Thumb Code    26  stm32f10x_usart.o(i.USART_GetFlagStatus)
    USART_GetITStatus                        0x08001c7f   Thumb Code    84  stm32f10x_usart.o(i.USART_GetITStatus)
    USART_ITConfig                           0x08001cd3   Thumb Code    74  stm32f10x_usart.o(i.USART_ITConfig)
    USART_Init                               0x08001d1d   Thumb Code   210  stm32f10x_usart.o(i.USART_Init)
    USART_ReceiveData                        0x08001df5   Thumb Code    10  stm32f10x_usart.o(i.USART_ReceiveData)
    USART_SendData                           0x08001dff   Thumb Code     8  stm32f10x_usart.o(i.USART_SendData)
    Uart_Process                             0x08001e09   Thumb Code    66  usart_blt.o(i.Uart_Process)
    UsageFault_Handler                       0x08001e59   Thumb Code     4  stm32f10x_it.o(i.UsageFault_Handler)
    Usart_InitConfig                         0x08001e5d   Thumb Code   140  usart_blt.o(i.Usart_InitConfig)
    Usart_SendString                         0x08001f0f   Thumb Code    28  usart_blt.o(i.Usart_SendString)
    __0printf                                0x08001f2d   Thumb Code    22  printfa.o(i.__0printf)
    __1printf                                0x08001f2d   Thumb Code     0  printfa.o(i.__0printf)
    __2printf                                0x08001f2d   Thumb Code     0  printfa.o(i.__0printf)
    __c89printf                              0x08001f2d   Thumb Code     0  printfa.o(i.__0printf)
    printf                                   0x08001f2d   Thumb Code     0  printfa.o(i.__0printf)
    __0sprintf                               0x08001f4d   Thumb Code    34  printfa.o(i.__0sprintf)
    __1sprintf                               0x08001f4d   Thumb Code     0  printfa.o(i.__0sprintf)
    __2sprintf                               0x08001f4d   Thumb Code     0  printfa.o(i.__0sprintf)
    __c89sprintf                             0x08001f4d   Thumb Code     0  printfa.o(i.__0sprintf)
    sprintf                                  0x08001f4d   Thumb Code     0  printfa.o(i.__0sprintf)
    __ARM_fpclassify                         0x08001f75   Thumb Code    40  fpclassify.o(i.__ARM_fpclassify)
    __kernel_poly                            0x08001f9d   Thumb Code   170  poly.o(i.__kernel_poly)
    __mathlib_dbl_infnan                     0x08002047   Thumb Code     6  dunder.o(i.__mathlib_dbl_infnan)
    __mathlib_dbl_infnan2                    0x0800204d   Thumb Code     4  dunder.o(i.__mathlib_dbl_infnan2)
    __mathlib_dbl_invalid                    0x08002051   Thumb Code    12  dunder.o(i.__mathlib_dbl_invalid)
    __mathlib_dbl_underflow                  0x0800205d   Thumb Code    10  dunder.o(i.__mathlib_dbl_underflow)
    __scatterload_copy                       0x0800206d   Thumb Code    14  handlers.o(i.__scatterload_copy)
    __scatterload_null                       0x0800207b   Thumb Code     2  handlers.o(i.__scatterload_null)
    __scatterload_zeroinit                   0x0800207d   Thumb Code    14  handlers.o(i.__scatterload_zeroinit)
    __set_errno                              0x0800208d   Thumb Code     6  errno.o(i.__set_errno)
    asin                                     0x080029d5   Thumb Code   572  asin.o(i.asin)
    atan                                     0x08002c45   Thumb Code   474  atan.o(i.atan)
    atan2                                    0x08002e65   Thumb Code   374  atan2.o(i.atan2)
    buff_clear                               0x08003001   Thumb Code    30  usart_blt.o(i.buff_clear)
    dmp_enable_6x_lp_quat                    0x0800308d   Thumb Code    60  inv_mpu_dmp_motion_driver.o(i.dmp_enable_6x_lp_quat)
    dmp_enable_feature                       0x080030c9   Thumb Code   530  inv_mpu_dmp_motion_driver.o(i.dmp_enable_feature)
    dmp_enable_gyro_cal                      0x080032e5   Thumb Code    62  inv_mpu_dmp_motion_driver.o(i.dmp_enable_gyro_cal)
    dmp_enable_lp_quat                       0x0800333d   Thumb Code    60  inv_mpu_dmp_motion_driver.o(i.dmp_enable_lp_quat)
    dmp_load_motion_driver_firmware          0x08003379   Thumb Code    20  inv_mpu_dmp_motion_driver.o(i.dmp_load_motion_driver_firmware)
    dmp_read_fifo                            0x08003391   Thumb Code   456  inv_mpu_dmp_motion_driver.o(i.dmp_read_fifo)
    dmp_set_accel_bias                       0x0800355d   Thumb Code   300  inv_mpu_dmp_motion_driver.o(i.dmp_set_accel_bias)
    dmp_set_fifo_rate                        0x0800368d   Thumb Code    96  inv_mpu_dmp_motion_driver.o(i.dmp_set_fifo_rate)
    dmp_set_gyro_bias                        0x080036fd   Thumb Code   294  inv_mpu_dmp_motion_driver.o(i.dmp_set_gyro_bias)
    dmp_set_orientation                      0x0800382d   Thumb Code   290  inv_mpu_dmp_motion_driver.o(i.dmp_set_orientation)
    dmp_set_shake_reject_thresh              0x08003965   Thumb Code    56  inv_mpu_dmp_motion_driver.o(i.dmp_set_shake_reject_thresh)
    dmp_set_shake_reject_time                0x0800399d   Thumb Code    38  inv_mpu_dmp_motion_driver.o(i.dmp_set_shake_reject_time)
    dmp_set_shake_reject_timeout             0x080039c3   Thumb Code    38  inv_mpu_dmp_motion_driver.o(i.dmp_set_shake_reject_timeout)
    dmp_set_tap_axes                         0x080039e9   Thumb Code    70  inv_mpu_dmp_motion_driver.o(i.dmp_set_tap_axes)
    dmp_set_tap_count                        0x08003a2f   Thumb Code    38  inv_mpu_dmp_motion_driver.o(i.dmp_set_tap_count)
    dmp_set_tap_thresh                       0x08003a55   Thumb Code   396  inv_mpu_dmp_motion_driver.o(i.dmp_set_tap_thresh)
    dmp_set_tap_time                         0x08003bf5   Thumb Code    38  inv_mpu_dmp_motion_driver.o(i.dmp_set_tap_time)
    dmp_set_tap_time_multi                   0x08003c1b   Thumb Code    38  inv_mpu_dmp_motion_driver.o(i.dmp_set_tap_time_multi)
    fputc                                    0x08003c41   Thumb Code    18  fputc.o(i.fputc)
    get_line                                 0x08003d09   Thumb Code    76  hc05.o(i.get_line)
    get_rebuff                               0x08003d55   Thumb Code    12  usart_blt.o(i.get_rebuff)
    i2c_Ack                                  0x080042e5   Thumb Code    44  bsp_i2c.o(i.i2c_Ack)
    i2c_GPIO_Config                          0x08004325   Thumb Code    42  bsp_i2c.o(i.i2c_GPIO_Config)
    i2c_NAck                                 0x08004355   Thumb Code    36  bsp_i2c.o(i.i2c_NAck)
    i2c_ReadByte                             0x0800437d   Thumb Code    76  bsp_i2c.o(i.i2c_ReadByte)
    i2c_SendByte                             0x080043cd   Thumb Code    80  bsp_i2c.o(i.i2c_SendByte)
    i2c_Start                                0x08004421   Thumb Code    42  bsp_i2c.o(i.i2c_Start)
    i2c_Stop                                 0x08004451   Thumb Code    28  bsp_i2c.o(i.i2c_Stop)
    i2c_WaitAck                              0x08004471   Thumb Code    56  bsp_i2c.o(i.i2c_WaitAck)
    inv_orientation_matrix_to_scalar         0x080044ad   Thumb Code    40  inv_mpu.o(i.inv_orientation_matrix_to_scalar)
    inv_row_2_scale                          0x080044d5   Thumb Code    78  inv_mpu.o(i.inv_row_2_scale)
    main                                     0x08004525   Thumb Code  1704  main.o(i.main)
    mget_ms                                  0x08004c11   Thumb Code     2  inv_mpu.o(i.mget_ms)
    mpu_configure_fifo                       0x08004c15   Thumb Code   106  inv_mpu.o(i.mpu_configure_fifo)
    mpu_dmp_get_data                         0x08004c85   Thumb Code   544  inv_mpu.o(i.mpu_dmp_get_data)
    mpu_dmp_init                             0x08004ea9   Thumb Code   154  inv_mpu.o(i.mpu_dmp_init)
    mpu_get_accel_fsr                        0x08004f49   Thumb Code    72  inv_mpu.o(i.mpu_get_accel_fsr)
    mpu_get_accel_sens                       0x08004f95   Thumb Code    78  inv_mpu.o(i.mpu_get_accel_sens)
    mpu_get_fifo_config                      0x08004fe9   Thumb Code    12  inv_mpu.o(i.mpu_get_fifo_config)
    mpu_get_gyro_fsr                         0x08004ff9   Thumb Code    64  inv_mpu.o(i.mpu_get_gyro_fsr)
    mpu_get_gyro_sens                        0x0800503d   Thumb Code    58  inv_mpu.o(i.mpu_get_gyro_sens)
    mpu_get_lpf                              0x0800508d   Thumb Code    74  inv_mpu.o(i.mpu_get_lpf)
    mpu_get_sample_rate                      0x080050dd   Thumb Code    26  inv_mpu.o(i.mpu_get_sample_rate)
    mpu_init                                 0x080050fd   Thumb Code   416  inv_mpu.o(i.mpu_init)
    mpu_load_firmware                        0x080052ed   Thumb Code   180  inv_mpu.o(i.mpu_load_firmware)
    mpu_lp_accel_mode                        0x080053a5   Thumb Code   218  inv_mpu.o(i.mpu_lp_accel_mode)
    mpu_read_fifo_stream                     0x08005485   Thumb Code   186  inv_mpu.o(i.mpu_read_fifo_stream)
    mpu_read_mem                             0x08005545   Thumb Code   122  inv_mpu.o(i.mpu_read_mem)
    mpu_reset_fifo                           0x080055c5   Thumb Code   450  inv_mpu.o(i.mpu_reset_fifo)
    mpu_run_self_test                        0x0800578d   Thumb Code   278  inv_mpu.o(i.mpu_run_self_test)
    mpu_set_accel_fsr                        0x080058a9   Thumb Code   126  inv_mpu.o(i.mpu_set_accel_fsr)
    mpu_set_bypass                           0x0800592d   Thumb Code   328  inv_mpu.o(i.mpu_set_bypass)
    mpu_set_dmp_state                        0x08005a79   Thumb Code   138  inv_mpu.o(i.mpu_set_dmp_state)
    mpu_set_gyro_fsr                         0x08005b09   Thumb Code   132  inv_mpu.o(i.mpu_set_gyro_fsr)
    mpu_set_int_latched                      0x08005b91   Thumb Code   102  inv_mpu.o(i.mpu_set_int_latched)
    mpu_set_lpf                              0x08005bfd   Thumb Code   126  inv_mpu.o(i.mpu_set_lpf)
    mpu_set_sample_rate                      0x08005c81   Thumb Code   152  inv_mpu.o(i.mpu_set_sample_rate)
    mpu_set_sensors                          0x08005d1d   Thumb Code   202  inv_mpu.o(i.mpu_set_sensors)
    mpu_write_mem                            0x08005ded   Thumb Code   122  inv_mpu.o(i.mpu_write_mem)
    run_self_test                            0x08005e6d   Thumb Code   148  inv_mpu.o(i.run_self_test)
    sqrt                                     0x08005f91   Thumb Code    76  sqrt.o(i.sqrt)
    D6X8                                     0x08005fdc   Data         552  oled.o(.constdata)
    D8X16                                    0x08006204   Data        1520  oled.o(.constdata)
    reg                                      0x080067f4   Data          27  inv_mpu.o(.constdata)
    hw                                       0x08006810   Data          12  inv_mpu.o(.constdata)
    test                                     0x0800681c   Data          40  inv_mpu.o(.constdata)
    __mathlib_zero                           0x08007528   Data           8  qnan.o(.constdata)
    Region$$Table$$Base                      0x08007580   Number         0  anon$$obj.o(Region$$Table)
    Region$$Table$$Limit                     0x080075a0   Number         0  anon$$obj.o(Region$$Table)
    BMP                                      0x20000018   Data        1008  main.o(.data)
    i                                        0x20000408   Data           4  main.o(.data)
    flag                                     0x2000040c   Data           4  main.o(.data)
    Accdata                                  0x20000410   Data           6  main.o(.data)
    Gyrodata                                 0x20000416   Data           6  main.o(.data)
    pitch                                    0x2000041c   Data           4  main.o(.data)
    roll                                     0x20000420   Data           4  main.o(.data)
    yaw                                      0x20000424   Data           4  main.o(.data)
    KFM                                      0x20000428   Data          56  main.o(.data)
    g_ul_ms_ticks                            0x20000468   Data           4  bsp_systick.o(.data)
    SHOW                                     0x2000046c   Data         896  oled.o(.data)
    uart_p                                   0x200007ec   Data           2  usart_blt.o(.data)
    __stdout                                 0x20000828   Data           4  stdout.o(.data)
    bltDevList                               0x20000830   Data         544  main.o(.bss)
    linebuff                                 0x20000a50   Data        1024  main.o(.bss)
    sendData1                                0x20000e50   Data          64  main.o(.bss)
    sendData2                                0x20000e90   Data          64  main.o(.bss)
    sendData3                                0x20000ed0   Data          64  main.o(.bss)
    sendData4                                0x20000f10   Data          64  main.o(.bss)
    sendData5                                0x20000f50   Data          64  main.o(.bss)
    sendData6                                0x20000f90   Data          64  main.o(.bss)
    sendData7                                0x20000fd0   Data          64  main.o(.bss)
    sendData8                                0x20001010   Data          64  main.o(.bss)
    sendData9                                0x20001050   Data          64  main.o(.bss)
    Task_Delay                               0x20001090   Data          12  main.o(.bss)
    uart_buff                                0x2000109c   Data        1024  usart_blt.o(.bss)
    __initial_sp                             0x200024b0   Data           0  startup_stm32f10x_hd.o(STACK)



==============================================================================

Memory Map of the image

  Image Entry point : 0x08000131

  Load Region LR_IROM1 (Base: 0x08000000, Size: 0x00007dd0, Max: 0x00040000, ABSOLUTE, COMPRESSED[0x00007950])

    Execution Region ER_IROM1 (Exec base: 0x08000000, Load base: 0x08000000, Size: 0x000075a0, Max: 0x00040000, ABSOLUTE)

    Exec Addr    Load Addr    Size         Type   Attr      Idx    E Section Name        Object

    0x08000000   0x08000000   0x00000130   Data   RO         3103    RESET               startup_stm32f10x_hd.o
    0x08000130   0x08000130   0x00000000   Code   RO         4300  * .ARM.Collect$$$$00000000  mc_w.l(entry.o)
    0x08000130   0x08000130   0x00000004   Code   RO         4645    .ARM.Collect$$$$00000001  mc_w.l(entry2.o)
    0x08000134   0x08000134   0x00000004   Code   RO         4648    .ARM.Collect$$$$00000004  mc_w.l(entry5.o)
    0x08000138   0x08000138   0x00000000   Code   RO         4650    .ARM.Collect$$$$00000008  mc_w.l(entry7b.o)
    0x08000138   0x08000138   0x00000000   Code   RO         4652    .ARM.Collect$$$$0000000A  mc_w.l(entry8b.o)
    0x08000138   0x08000138   0x00000008   Code   RO         4653    .ARM.Collect$$$$0000000B  mc_w.l(entry9a.o)
    0x08000140   0x08000140   0x00000004   Code   RO         4660    .ARM.Collect$$$$0000000E  mc_w.l(entry12b.o)
    0x08000144   0x08000144   0x00000000   Code   RO         4655    .ARM.Collect$$$$0000000F  mc_w.l(entry10a.o)
    0x08000144   0x08000144   0x00000000   Code   RO         4657    .ARM.Collect$$$$00000011  mc_w.l(entry11a.o)
    0x08000144   0x08000144   0x00000004   Code   RO         4646    .ARM.Collect$$$$00002712  mc_w.l(entry2.o)
    0x08000148   0x08000148   0x00000024   Code   RO         3104    .text               startup_stm32f10x_hd.o
    0x0800016c   0x0800016c   0x00000062   Code   RO         4303    .text               mc_w.l(ldiv.o)
    0x080001ce   0x080001ce   0x00000024   Code   RO         4305    .text               mc_w.l(memseta.o)
    0x080001f2   0x080001f2   0x00000024   Code   RO         4307    .text               mc_w.l(strstr.o)
    0x08000216   0x08000216   0x0000001c   Code   RO         4311    .text               mc_w.l(strcmp.o)
    0x08000232   0x08000232   0x0000001a   Code   RO         4313    .text               mc_w.l(memcmp.o)
    0x0800024c   0x0800024c   0x000000b0   Code   RO         4578    .text               mf_w.l(fadd.o)
    0x080002fc   0x080002fc   0x00000064   Code   RO         4580    .text               mf_w.l(fmul.o)
    0x08000360   0x08000360   0x0000007c   Code   RO         4582    .text               mf_w.l(fdiv.o)
    0x080003dc   0x080003dc   0x0000014e   Code   RO         4584    .text               mf_w.l(dadd.o)
    0x0800052a   0x0800052a   0x000000e4   Code   RO         4586    .text               mf_w.l(dmul.o)
    0x0800060e   0x0800060e   0x000000de   Code   RO         4588    .text               mf_w.l(ddiv.o)
    0x080006ec   0x080006ec   0x00000012   Code   RO         4590    .text               mf_w.l(fflti.o)
    0x080006fe   0x080006fe   0x0000000a   Code   RO         4592    .text               mf_w.l(ffltui.o)
    0x08000708   0x08000708   0x00000022   Code   RO         4594    .text               mf_w.l(dflti.o)
    0x0800072a   0x0800072a   0x00000032   Code   RO         4596    .text               mf_w.l(ffixi.o)
    0x0800075c   0x0800075c   0x00000028   Code   RO         4598    .text               mf_w.l(ffixui.o)
    0x08000784   0x08000784   0x00000026   Code   RO         4600    .text               mf_w.l(f2d.o)
    0x080007aa   0x080007aa   0x00000038   Code   RO         4602    .text               mf_w.l(d2f.o)
    0x080007e2   0x080007e2   0x00000002   PAD
    0x080007e4   0x080007e4   0x00000014   Code   RO         4604    .text               mf_w.l(cfcmple.o)
    0x080007f8   0x080007f8   0x00000014   Code   RO         4606    .text               mf_w.l(cfrcmple.o)
    0x0800080c   0x0800080c   0x0000002c   Code   RO         4664    .text               mc_w.l(uidiv.o)
    0x08000838   0x08000838   0x00000062   Code   RO         4666    .text               mc_w.l(uldiv.o)
    0x0800089a   0x0800089a   0x0000001e   Code   RO         4668    .text               mc_w.l(llshl.o)
    0x080008b8   0x080008b8   0x00000024   Code   RO         4670    .text               mc_w.l(llsshr.o)
    0x080008dc   0x080008dc   0x00000000   Code   RO         4679    .text               mc_w.l(iusefp.o)
    0x080008dc   0x080008dc   0x0000006e   Code   RO         4680    .text               mf_w.l(fepilogue.o)
    0x0800094a   0x0800094a   0x000000ba   Code   RO         4682    .text               mf_w.l(depilogue.o)
    0x08000a04   0x08000a04   0x0000002e   Code   RO         4684    .text               mf_w.l(dscalb.o)
    0x08000a32   0x08000a32   0x00000030   Code   RO         4686    .text               mf_w.l(dfixul.o)
    0x08000a62   0x08000a62   0x00000002   PAD
    0x08000a64   0x08000a64   0x00000030   Code   RO         4688    .text               mf_w.l(cdcmple.o)
    0x08000a94   0x08000a94   0x00000030   Code   RO         4690    .text               mf_w.l(cdrcmple.o)
    0x08000ac4   0x08000ac4   0x00000024   Code   RO         4692    .text               mc_w.l(init.o)
    0x08000ae8   0x08000ae8   0x00000000   Code   RO         4694    .text               mc_w.l(semi.o)
    0x08000ae8   0x08000ae8   0x00000020   Code   RO         4695    .text               mc_w.l(llushr.o)
    0x08000b08   0x08000b08   0x00000000   Code   RO         4697    .text               mc_w.l(iusesemip.o)
    0x08000b08   0x08000b08   0x000000a2   Code   RO         4698    .text               mf_w.l(dsqrt.o)
    0x08000baa   0x08000baa   0x00000056   Code   RO         4708    .text               mc_w.l(__dczerorl2.o)
    0x08000c00   0x08000c00   0x00000004   Code   RO         3198    i.BusFault_Handler  stm32f10x_it.o
    0x08000c04   0x08000c04   0x00000002   Code   RO         3199    i.DebugMon_Handler  stm32f10x_it.o
    0x08000c06   0x08000c06   0x00000002   PAD
    0x08000c08   0x08000c08   0x0000004c   Code   RO         3269    i.Delay_ms          bsp_systick.o
    0x08000c54   0x08000c54   0x00000116   Code   RO         1264    i.GPIO_Init         stm32f10x_gpio.o
    0x08000d6a   0x08000d6a   0x00000002   PAD
    0x08000d6c   0x08000d6c   0x00000154   Code   RO         3320    i.GPIO_OLED_InitConfig  oled.o
    0x08000ec0   0x08000ec0   0x00000090   Code   RO         1266    i.GPIO_PinRemapConfig  stm32f10x_gpio.o
    0x08000f50   0x08000f50   0x00000012   Code   RO         1268    i.GPIO_ReadInputDataBit  stm32f10x_gpio.o
    0x08000f62   0x08000f62   0x00000004   Code   RO         1271    i.GPIO_ResetBits    stm32f10x_gpio.o
    0x08000f66   0x08000f66   0x00000004   Code   RO         1272    i.GPIO_SetBits      stm32f10x_gpio.o
    0x08000f6a   0x08000f6a   0x00000002   PAD
    0x08000f6c   0x08000f6c   0x00000044   Code   RO         3611    i.HC05_GPIO_Config  hc05.o
    0x08000fb0   0x08000fb0   0x00000074   Code   RO         3612    i.HC05_Init         hc05.o
    0x08001024   0x08001024   0x00000020   Code   RO         3613    i.HC05_SendString   hc05.o
    0x08001044   0x08001044   0x000000dc   Code   RO         3614    i.HC05_Send_CMD     hc05.o
    0x08001120   0x08001120   0x00000004   Code   RO         3200    i.HardFault_Handler  stm32f10x_it.o
    0x08001124   0x08001124   0x00000034   Code   RO         3417    i.Key_GPIO_Config   bsp_key.o
    0x08001158   0x08001158   0x00000058   Code   RO         3405    i.LED_GPIO_Config   bsp_led.o
    0x080011b0   0x080011b0   0x00000040   Code   RO         3470    i.MPU6050ReadAcc    mpu6050.o
    0x080011f0   0x080011f0   0x00000040   Code   RO         3471    i.MPU6050ReadGyro   mpu6050.o
    0x08001230   0x08001230   0x00000048   Code   RO         3474    i.MPU6050_Init      mpu6050.o
    0x08001278   0x08001278   0x00000058   Code   RO         3475    i.MPU6050_ReadData  mpu6050.o
    0x080012d0   0x080012d0   0x00000054   Code   RO         3476    i.MPU6050_ReturnTemp  mpu6050.o
    0x08001324   0x08001324   0x0000002e   Code   RO         3477    i.MPU6050_WriteReg  mpu6050.o
    0x08001352   0x08001352   0x00000074   Code   RO         3478    i.MPU_Read_Len      mpu6050.o
    0x080013c6   0x080013c6   0x00000060   Code   RO         3479    i.MPU_Write_Len     mpu6050.o
    0x08001426   0x08001426   0x00000004   Code   RO         3201    i.MemManage_Handler  stm32f10x_it.o
    0x0800142a   0x0800142a   0x00000002   Code   RO         3202    i.NMI_Handler       stm32f10x_it.o
    0x0800142c   0x0800142c   0x00000070   Code   RO           85    i.NVIC_Init         misc.o
    0x0800149c   0x0800149c   0x00000026   Code   RO         3675    i.NVIC_InitConfig   usart_blt.o
    0x080014c2   0x080014c2   0x00000002   PAD
    0x080014c4   0x080014c4   0x00000014   Code   RO           86    i.NVIC_PriorityGroupConfig  misc.o
    0x080014d8   0x080014d8   0x00000040   Code   RO         3321    i.OLED_Clear        oled.o
    0x08001518   0x08001518   0x00000076   Code   RO         3324    i.OLED_DrawBMP      oled.o
    0x0800158e   0x0800158e   0x0000002e   Code   RO         3325    i.OLED_Set_Pos      oled.o
    0x080015bc   0x080015bc   0x00000068   Code   RO         3326    i.OLED_ShowCHinese  oled.o
    0x08001624   0x08001624   0x00000070   Code   RO         3327    i.OLED_ShowChar     oled.o
    0x08001694   0x08001694   0x00000036   Code   RO         3329    i.OLED_ShowString   oled.o
    0x080016ca   0x080016ca   0x00000002   PAD
    0x080016cc   0x080016cc   0x00000070   Code   RO         3330    i.OLED_WR_Byte      oled.o
    0x0800173c   0x0800173c   0x00000002   Code   RO         3203    i.PendSV_Handler    stm32f10x_it.o
    0x0800173e   0x0800173e   0x00000002   PAD
    0x08001740   0x08001740   0x00000020   Code   RO         1689    i.RCC_APB1PeriphClockCmd  stm32f10x_rcc.o
    0x08001760   0x08001760   0x00000020   Code   RO         1691    i.RCC_APB2PeriphClockCmd  stm32f10x_rcc.o
    0x08001780   0x08001780   0x000000d4   Code   RO         1699    i.RCC_GetClocksFreq  stm32f10x_rcc.o
    0x08001854   0x08001854   0x00000002   Code   RO         3204    i.SVC_Handler       stm32f10x_it.o
    0x08001856   0x08001856   0x00000008   Code   RO           17    i.SetSysClock       system_stm32f10x.o
    0x0800185e   0x0800185e   0x00000002   PAD
    0x08001860   0x08001860   0x000000e0   Code   RO           18    i.SetSysClockTo72   system_stm32f10x.o
    0x08001940   0x08001940   0x00000028   Code   RO           89    i.SysTick_CLKSourceConfig  misc.o
    0x08001968   0x08001968   0x00000034   Code   RO         3205    i.SysTick_Handler   stm32f10x_it.o
    0x0800199c   0x0800199c   0x00000060   Code   RO           20    i.SystemInit        system_stm32f10x.o
    0x080019fc   0x080019fc   0x00000034   Code   RO         3271    i.Systick_InitConfig  bsp_systick.o
    0x08001a30   0x08001a30   0x00000054   Code   RO         3438    i.TIM3_IRQHandler   time.o
    0x08001a84   0x08001a84   0x00000060   Code   RO         3439    i.TIM3_Init         time.o
    0x08001ae4   0x08001ae4   0x00000006   Code   RO         2327    i.TIM_ClearITPendingBit  stm32f10x_tim.o
    0x08001aea   0x08001aea   0x00000018   Code   RO         2332    i.TIM_Cmd           stm32f10x_tim.o
    0x08001b02   0x08001b02   0x00000022   Code   RO         2353    i.TIM_GetITStatus   stm32f10x_tim.o
    0x08001b24   0x08001b24   0x00000012   Code   RO         2357    i.TIM_ITConfig      stm32f10x_tim.o
    0x08001b36   0x08001b36   0x00000002   PAD
    0x08001b38   0x08001b38   0x000000a4   Code   RO         2403    i.TIM_TimeBaseInit  stm32f10x_tim.o
    0x08001bdc   0x08001bdc   0x00000010   Code   RO         3272    i.TimeStamp_Increment  bsp_systick.o
    0x08001bec   0x08001bec   0x00000018   Code   RO         3273    i.TimingDelay_Decrement  bsp_systick.o
    0x08001c04   0x08001c04   0x00000018   Code   RO         3206    i.USART2_IRQHandler  stm32f10x_it.o
    0x08001c1c   0x08001c1c   0x00000012   Code   RO         2864    i.USART_ClearFlag   stm32f10x_usart.o
    0x08001c2e   0x08001c2e   0x0000001e   Code   RO         2865    i.USART_ClearITPendingBit  stm32f10x_usart.o
    0x08001c4c   0x08001c4c   0x00000018   Code   RO         2868    i.USART_Cmd         stm32f10x_usart.o
    0x08001c64   0x08001c64   0x0000001a   Code   RO         2871    i.USART_GetFlagStatus  stm32f10x_usart.o
    0x08001c7e   0x08001c7e   0x00000054   Code   RO         2872    i.USART_GetITStatus  stm32f10x_usart.o
    0x08001cd2   0x08001cd2   0x0000004a   Code   RO         2874    i.USART_ITConfig    stm32f10x_usart.o
    0x08001d1c   0x08001d1c   0x000000d8   Code   RO         2875    i.USART_Init        stm32f10x_usart.o
    0x08001df4   0x08001df4   0x0000000a   Code   RO         2882    i.USART_ReceiveData  stm32f10x_usart.o
    0x08001dfe   0x08001dfe   0x00000008   Code   RO         2885    i.USART_SendData    stm32f10x_usart.o
    0x08001e06   0x08001e06   0x00000002   PAD
    0x08001e08   0x08001e08   0x00000050   Code   RO         3676    i.Uart_Process      usart_blt.o
    0x08001e58   0x08001e58   0x00000004   Code   RO         3207    i.UsageFault_Handler  stm32f10x_it.o
    0x08001e5c   0x08001e5c   0x00000094   Code   RO         3677    i.Usart_InitConfig  usart_blt.o
    0x08001ef0   0x08001ef0   0x0000001e   Code   RO         3678    i.Usart_SendByte    usart_blt.o
    0x08001f0e   0x08001f0e   0x0000001c   Code   RO         3679    i.Usart_SendString  usart_blt.o
    0x08001f2a   0x08001f2a   0x00000002   PAD
    0x08001f2c   0x08001f2c   0x00000020   Code   RO         4550    i.__0printf         mc_w.l(printfa.o)
    0x08001f4c   0x08001f4c   0x00000028   Code   RO         4552    i.__0sprintf        mc_w.l(printfa.o)
    0x08001f74   0x08001f74   0x00000028   Code   RO         4632    i.__ARM_fpclassify  m_ws.l(fpclassify.o)
    0x08001f9c   0x08001f9c   0x000000aa   Code   RO         4634    i.__kernel_poly     m_ws.l(poly.o)
    0x08002046   0x08002046   0x00000006   Code   RO         4619    i.__mathlib_dbl_infnan  m_ws.l(dunder.o)
    0x0800204c   0x0800204c   0x00000004   Code   RO         4620    i.__mathlib_dbl_infnan2  m_ws.l(dunder.o)
    0x08002050   0x08002050   0x0000000c   Code   RO         4621    i.__mathlib_dbl_invalid  m_ws.l(dunder.o)
    0x0800205c   0x0800205c   0x00000010   Code   RO         4624    i.__mathlib_dbl_underflow  m_ws.l(dunder.o)
    0x0800206c   0x0800206c   0x0000000e   Code   RO         4702    i.__scatterload_copy  mc_w.l(handlers.o)
    0x0800207a   0x0800207a   0x00000002   Code   RO         4703    i.__scatterload_null  mc_w.l(handlers.o)
    0x0800207c   0x0800207c   0x0000000e   Code   RO         4704    i.__scatterload_zeroinit  mc_w.l(handlers.o)
    0x0800208a   0x0800208a   0x00000002   PAD
    0x0800208c   0x0800208c   0x0000000c   Code   RO         4674    i.__set_errno       mc_w.l(errno.o)
    0x08002098   0x08002098   0x00000184   Code   RO         4557    i._fp_digits        mc_w.l(printfa.o)
    0x0800221c   0x0800221c   0x000006b4   Code   RO         4558    i._printf_core      mc_w.l(printfa.o)
    0x080028d0   0x080028d0   0x00000024   Code   RO         4559    i._printf_post_padding  mc_w.l(printfa.o)
    0x080028f4   0x080028f4   0x0000002e   Code   RO         4560    i._printf_pre_padding  mc_w.l(printfa.o)
    0x08002922   0x08002922   0x0000000a   Code   RO         4562    i._sputc            mc_w.l(printfa.o)
    0x0800292c   0x0800292c   0x000000a8   Code   RO         3772    i.accel_self_test   inv_mpu.o
    0x080029d4   0x080029d4   0x00000270   Code   RO         4283    i.asin              m_ws.l(asin.o)
    0x08002c44   0x08002c44   0x00000220   Code   RO         4609    i.atan              m_ws.l(atan.o)
    0x08002e64   0x08002e64   0x0000019c   Code   RO         4293    i.atan2             m_ws.l(atan2.o)
    0x08003000   0x08003000   0x00000028   Code   RO         3680    i.buff_clear        usart_blt.o
    0x08003028   0x08003028   0x00000064   Code   RO         4100    i.decode_gesture    inv_mpu_dmp_motion_driver.o
    0x0800308c   0x0800308c   0x0000003c   Code   RO         4101    i.dmp_enable_6x_lp_quat  inv_mpu_dmp_motion_driver.o
    0x080030c8   0x080030c8   0x0000021c   Code   RO         4102    i.dmp_enable_feature  inv_mpu_dmp_motion_driver.o
    0x080032e4   0x080032e4   0x00000058   Code   RO         4103    i.dmp_enable_gyro_cal  inv_mpu_dmp_motion_driver.o
    0x0800333c   0x0800333c   0x0000003c   Code   RO         4104    i.dmp_enable_lp_quat  inv_mpu_dmp_motion_driver.o
    0x08003378   0x08003378   0x00000018   Code   RO         4109    i.dmp_load_motion_driver_firmware  inv_mpu_dmp_motion_driver.o
    0x08003390   0x08003390   0x000001cc   Code   RO         4110    i.dmp_read_fifo     inv_mpu_dmp_motion_driver.o
    0x0800355c   0x0800355c   0x00000130   Code   RO         4113    i.dmp_set_accel_bias  inv_mpu_dmp_motion_driver.o
    0x0800368c   0x0800368c   0x00000070   Code   RO         4114    i.dmp_set_fifo_rate  inv_mpu_dmp_motion_driver.o
    0x080036fc   0x080036fc   0x00000130   Code   RO         4115    i.dmp_set_gyro_bias  inv_mpu_dmp_motion_driver.o
    0x0800382c   0x0800382c   0x00000138   Code   RO         4117    i.dmp_set_orientation  inv_mpu_dmp_motion_driver.o
    0x08003964   0x08003964   0x00000038   Code   RO         4120    i.dmp_set_shake_reject_thresh  inv_mpu_dmp_motion_driver.o
    0x0800399c   0x0800399c   0x00000026   Code   RO         4121    i.dmp_set_shake_reject_time  inv_mpu_dmp_motion_driver.o
    0x080039c2   0x080039c2   0x00000026   Code   RO         4122    i.dmp_set_shake_reject_timeout  inv_mpu_dmp_motion_driver.o
    0x080039e8   0x080039e8   0x00000046   Code   RO         4123    i.dmp_set_tap_axes  inv_mpu_dmp_motion_driver.o
    0x08003a2e   0x08003a2e   0x00000026   Code   RO         4124    i.dmp_set_tap_count  inv_mpu_dmp_motion_driver.o
    0x08003a54   0x08003a54   0x000001a0   Code   RO         4125    i.dmp_set_tap_thresh  inv_mpu_dmp_motion_driver.o
    0x08003bf4   0x08003bf4   0x00000026   Code   RO         4126    i.dmp_set_tap_time  inv_mpu_dmp_motion_driver.o
    0x08003c1a   0x08003c1a   0x00000026   Code   RO         4127    i.dmp_set_tap_time_multi  inv_mpu_dmp_motion_driver.o
    0x08003c40   0x08003c40   0x00000012   Code   RO         4661    i.fputc             mc_w.l(fputc.o)
    0x08003c52   0x08003c52   0x00000002   PAD
    0x08003c54   0x08003c54   0x000000b4   Code   RO         3773    i.get_accel_prod_shift  inv_mpu.o
    0x08003d08   0x08003d08   0x0000004c   Code   RO         3615    i.get_line          hc05.o
    0x08003d54   0x08003d54   0x00000014   Code   RO         3681    i.get_rebuff        usart_blt.o
    0x08003d68   0x08003d68   0x0000046c   Code   RO         3774    i.get_st_biases     inv_mpu.o
    0x080041d4   0x080041d4   0x00000110   Code   RO         3775    i.gyro_self_test    inv_mpu.o
    0x080042e4   0x080042e4   0x00000030   Code   RO         3546    i.i2c_Ack           bsp_i2c.o
    0x08004314   0x08004314   0x0000000e   Code   RO         3548    i.i2c_Delay         bsp_i2c.o
    0x08004322   0x08004322   0x00000002   PAD
    0x08004324   0x08004324   0x00000030   Code   RO         3549    i.i2c_GPIO_Config   bsp_i2c.o
    0x08004354   0x08004354   0x00000028   Code   RO         3550    i.i2c_NAck          bsp_i2c.o
    0x0800437c   0x0800437c   0x00000050   Code   RO         3551    i.i2c_ReadByte      bsp_i2c.o
    0x080043cc   0x080043cc   0x00000054   Code   RO         3552    i.i2c_SendByte      bsp_i2c.o
    0x08004420   0x08004420   0x00000030   Code   RO         3553    i.i2c_Start         bsp_i2c.o
    0x08004450   0x08004450   0x00000020   Code   RO         3554    i.i2c_Stop          bsp_i2c.o
    0x08004470   0x08004470   0x0000003c   Code   RO         3555    i.i2c_WaitAck       bsp_i2c.o
    0x080044ac   0x080044ac   0x00000028   Code   RO         3776    i.inv_orientation_matrix_to_scalar  inv_mpu.o
    0x080044d4   0x080044d4   0x0000004e   Code   RO         3777    i.inv_row_2_scale   inv_mpu.o
    0x08004522   0x08004522   0x00000002   PAD
    0x08004524   0x08004524   0x000006ec   Code   RO         3108    i.main              main.o
    0x08004c10   0x08004c10   0x00000002   Code   RO         3778    i.mget_ms           inv_mpu.o
    0x08004c12   0x08004c12   0x00000002   PAD
    0x08004c14   0x08004c14   0x00000070   Code   RO         3779    i.mpu_configure_fifo  inv_mpu.o
    0x08004c84   0x08004c84   0x00000224   Code   RO         3780    i.mpu_dmp_get_data  inv_mpu.o
    0x08004ea8   0x08004ea8   0x000000a0   Code   RO         3781    i.mpu_dmp_init      inv_mpu.o
    0x08004f48   0x08004f48   0x0000004c   Code   RO         3782    i.mpu_get_accel_fsr  inv_mpu.o
    0x08004f94   0x08004f94   0x00000054   Code   RO         3784    i.mpu_get_accel_sens  inv_mpu.o
    0x08004fe8   0x08004fe8   0x00000010   Code   RO         3789    i.mpu_get_fifo_config  inv_mpu.o
    0x08004ff8   0x08004ff8   0x00000044   Code   RO         3790    i.mpu_get_gyro_fsr  inv_mpu.o
    0x0800503c   0x0800503c   0x00000050   Code   RO         3792    i.mpu_get_gyro_sens  inv_mpu.o
    0x0800508c   0x0800508c   0x00000050   Code   RO         3794    i.mpu_get_lpf       inv_mpu.o
    0x080050dc   0x080050dc   0x00000020   Code   RO         3796    i.mpu_get_sample_rate  inv_mpu.o
    0x080050fc   0x080050fc   0x000001f0   Code   RO         3798    i.mpu_init          inv_mpu.o
    0x080052ec   0x080052ec   0x000000b8   Code   RO         3799    i.mpu_load_firmware  inv_mpu.o
    0x080053a4   0x080053a4   0x000000e0   Code   RO         3800    i.mpu_lp_accel_mode  inv_mpu.o
    0x08005484   0x08005484   0x000000c0   Code   RO         3803    i.mpu_read_fifo_stream  inv_mpu.o
    0x08005544   0x08005544   0x00000080   Code   RO         3804    i.mpu_read_mem      inv_mpu.o
    0x080055c4   0x080055c4   0x000001c8   Code   RO         3807    i.mpu_reset_fifo    inv_mpu.o
    0x0800578c   0x0800578c   0x0000011c   Code   RO         3808    i.mpu_run_self_test  inv_mpu.o
    0x080058a8   0x080058a8   0x00000084   Code   RO         3810    i.mpu_set_accel_fsr  inv_mpu.o
    0x0800592c   0x0800592c   0x0000014c   Code   RO         3811    i.mpu_set_bypass    inv_mpu.o
    0x08005a78   0x08005a78   0x00000090   Code   RO         3813    i.mpu_set_dmp_state  inv_mpu.o
    0x08005b08   0x08005b08   0x00000088   Code   RO         3814    i.mpu_set_gyro_fsr  inv_mpu.o
    0x08005b90   0x08005b90   0x0000006c   Code   RO         3815    i.mpu_set_int_latched  inv_mpu.o
    0x08005bfc   0x08005bfc   0x00000084   Code   RO         3817    i.mpu_set_lpf       inv_mpu.o
    0x08005c80   0x08005c80   0x0000009c   Code   RO         3818    i.mpu_set_sample_rate  inv_mpu.o
    0x08005d1c   0x08005d1c   0x000000d0   Code   RO         3819    i.mpu_set_sensors   inv_mpu.o
    0x08005dec   0x08005dec   0x00000080   Code   RO         3820    i.mpu_write_mem     inv_mpu.o
    0x08005e6c   0x08005e6c   0x00000094   Code   RO         3821    i.run_self_test     inv_mpu.o
    0x08005f00   0x08005f00   0x00000090   Code   RO         3822    i.set_int_enable    inv_mpu.o
    0x08005f90   0x08005f90   0x0000004c   Code   RO         4638    i.sqrt              m_ws.l(sqrt.o)
    0x08005fdc   0x08005fdc   0x00000818   Data   RO         3332    .constdata          oled.o
    0x080067f4   0x080067f4   0x00000050   Data   RO         3824    .constdata          inv_mpu.o
    0x08006844   0x08006844   0x00000bf6   Data   RO         4129    .constdata          inv_mpu_dmp_motion_driver.o
    0x0800743a   0x0800743a   0x00000006   PAD
    0x08007440   0x08007440   0x00000050   Data   RO         4284    .constdata          m_ws.l(asin.o)
    0x08007490   0x08007490   0x00000098   Data   RO         4610    .constdata          m_ws.l(atan.o)
    0x08007528   0x08007528   0x00000008   Data   RO         4636    .constdata          m_ws.l(qnan.o)
    0x08007530   0x08007530   0x0000004d   Data   RO         3825    .conststring        inv_mpu.o
    0x0800757d   0x0800757d   0x00000003   PAD
    0x08007580   0x08007580   0x00000020   Data   RO         4700    Region$$Table       anon$$obj.o


    Execution Region RW_IRAM1 (Exec base: 0x20000000, Load base: 0x080075a0, Size: 0x000024b0, Max: 0x0000c000, ABSOLUTE, COMPRESSED[0x000003b0])

    Exec Addr    Load Addr    Size         Type   Attr      Idx    E Section Name        Object

    0x20000000   COMPRESSED   0x00000014   Data   RW         1719    .data               stm32f10x_rcc.o
    0x20000014   COMPRESSED   0x00000004   PAD
    0x20000018   COMPRESSED   0x00000448   Data   RW         3110    .data               main.o
    0x20000460   COMPRESSED   0x0000000c   Data   RW         3276    .data               bsp_systick.o
    0x2000046c   COMPRESSED   0x00000380   Data   RW         3333    .data               oled.o
    0x200007ec   COMPRESSED   0x00000002   Data   RW         3683    .data               usart_blt.o
    0x200007ee   COMPRESSED   0x00000002   PAD
    0x200007f0   COMPRESSED   0x00000035   Data   RW         3826    .data               inv_mpu.o
    0x20000825   COMPRESSED   0x00000003   PAD
    0x20000828   COMPRESSED   0x00000004   Data   RW         4663    .data               mc_w.l(stdout.o)
    0x2000082c   COMPRESSED   0x00000004   Data   RW         4675    .data               mc_w.l(errno.o)
    0x20000830        -       0x0000086c   Zero   RW         3109    .bss                main.o
    0x2000109c        -       0x00000400   Zero   RW         3682    .bss                usart_blt.o
    0x2000149c        -       0x00000010   Zero   RW         4128    .bss                inv_mpu_dmp_motion_driver.o
    0x200014ac   COMPRESSED   0x00000004   PAD
    0x200014b0        -       0x00001000   Zero   RW         3101    STACK               startup_stm32f10x_hd.o


==============================================================================

Image component sizes


      Code (inc. data)   RO Data    RW Data    ZI Data      Debug   Object Name

       454         36          0          0          0       4506   bsp_i2c.o
        52          6          0          0          0        506   bsp_key.o
        88         12          0          0          0        522   bsp_led.o
       168         24          0         12          0       2610   bsp_systick.o
         0          0          0          0          0       4564   core_cm3.o
       512         64          0          0          0       3256   hc05.o
      6860        288        157         53          0      31120   inv_mpu.o
      3096        122       3062          0         16      20714   inv_mpu_dmp_motion_driver.o
      1772        428          0       1096       2156       5149   main.o
       172         22          0          0          0       2061   misc.o
       630         12          0          0          0       5644   mpu6050.o
       950         22       2072        896          0       5864   oled.o
        36          8        304          0       4096        836   startup_stm32f10x_hd.o
       448          6          0          0          0       4502   stm32f10x_gpio.o
       100         10          0          0          0       4450   stm32f10x_it.o
       276         32          0         20          0       4446   stm32f10x_rcc.o
       246         42          0          0          0       3554   stm32f10x_tim.o
       490          6          0          0          0       7377   stm32f10x_usart.o
       328         28          0          0          0     250381   system_stm32f10x.o
       180         20          0          0          0       1198   time.o
       384         40          0          2       1024       4446   usart_blt.o

    ----------------------------------------------------------------------
     17268       1228       5636       2088       7296     367706   Object Totals
         0          0         32          0          0          0   (incl. Generated)
        26          0          9          9          4          0   (incl. Padding)

    ----------------------------------------------------------------------

      Code (inc. data)   RO Data    RW Data    ZI Data      Debug   Library Member Name

       624         52         80          0          0        168   asin.o
       544         70        152          0          0        124   atan.o
       412         38          0          0          0        144   atan2.o
        38          6          0          0          0        272   dunder.o
        40          0          0          0          0         68   fpclassify.o
       170          0          0          0          0         96   poly.o
         0          0          8          0          0          0   qnan.o
        76          0          0          0          0         84   sqrt.o
        86          0          0          0          0          0   __dczerorl2.o
         0          0          0          0          0          0   entry.o
         0          0          0          0          0          0   entry10a.o
         0          0          0          0          0          0   entry11a.o
         4          0          0          0          0          0   entry12b.o
         8          4          0          0          0          0   entry2.o
         4          0          0          0          0          0   entry5.o
         0          0          0          0          0          0   entry7b.o
         0          0          0          0          0          0   entry8b.o
         8          4          0          0          0          0   entry9a.o
        12          6          0          4          0         68   errno.o
        18          0          0          0          0         80   fputc.o
        30          0          0          0          0          0   handlers.o
        36          8          0          0          0         68   init.o
         0          0          0          0          0          0   iusefp.o
         0          0          0          0          0          0   iusesemip.o
        98          0          0          0          0         84   ldiv.o
        30          0          0          0          0         68   llshl.o
        36          0          0          0          0         68   llsshr.o
        32          0          0          0          0         68   llushr.o
        26          0          0          0          0         80   memcmp.o
        36          0          0          0          0        108   memseta.o
      2268         96          0          0          0        616   printfa.o
         0          0          0          0          0          0   semi.o
         0          0          0          4          0          0   stdout.o
        28          0          0          0          0         76   strcmp.o
        36          0          0          0          0         80   strstr.o
        44          0          0          0          0         80   uidiv.o
        98          0          0          0          0         92   uldiv.o
        48          0          0          0          0         68   cdcmple.o
        48          0          0          0          0         68   cdrcmple.o
        20          0          0          0          0         68   cfcmple.o
        20          0          0          0          0         68   cfrcmple.o
        56          0          0          0          0         88   d2f.o
       334          0          0          0          0        148   dadd.o
       222          0          0          0          0        100   ddiv.o
       186          0          0          0          0        176   depilogue.o
        48          0          0          0          0         68   dfixul.o
        34          0          0          0          0         76   dflti.o
       228          0          0          0          0         96   dmul.o
        46          0          0          0          0         80   dscalb.o
       162          0          0          0          0        100   dsqrt.o
        38          0          0          0          0         68   f2d.o
       176          0          0          0          0        140   fadd.o
       124          0          0          0          0         88   fdiv.o
       110          0          0          0          0        168   fepilogue.o
        50          0          0          0          0         68   ffixi.o
        40          0          0          0          0         68   ffixui.o
        18          0          0          0          0         68   fflti.o
        10          0          0          0          0         68   ffltui.o
       100          0          0          0          0         76   fmul.o

    ----------------------------------------------------------------------
      6968        284        240          8          0       4608   Library Totals
         8          0          0          0          0          0   (incl. Padding)

    ----------------------------------------------------------------------

      Code (inc. data)   RO Data    RW Data    ZI Data      Debug   Library Name

      1904        166        240          0          0        956   m_ws.l
      2938        118          0          8          0       1636   mc_w.l
      2118          0          0          0          0       2016   mf_w.l

    ----------------------------------------------------------------------
      6968        284        240          8          0       4608   Library Totals

    ----------------------------------------------------------------------

==============================================================================


      Code (inc. data)   RO Data    RW Data    ZI Data      Debug   

     24236       1512       5876       2096       7296     363030   Grand Totals
     24236       1512       5876        944       7296     363030   ELF Image Totals (compressed)
     24236       1512       5876        944          0          0   ROM Totals

==============================================================================

    Total RO  Size (Code + RO Data)                30112 (  29.41kB)
    Total RW  Size (RW Data + ZI Data)              9392 (   9.17kB)
    Total ROM Size (Code + RO Data + RW Data)      31056 (  30.33kB)

==============================================================================

