Archive member included to satisfy reference by file (symbol)

d:/software/embededtools/drivers/gcc-arm-none-eabi/bin/../lib/gcc/arm-none-eabi/10.3.1/thumb/v7-m/nofp\libgcc.a(_arm_muldf3.o)
                              CMakeFiles/Dance.elf.dir/Src/inv_mpu.c.obj (__aeabi_dmul)
d:/software/embededtools/drivers/gcc-arm-none-eabi/bin/../lib/gcc/arm-none-eabi/10.3.1/thumb/v7-m/nofp\libgcc.a(_arm_mulsf3.o)
                              CMakeFiles/Dance.elf.dir/Src/freertos.c.obj (__aeabi_fmul)
d:/software/embededtools/drivers/gcc-arm-none-eabi/bin/../lib/gcc/arm-none-eabi/10.3.1/thumb/v7-m/nofp\libgcc.a(_arm_addsubdf3.o)
                              CMakeFiles/Dance.elf.dir/Src/imu.c.obj (__aeabi_dadd)
d:/software/embededtools/drivers/gcc-arm-none-eabi/bin/../lib/gcc/arm-none-eabi/10.3.1/thumb/v7-m/nofp\libgcc.a(_arm_muldivdf3.o)
                              CMakeFiles/Dance.elf.dir/Src/freertos.c.obj (__aeabi_ddiv)
d:/software/embededtools/drivers/gcc-arm-none-eabi/bin/../lib/gcc/arm-none-eabi/10.3.1/thumb/v7-m/nofp\libgcc.a(_arm_truncdfsf2.o)
                              CMakeFiles/Dance.elf.dir/Src/freertos.c.obj (__aeabi_d2f)
d:/software/embededtools/drivers/gcc-arm-none-eabi/bin/../lib/gcc/arm-none-eabi/10.3.1/thumb/v7-m/nofp\libgcc.a(_arm_addsubsf3.o)
                              CMakeFiles/Dance.elf.dir/Src/inv_mpu.c.obj (__aeabi_fsub)
d:/software/embededtools/drivers/gcc-arm-none-eabi/bin/../lib/gcc/arm-none-eabi/10.3.1/thumb/v7-m/nofp\libgcc.a(_arm_muldivsf3.o)
                              CMakeFiles/Dance.elf.dir/Src/freertos.c.obj (__aeabi_fdiv)
d:/software/embededtools/drivers/gcc-arm-none-eabi/bin/../lib/gcc/arm-none-eabi/10.3.1/thumb/v7-m/nofp\libgcc.a(_arm_cmpsf2.o)
                              CMakeFiles/Dance.elf.dir/Src/inv_mpu.c.obj (__aeabi_fcmpeq)
d:/software/embededtools/drivers/gcc-arm-none-eabi/bin/../lib/gcc/arm-none-eabi/10.3.1/thumb/v7-m/nofp\libgcc.a(_arm_fixsfsi.o)
                              CMakeFiles/Dance.elf.dir/Src/freertos.c.obj (__aeabi_f2iz)
d:/software/embededtools/drivers/gcc-arm-none-eabi/bin/../lib/gcc/arm-none-eabi/10.3.1/thumb/v7-m/nofp\libgcc.a(_arm_fixunssfsi.o)
                              CMakeFiles/Dance.elf.dir/Src/freertos.c.obj (__aeabi_f2uiz)
d:/software/embededtools/drivers/gcc-arm-none-eabi/bin/../lib/gcc/arm-none-eabi/10.3.1/thumb/v7-m/nofp\libgcc.a(_aeabi_ldivmod.o)
                              CMakeFiles/Dance.elf.dir/Src/inv_mpu.c.obj (__aeabi_ldivmod)
d:/software/embededtools/drivers/gcc-arm-none-eabi/bin/../lib/gcc/arm-none-eabi/10.3.1/thumb/v7-m/nofp\libgcc.a(_udivmoddi4.o)
                              d:/software/embededtools/drivers/gcc-arm-none-eabi/bin/../lib/gcc/arm-none-eabi/10.3.1/thumb/v7-m/nofp\libgcc.a(_aeabi_ldivmod.o) (__udivmoddi4)
d:/software/embededtools/drivers/gcc-arm-none-eabi/bin/../lib/gcc/arm-none-eabi/10.3.1/thumb/v7-m/nofp\libgcc.a(_dvmd_tls.o)
                              d:/software/embededtools/drivers/gcc-arm-none-eabi/bin/../lib/gcc/arm-none-eabi/10.3.1/thumb/v7-m/nofp\libgcc.a(_aeabi_ldivmod.o) (__aeabi_ldiv0)
d:/software/embededtools/drivers/gcc-arm-none-eabi/bin/../lib/gcc/arm-none-eabi/10.3.1/../../../../arm-none-eabi/lib/thumb/v7-m/nofp\libg_nano.a(lib_a-errno.o)
                              CMakeFiles/Dance.elf.dir/Src/syscalls.c.obj (__errno)
d:/software/embededtools/drivers/gcc-arm-none-eabi/bin/../lib/gcc/arm-none-eabi/10.3.1/../../../../arm-none-eabi/lib/thumb/v7-m/nofp\libg_nano.a(lib_a-exit.o)
                              d:/software/embededtools/drivers/gcc-arm-none-eabi/bin/../lib/gcc/arm-none-eabi/10.3.1/../../../../arm-none-eabi/lib/thumb/v7-m/nofp/crt0.o (exit)
d:/software/embededtools/drivers/gcc-arm-none-eabi/bin/../lib/gcc/arm-none-eabi/10.3.1/../../../../arm-none-eabi/lib/thumb/v7-m/nofp\libg_nano.a(lib_a-impure.o)
                              d:/software/embededtools/drivers/gcc-arm-none-eabi/bin/../lib/gcc/arm-none-eabi/10.3.1/../../../../arm-none-eabi/lib/thumb/v7-m/nofp\libg_nano.a(lib_a-exit.o) (_global_impure_ptr)
d:/software/embededtools/drivers/gcc-arm-none-eabi/bin/../lib/gcc/arm-none-eabi/10.3.1/../../../../arm-none-eabi/lib/thumb/v7-m/nofp\libg_nano.a(lib_a-init.o)
                              d:/software/embededtools/drivers/gcc-arm-none-eabi/bin/../lib/gcc/arm-none-eabi/10.3.1/../../../../arm-none-eabi/lib/thumb/v7-m/nofp/crt0.o (__libc_init_array)
d:/software/embededtools/drivers/gcc-arm-none-eabi/bin/../lib/gcc/arm-none-eabi/10.3.1/../../../../arm-none-eabi/lib/thumb/v7-m/nofp\libg_nano.a(lib_a-memcmp.o)
                              CMakeFiles/Dance.elf.dir/Src/inv_mpu.c.obj (memcmp)
d:/software/embededtools/drivers/gcc-arm-none-eabi/bin/../lib/gcc/arm-none-eabi/10.3.1/../../../../arm-none-eabi/lib/thumb/v7-m/nofp\libg_nano.a(lib_a-memcpy-stub.o)
                              CMakeFiles/Dance.elf.dir/Middlewares/Third_Party/FreeRTOS/Source/queue.c.obj (memcpy)
[...]
Memory Configuration

Name             Origin             Length             Attributes
RAM              0x20000000         0x00005000         xrw
FLASH            0x08000000         0x00010000         xr
*default*        0x00000000         0xffffffff

Linker script and memory map

LOAD d:/software/embededtools/drivers/gcc-arm-none-eabi/bin/../lib/gcc/arm-none-eabi/10.3.1/thumb/v7-m/nofp/crti.o
LOAD d:/software/embededtools/drivers/gcc-arm-none-eabi/bin/../lib/gcc/arm-none-eabi/10.3.1/thumb/v7-m/nofp/crtbegin.o
LOAD d:/software/embededtools/drivers/gcc-arm-none-eabi/bin/../lib/gcc/arm-none-eabi/10.3.1/../../../../arm-none-eabi/lib/thumb/v7-m/nofp/crt0.o
LOAD CMakeFiles/Dance.elf.dir/Drivers/STM32F1xx_HAL_Driver/Src/stm32f1xx_hal.c.obj
LOAD CMakeFiles/Dance.elf.dir/Drivers/STM32F1xx_HAL_Driver/Src/stm32f1xx_hal_cortex.c.obj
LOAD CMakeFiles/Dance.elf.dir/Drivers/STM32F1xx_HAL_Driver/Src/stm32f1xx_hal_dma.c.obj
LOAD CMakeFiles/Dance.elf.dir/Drivers/STM32F1xx_HAL_Driver/Src/stm32f1xx_hal_exti.c.obj
LOAD CMakeFiles/Dance.elf.dir/Drivers/STM32F1xx_HAL_Driver/Src/stm32f1xx_hal_flash.c.obj
LOAD CMakeFiles/Dance.elf.dir/Drivers/STM32F1xx_HAL_Driver/Src/stm32f1xx_hal_flash_ex.c.obj
LOAD CMakeFiles/Dance.elf.dir/Drivers/STM32F1xx_HAL_Driver/Src/stm32f1xx_hal_gpio.c.obj
LOAD CMakeFiles/Dance.elf.dir/Drivers/STM32F1xx_HAL_Driver/Src/stm32f1xx_hal_gpio_ex.c.obj
LOAD CMakeFiles/Dance.elf.dir/Drivers/STM32F1xx_HAL_Driver/Src/stm32f1xx_hal_i2c.c.obj
LOAD CMakeFiles/Dance.elf.dir/Drivers/STM32F1xx_HAL_Driver/Src/stm32f1xx_hal_pwr.c.obj
LOAD CMakeFiles/Dance.elf.dir/Drivers/STM32F1xx_HAL_Driver/Src/stm32f1xx_hal_rcc.c.obj
LOAD CMakeFiles/Dance.elf.dir/Drivers/STM32F1xx_HAL_Driver/Src/stm32f1xx_hal_rcc_ex.c.obj
LOAD CMakeFiles/Dance.elf.dir/Drivers/STM32F1xx_HAL_Driver/Src/stm32f1xx_hal_tim.c.obj
LOAD CMakeFiles/Dance.elf.dir/Drivers/STM32F1xx_HAL_Driver/Src/stm32f1xx_hal_tim_ex.c.obj
LOAD CMakeFiles/Dance.elf.dir/Drivers/STM32F1xx_HAL_Driver/Src/stm32f1xx_hal_uart.c.obj
LOAD CMakeFiles/Dance.elf.dir/Middlewares/Third_Party/FreeRTOS/Source/CMSIS_RTOS/cmsis_os.c.obj
LOAD CMakeFiles/Dance.elf.dir/Middlewares/Third_Party/FreeRTOS/Source/croutine.c.obj
LOAD CMakeFiles/Dance.elf.dir/Middlewares/Third_Party/FreeRTOS/Source/event_groups.c.obj
LOAD CMakeFiles/Dance.elf.dir/Middlewares/Third_Party/FreeRTOS/Source/list.c.obj
LOAD CMakeFiles/Dance.elf.dir/Middlewares/Third_Party/FreeRTOS/Source/portable/GCC/ARM_CM3/port.c.obj
LOAD CMakeFiles/Dance.elf.dir/Middlewares/Third_Party/FreeRTOS/Source/portable/MemMang/heap_4.c.obj
LOAD CMakeFiles/Dance.elf.dir/Middlewares/Third_Party/FreeRTOS/Source/queue.c.obj
LOAD CMakeFiles/Dance.elf.dir/Middlewares/Third_Party/FreeRTOS/Source/stream_buffer.c.obj
LOAD CMakeFiles/Dance.elf.dir/Middlewares/Third_Party/FreeRTOS/Source/tasks.c.obj
LOAD CMakeFiles/Dance.elf.dir/Middlewares/Third_Party/FreeRTOS/Source/timers.c.obj
LOAD CMakeFiles/Dance.elf.dir/Src/freertos.c.obj
LOAD CMakeFiles/Dance.elf.dir/Src/gpio.c.obj
LOAD CMakeFiles/Dance.elf.dir/Src/i2c.c.obj
LOAD CMakeFiles/Dance.elf.dir/Src/imu.c.obj
LOAD CMakeFiles/Dance.elf.dir/Src/inv_mpu.c.obj
LOAD CMakeFiles/Dance.elf.dir/Src/inv_mpu_dmp_motion_driver.c.obj
LOAD CMakeFiles/Dance.elf.dir/Src/kalman.c.obj
LOAD CMakeFiles/Dance.elf.dir/Src/main.c.obj
LOAD CMakeFiles/Dance.elf.dir/Src/oled.c.obj
LOAD CMakeFiles/Dance.elf.dir/Src/stm32f1xx_hal_msp.c.obj
LOAD CMakeFiles/Dance.elf.dir/Src/stm32f1xx_hal_timebase_tim.c.obj
LOAD CMakeFiles/Dance.elf.dir/Src/stm32f1xx_it.c.obj
LOAD CMakeFiles/Dance.elf.dir/Src/syscalls.c.obj
LOAD CMakeFiles/Dance.elf.dir/Src/system_stm32f1xx.c.obj
LOAD CMakeFiles/Dance.elf.dir/Src/usart.c.obj
LOAD CMakeFiles/Dance.elf.dir/startup/startup_stm32f103xb.s.obj
START GROUP
LOAD d:/software/embededtools/drivers/gcc-arm-none-eabi/bin/../lib/gcc/arm-none-eabi/10.3.1/thumb/v7-m/nofp\libgcc.a
LOAD d:/software/embededtools/drivers/gcc-arm-none-eabi/bin/../lib/gcc/arm-none-eabi/10.3.1/../../../../arm-none-eabi/lib/thumb/v7-m/nofp\libg_nano.a
LOAD d:/software/embededtools/drivers/gcc-arm-none-eabi/bin/../lib/gcc/arm-none-eabi/10.3.1/../../../../arm-none-eabi/lib/thumb/v7-m/nofp\libc_nano.a
END GROUP
START GROUP
LOAD d:/software/embededtools/drivers/gcc-arm-none-eabi/bin/../lib/gcc/arm-none-eabi/10.3.1/thumb/v7-m/nofp\libgcc.a
LOAD d:/software/embededtools/drivers/gcc-arm-none-eabi/bin/../lib/gcc/arm-none-eabi/10.3.1/../../../../arm-none-eabi/lib/thumb/v7-m/nofp\libc_nano.a
LOAD d:/software/embededtools/drivers/gcc-arm-none-eabi/bin/../lib/gcc/arm-none-eabi/10.3.1/../../../../arm-none-eabi/lib/thumb/v7-m/nofp\libnosys.a
END GROUP
START GROUP
LOAD d:/software/embededtools/drivers/gcc-arm-none-eabi/bin/../lib/gcc/arm-none-eabi/10.3.1/thumb/v7-m/nofp\libgcc.a
LOAD d:/software/embededtools/drivers/gcc-arm-none-eabi/bin/../lib/gcc/arm-none-eabi/10.3.1/../../../../arm-none-eabi/lib/thumb/v7-m/nofp\libc_nano.a
LOAD d:/software/embededtools/drivers/gcc-arm-none-eabi/bin/../lib/gcc/arm-none-eabi/10.3.1/../../../../arm-none-eabi/lib/thumb/v7-m/nofp\libnosys.a
END GROUP
LOAD d:/software/embededtools/drivers/gcc-arm-none-eabi/bin/../lib/gcc/arm-none-eabi/10.3.1/thumb/v7-m/nofp/crtend.o
LOAD d:/software/embededtools/drivers/gcc-arm-none-eabi/bin/../lib/gcc/arm-none-eabi/10.3.1/thumb/v7-m/nofp/crtn.o
                0x20005000                _estack = 0x20005000
                0x00000600                _Min_Heap_Size = 0x600
                0x00000400                _Min_Stack_Size = 0x400

.isr_vector     0x08000000      0x10c
                0x08000000                . = ALIGN (0x4)
 *(.isr_vector)
 .isr_vector    0x08000000      0x10c CMakeFiles/Dance.elf.dir/startup/startup_stm32f103xb.s.obj
                0x08000000                g_pfnVectors
                0x0800010c                . = ALIGN (0x4)

.text           0x08000110     0xc1d4
                0x08000110                . = ALIGN (0x4)
 *(.text)
 .text          0x08000110       0x40 d:/software/embededtools/drivers/gcc-arm-none-eabi/bin/../lib/gcc/arm-none-eabi/10.3.1/thumb/v7-m/nofp/crtbegin.o
 .text          0x08000150      0x378 d:/software/embededtools/drivers/gcc-arm-none-eabi/bin/../lib/gcc/arm-none-eabi/10.3.1/thumb/v7-m/nofp\libgcc.a(_arm_addsubdf3.o)
                0x08000150                __aeabi_drsub
                0x08000158                __aeabi_dsub
                0x08000158                __subdf3
                0x0800015c                __aeabi_dadd
                0x0800015c                __adddf3
                0x080003d4                __floatunsidf
                0x080003d4                __aeabi_ui2d
                0x080003f4                __floatsidf
                0x080003f4                __aeabi_i2d
                0x08000418                __aeabi_f2d
                0x08000418                __extendsfdf2
                0x0800045c                __floatundidf
                0x0800045c                __aeabi_ul2d
                0x0800046c                __floatdidf
                0x0800046c                __aeabi_l2d
 .text          0x080004c8      0x424 d:/software/embededtools/drivers/gcc-arm-none-eabi/bin/../lib/gcc/arm-none-eabi/10.3.1/thumb/v7-m/nofp\libgcc.a(_arm_muldivdf3.o)
                0x080004c8                __aeabi_dmul
                0x080004c8                __muldf3
                0x0800071c                __divdf3
                0x0800071c                __aeabi_ddiv
 .text          0x080008ec       0xa0 d:/software/embededtools/drivers/gcc-arm-none-eabi/bin/../lib/gcc/arm-none-eabi/10.3.1/thumb/v7-m/nofp\libgcc.a(_arm_truncdfsf2.o)
                0x080008ec                __truncdfsf2
                0x080008ec                __aeabi_d2f
 .text          0x0800098c      0x21c d:/software/embededtools/drivers/gcc-arm-none-eabi/bin/../lib/gcc/arm-none-eabi/10.3.1/thumb/v7-m/nofp\libgcc.a(_arm_addsubsf3.o)
                0x0800098c                __aeabi_frsub
                0x08000994                __subsf3
                0x08000994                __aeabi_fsub
                0x08000998                __aeabi_fadd
                0x08000998                __addsf3
                0x08000af8                __aeabi_ui2f
                0x08000af8                __floatunsisf
                0x08000b00                __aeabi_i2f
                0x08000b00                __floatsisf
                0x08000b1c                __aeabi_ul2f
                0x08000b1c                __floatundisf
                0x08000b2c                __aeabi_l2f
                0x08000b2c                __floatdisf
 .text          0x08000ba8      0x2a0 d:/software/embededtools/drivers/gcc-arm-none-eabi/bin/../lib/gcc/arm-none-eabi/10.3.1/thumb/v7-m/nofp\libgcc.a(_arm_muldivsf3.o)
                0x08000ba8                __mulsf3
                0x08000ba8                __aeabi_fmul
                0x08000d10                __aeabi_fdiv
                0x08000d10                __divsf3
 .text          0x08000e48       0xec d:/software/embededtools/drivers/gcc-arm-none-eabi/bin/../lib/gcc/arm-none-eabi/10.3.1/thumb/v7-m/nofp\libgcc.a(_arm_cmpsf2.o)
                0x08000e48                __gesf2
                0x08000e48                __gtsf2
                0x08000e50                __lesf2
                0x08000e50                __ltsf2
                0x08000e58                __nesf2
                0x08000e58                __eqsf2
                0x08000e58                __cmpsf2
                0x08000eb8                __aeabi_cfrcmple
                0x08000ec0                __aeabi_cfcmpeq
                0x08000ec0                __aeabi_cfcmple
                0x08000ed0                __aeabi_fcmpeq
                0x08000ee4                __aeabi_fcmplt
                0x08000ef8                __aeabi_fcmple
                0x08000f0c                __aeabi_fcmpge
                0x08000f20                __aeabi_fcmpgt
 .text          0x08000f34       0x4c d:/software/embededtools/drivers/gcc-arm-none-eabi/bin/../lib/gcc/arm-none-eabi/10.3.1/thumb/v7-m/nofp\libgcc.a(_arm_fixsfsi.o)
                0x08000f34                __aeabi_f2iz
                0x08000f34                __fixsfsi
 .text          0x08000f80       0x40 d:/software/embededtools/drivers/gcc-arm-none-eabi/bin/../lib/gcc/arm-none-eabi/10.3.1/thumb/v7-m/nofp\libgcc.a(_arm_fixunssfsi.o)
                0x08000f80                __fixunssfsi
                0x08000f80                __aeabi_f2uiz
 .text          0x08000fc0       0xa0 d:/software/embededtools/drivers/gcc-arm-none-eabi/bin/../lib/gcc/arm-none-eabi/10.3.1/thumb/v7-m/nofp\libgcc.a(_aeabi_ldivmod.o)
                0x08000fc0                __aeabi_ldivmod
 .text          0x08001060      0x2d4 d:/software/embededtools/drivers/gcc-arm-none-eabi/bin/../lib/gcc/arm-none-eabi/10.3.1/thumb/v7-m/nofp\libgcc.a(_udivmoddi4.o)
                0x08001060                __udivmoddi4
 .text          0x08001334        0x4 d:/software/embededtools/drivers/gcc-arm-none-eabi/bin/../lib/gcc/arm-none-eabi/10.3.1/thumb/v7-m/nofp\libgcc.a(_dvmd_tls.o)
                0x08001334                __aeabi_idiv0
                0x08001334                __aeabi_ldiv0
 .text          0x08001338      0x110 d:/software/embededtools/drivers/gcc-arm-none-eabi/bin/../lib/gcc/arm-none-eabi/10.3.1/thumb/v7-m/nofp\libgcc.a(_arm_cmpdf2.o)
                0x08001338                __gtdf2
                0x08001338                __gedf2
                0x08001340                __ltdf2
                0x08001340                __ledf2
                0x08001348                __nedf2
                0x08001348                __eqdf2
                0x08001348                __cmpdf2
                0x080013c4                __aeabi_cdrcmple
                0x080013d4                __aeabi_cdcmpeq
                0x080013d4                __aeabi_cdcmple
                0x080013e4                __aeabi_dcmpeq
                0x080013f8                __aeabi_dcmplt
                0x0800140c                __aeabi_dcmple
                0x08001420                __aeabi_dcmpge
                0x08001434                __aeabi_dcmpgt
 .text          0x08001448       0x2c d:/software/embededtools/drivers/gcc-arm-none-eabi/bin/../lib/gcc/arm-none-eabi/10.3.1/thumb/v7-m/nofp\libgcc.a(_arm_unorddf2.o)
                0x08001448                __unorddf2
                0x08001448                __aeabi_dcmpun
 .text          0x08001474       0x50 d:/software/embededtools/drivers/gcc-arm-none-eabi/bin/../lib/gcc/arm-none-eabi/10.3.1/thumb/v7-m/nofp\libgcc.a(_arm_fixdfsi.o)
                0x08001474                __aeabi_d2iz
                0x08001474                __fixdfsi
 *(.text*)
 .text.HAL_Init
                0x080014c4       0x2c CMakeFiles/Dance.elf.dir/Drivers/STM32F1xx_HAL_Driver/Src/stm32f1xx_hal.c.obj
                0x080014c4                HAL_Init
 .text.HAL_IncTick
                0x080014f0       0x24 CMakeFiles/Dance.elf.dir/Drivers/STM32F1xx_HAL_Driver/Src/stm32f1xx_hal.c.obj
                0x080014f0                HAL_IncTick
 .text.HAL_GetTick
                0x08001514       0x14 CMakeFiles/Dance.elf.dir/Drivers/STM32F1xx_HAL_Driver/Src/stm32f1xx_hal.c.obj
                0x08001514                HAL_GetTick
 .text.HAL_Delay
                0x08001528       0x48 CMakeFiles/Dance.elf.dir/Drivers/STM32F1xx_HAL_Driver/Src/stm32f1xx_hal.c.obj
                0x08001528                HAL_Delay
 .text.__NVIC_SetPriorityGrouping
                0x08001570       0x48 CMakeFiles/Dance.elf.dir/Drivers/STM32F1xx_HAL_Driver/Src/stm32f1xx_hal_cortex.c.obj
 .text.__NVIC_GetPriorityGrouping
                0x080015b8       0x1c CMakeFiles/Dance.elf.dir/Drivers/STM32F1xx_HAL_Driver/Src/stm32f1xx_hal_cortex.c.obj
 .text.__NVIC_EnableIRQ
                0x080015d4       0x38 CMakeFiles/Dance.elf.dir/Drivers/STM32F1xx_HAL_Driver/Src/stm32f1xx_hal_cortex.c.obj
 .text.__NVIC_SetPriority
                0x0800160c       0x54 CMakeFiles/Dance.elf.dir/Drivers/STM32F1xx_HAL_Driver/Src/stm32f1xx_hal_cortex.c.obj
 .text.NVIC_EncodePriority
                0x08001660       0x64 CMakeFiles/Dance.elf.dir/Drivers/STM32F1xx_HAL_Driver/Src/stm32f1xx_hal_cortex.c.obj
 .text.HAL_NVIC_SetPriorityGrouping
                0x080016c4       0x16 CMakeFiles/Dance.elf.dir/Drivers/STM32F1xx_HAL_Driver/Src/stm32f1xx_hal_cortex.c.obj
                0x080016c4                HAL_NVIC_SetPriorityGrouping
 .text.HAL_NVIC_SetPriority
                0x080016da       0x38 CMakeFiles/Dance.elf.dir/Drivers/STM32F1xx_HAL_Driver/Src/stm32f1xx_hal_cortex.c.obj
                0x080016da                HAL_NVIC_SetPriority
 .text.HAL_NVIC_EnableIRQ
                0x08001712       0x1c CMakeFiles/Dance.elf.dir/Drivers/STM32F1xx_HAL_Driver/Src/stm32f1xx_hal_cortex.c.obj
                0x08001712                HAL_NVIC_EnableIRQ
 *fill*         0x0800172e        0x2 
 .text.HAL_GPIO_Init
                0x08001730      0x308 CMakeFiles/Dance.elf.dir/Drivers/STM32F1xx_HAL_Driver/Src/stm32f1xx_hal_gpio.c.obj
                0x08001730                HAL_GPIO_Init
 .text.HAL_GPIO_ReadPin
                0x08001a38       0x2e CMakeFiles/Dance.elf.dir/Drivers/STM32F1xx_HAL_Driver/Src/stm32f1xx_hal_gpio.c.obj
                0x08001a38                HAL_GPIO_ReadPin
 .text.HAL_GPIO_WritePin
                0x08001a66       0x30 CMakeFiles/Dance.elf.dir/Drivers/STM32F1xx_HAL_Driver/Src/stm32f1xx_hal_gpio.c.obj
                0x08001a66                HAL_GPIO_WritePin
 .text.HAL_GPIO_TogglePin
                0x08001a96       0x32 CMakeFiles/Dance.elf.dir/Drivers/STM32F1xx_HAL_Driver/Src/stm32f1xx_hal_gpio.c.obj
                0x08001a96                HAL_GPIO_TogglePin
 .text.HAL_I2C_Init
                0x08001ac8      0x288 CMakeFiles/Dance.elf.dir/Drivers/STM32F1xx_HAL_Driver/Src/stm32f1xx_hal_i2c.c.obj
                0x08001ac8                HAL_I2C_Init
 .text.HAL_RCC_OscConfig
                0x08001d50      0x504 CMakeFiles/Dance.elf.dir/Drivers/STM32F1xx_HAL_Driver/Src/stm32f1xx_hal_rcc.c.obj
                0x08001d50                HAL_RCC_OscConfig
 .text.HAL_RCC_ClockConfig
                0x08002254      0x1d4 CMakeFiles/Dance.elf.dir/Drivers/STM32F1xx_HAL_Driver/Src/stm32f1xx_hal_rcc.c.obj
                0x08002254                HAL_RCC_ClockConfig
 .text.HAL_RCC_GetSysClockFreq
                0x08002428       0xbc CMakeFiles/Dance.elf.dir/Drivers/STM32F1xx_HAL_Driver/Src/stm32f1xx_hal_rcc.c.obj
                0x08002428                HAL_RCC_GetSysClockFreq
 .text.HAL_RCC_GetHCLKFreq
                0x080024e4       0x14 CMakeFiles/Dance.elf.dir/Drivers/STM32F1xx_HAL_Driver/Src/stm32f1xx_hal_rcc.c.obj
                0x080024e4                HAL_RCC_GetHCLKFreq
 .text.HAL_RCC_GetPCLK1Freq
                0x080024f8       0x28 CMakeFiles/Dance.elf.dir/Drivers/STM32F1xx_HAL_Driver/Src/stm32f1xx_hal_rcc.c.obj
                0x080024f8                HAL_RCC_GetPCLK1Freq
 .text.HAL_RCC_GetPCLK2Freq
                0x08002520       0x28 CMakeFiles/Dance.elf.dir/Drivers/STM32F1xx_HAL_Driver/Src/stm32f1xx_hal_rcc.c.obj
                0x08002520                HAL_RCC_GetPCLK2Freq
 .text.HAL_RCC_GetClockConfig
                0x08002548       0x60 CMakeFiles/Dance.elf.dir/Drivers/STM32F1xx_HAL_Driver/Src/stm32f1xx_hal_rcc.c.obj
                0x08002548                HAL_RCC_GetClockConfig
 .text.RCC_Delay
                0x080025a8       0x3c CMakeFiles/Dance.elf.dir/Drivers/STM32F1xx_HAL_Driver/Src/stm32f1xx_hal_rcc.c.obj
 .text.HAL_TIM_Base_Init
                0x080025e4       0x9e CMakeFiles/Dance.elf.dir/Drivers/STM32F1xx_HAL_Driver/Src/stm32f1xx_hal_tim.c.obj
                0x080025e4                HAL_TIM_Base_Init
 .text.HAL_TIM_Base_MspInit
                0x08002682       0x12 CMakeFiles/Dance.elf.dir/Drivers/STM32F1xx_HAL_Driver/Src/stm32f1xx_hal_tim.c.obj
                0x08002682                HAL_TIM_Base_MspInit
 .text.HAL_TIM_Base_Start_IT
                0x08002694       0xa4 CMakeFiles/Dance.elf.dir/Drivers/STM32F1xx_HAL_Driver/Src/stm32f1xx_hal_tim.c.obj
                0x08002694                HAL_TIM_Base_Start_IT
 .text.HAL_TIM_IRQHandler
                0x08002738      0x210 CMakeFiles/Dance.elf.dir/Drivers/STM32F1xx_HAL_Driver/Src/stm32f1xx_hal_tim.c.obj
                0x08002738                HAL_TIM_IRQHandler
 .text.HAL_TIM_OC_DelayElapsedCallback
                0x08002948       0x12 CMakeFiles/Dance.elf.dir/Drivers/STM32F1xx_HAL_Driver/Src/stm32f1xx_hal_tim.c.obj
                0x08002948                HAL_TIM_OC_DelayElapsedCallback
 .text.HAL_TIM_IC_CaptureCallback
                0x0800295a       0x12 CMakeFiles/Dance.elf.dir/Drivers/STM32F1xx_HAL_Driver/Src/stm32f1xx_hal_tim.c.obj
                0x0800295a                HAL_TIM_IC_CaptureCallback
 .text.HAL_TIM_PWM_PulseFinishedCallback
                0x0800296c       0x12 CMakeFiles/Dance.elf.dir/Drivers/STM32F1xx_HAL_Driver/Src/stm32f1xx_hal_tim.c.obj
                0x0800296c                HAL_TIM_PWM_PulseFinishedCallback
 .text.HAL_TIM_TriggerCallback
                0x0800297e       0x12 CMakeFiles/Dance.elf.dir/Drivers/STM32F1xx_HAL_Driver/Src/stm32f1xx_hal_tim.c.obj
                0x0800297e                HAL_TIM_TriggerCallback
 .text.TIM_Base_SetConfig
                0x08002990       0xc4 CMakeFiles/Dance.elf.dir/Drivers/STM32F1xx_HAL_Driver/Src/stm32f1xx_hal_tim.c.obj
                0x08002990                TIM_Base_SetConfig
 .text.HAL_TIMEx_CommutCallback
                0x08002a54       0x12 CMakeFiles/Dance.elf.dir/Drivers/STM32F1xx_HAL_Driver/Src/stm32f1xx_hal_tim_ex.c.obj
                0x08002a54                HAL_TIMEx_CommutCallback
 .text.HAL_TIMEx_BreakCallback
                0x08002a66       0x12 CMakeFiles/Dance.elf.dir/Drivers/STM32F1xx_HAL_Driver/Src/stm32f1xx_hal_tim_ex.c.obj
                0x08002a66                HAL_TIMEx_BreakCallback
 .text.HAL_UART_Init
                0x08002a78       0x9a CMakeFiles/Dance.elf.dir/Drivers/STM32F1xx_HAL_Driver/Src/stm32f1xx_hal_uart.c.obj
                0x08002a78                HAL_UART_Init
 *fill*         0x08002b12        0x2 
 .text.UART_SetConfig
                0x08002b14      0x11c CMakeFiles/Dance.elf.dir/Drivers/STM32F1xx_HAL_Driver/Src/stm32f1xx_hal_uart.c.obj
 .text.makeFreeRtosPriority
                0x08002c30       0x2e CMakeFiles/Dance.elf.dir/Middlewares/Third_Party/FreeRTOS/Source/CMSIS_RTOS/cmsis_os.c.obj
 .text.osKernelStart
                0x08002c5e        0xe CMakeFiles/Dance.elf.dir/Middlewares/Third_Party/FreeRTOS/Source/CMSIS_RTOS/cmsis_os.c.obj
                0x08002c5e                osKernelStart
 .text.osThreadCreate
                0x08002c6c       0x98 CMakeFiles/Dance.elf.dir/Middlewares/Third_Party/FreeRTOS/Source/CMSIS_RTOS/cmsis_os.c.obj
                0x08002c6c                osThreadCreate
 .text.osDelay  0x08002d04       0x28 CMakeFiles/Dance.elf.dir/Middlewares/Third_Party/FreeRTOS/Source/CMSIS_RTOS/cmsis_os.c.obj
                0x08002d04                osDelay
 .text.vListInitialise
                0x08002d2c       0x3e CMakeFiles/Dance.elf.dir/Middlewares/Third_Party/FreeRTOS/Source/list.c.obj
                0x08002d2c                vListInitialise
 .text.vListInitialiseItem
                0x08002d6a       0x18 CMakeFiles/Dance.elf.dir/Middlewares/Third_Party/FreeRTOS/Source/list.c.obj
                0x08002d6a                vListInitialiseItem
 .text.vListInsertEnd
                0x08002d82       0x46 CMakeFiles/Dance.elf.dir/Middlewares/Third_Party/FreeRTOS/Source/list.c.obj
                0x08002d82                vListInsertEnd
 .text.vListInsert
                0x08002dc8       0x70 CMakeFiles/Dance.elf.dir/Middlewares/Third_Party/FreeRTOS/Source/list.c.obj
                0x08002dc8                vListInsert
 .text.uxListRemove
                0x08002e38       0x52 CMakeFiles/Dance.elf.dir/Middlewares/Third_Party/FreeRTOS/Source/list.c.obj
                0x08002e38                uxListRemove
 *fill*         0x08002e8a        0x2 
 .text.pxPortInitialiseStack
                0x08002e8c       0x58 CMakeFiles/Dance.elf.dir/Middlewares/Third_Party/FreeRTOS/Source/portable/GCC/ARM_CM3/port.c.obj
                0x08002e8c                pxPortInitialiseStack
 .text.prvTaskExitError
                0x08002ee4       0x58 CMakeFiles/Dance.elf.dir/Middlewares/Third_Party/FreeRTOS/Source/portable/GCC/ARM_CM3/port.c.obj
 *fill*         0x08002f3c        0x4 
 .text.SVC_Handler
                0x08002f40       0x28 CMakeFiles/Dance.elf.dir/Middlewares/Third_Party/FreeRTOS/Source/portable/GCC/ARM_CM3/port.c.obj
                0x08002f40                SVC_Handler
 .text.prvPortStartFirstTask
                0x08002f68       0x20 CMakeFiles/Dance.elf.dir/Middlewares/Third_Party/FreeRTOS/Source/portable/GCC/ARM_CM3/port.c.obj
 .text.xPortStartScheduler
                0x08002f88       0xe4 CMakeFiles/Dance.elf.dir/Middlewares/Third_Party/FreeRTOS/Source/portable/GCC/ARM_CM3/port.c.obj
                0x08002f88                xPortStartScheduler
 .text.vPortEnterCritical
                0x0800306c       0x60 CMakeFiles/Dance.elf.dir/Middlewares/Third_Party/FreeRTOS/Source/portable/GCC/ARM_CM3/port.c.obj
                0x0800306c                vPortEnterCritical
 .text.vPortExitCritical
                0x080030cc       0x50 CMakeFiles/Dance.elf.dir/Middlewares/Third_Party/FreeRTOS/Source/portable/GCC/ARM_CM3/port.c.obj
                0x080030cc                vPortExitCritical
 *fill*         0x0800311c        0x4 
 .text.PendSV_Handler
                0x08003120       0x48 CMakeFiles/Dance.elf.dir/Middlewares/Third_Party/FreeRTOS/Source/portable/GCC/ARM_CM3/port.c.obj
                0x08003120                PendSV_Handler
 .text.SysTick_Handler
                0x08003168       0x44 CMakeFiles/Dance.elf.dir/Middlewares/Third_Party/FreeRTOS/Source/portable/GCC/ARM_CM3/port.c.obj
                0x08003168                SysTick_Handler
 .text.vPortSetupTimerInterrupt
                0x080031ac       0x44 CMakeFiles/Dance.elf.dir/Middlewares/Third_Party/FreeRTOS/Source/portable/GCC/ARM_CM3/port.c.obj
                0x080031ac                vPortSetupTimerInterrupt
 .text.pvPortMalloc
                0x080031f0      0x188 CMakeFiles/Dance.elf.dir/Middlewares/Third_Party/FreeRTOS/Source/portable/MemMang/heap_4.c.obj
                0x080031f0                pvPortMalloc
 .text.vPortFree
                0x08003378       0xb4 CMakeFiles/Dance.elf.dir/Middlewares/Third_Party/FreeRTOS/Source/portable/MemMang/heap_4.c.obj
                0x08003378                vPortFree
 .text.prvHeapInit
                0x0800342c       0xc4 CMakeFiles/Dance.elf.dir/Middlewares/Third_Party/FreeRTOS/Source/portable/MemMang/heap_4.c.obj
 .text.prvInsertBlockIntoFreeList
                0x080034f0       0xb0 CMakeFiles/Dance.elf.dir/Middlewares/Third_Party/FreeRTOS/Source/portable/MemMang/heap_4.c.obj
 .text.xTaskCreateStatic
                0x080035a0       0xb8 CMakeFiles/Dance.elf.dir/Middlewares/Third_Party/FreeRTOS/Source/tasks.c.obj
                0x080035a0                xTaskCreateStatic
 .text.xTaskCreate
                0x08003658       0x8a CMakeFiles/Dance.elf.dir/Middlewares/Third_Party/FreeRTOS/Source/tasks.c.obj
                0x08003658                xTaskCreate
 .text.prvInitialiseNewTask
                0x080036e2       0xfe CMakeFiles/Dance.elf.dir/Middlewares/Third_Party/FreeRTOS/Source/tasks.c.obj
 .text.prvAddNewTaskToReadyList
                0x080037e0       0xd4 CMakeFiles/Dance.elf.dir/Middlewares/Third_Party/FreeRTOS/Source/tasks.c.obj
 .text.vTaskDelay
                0x080038b4       0x68 CMakeFiles/Dance.elf.dir/Middlewares/Third_Party/FreeRTOS/Source/tasks.c.obj
                0x080038b4                vTaskDelay
 .text.vTaskStartScheduler
                0x0800391c       0xc0 CMakeFiles/Dance.elf.dir/Middlewares/Third_Party/FreeRTOS/Source/tasks.c.obj
                0x0800391c                vTaskStartScheduler
 .text.vTaskSuspendAll
                0x080039dc       0x1c CMakeFiles/Dance.elf.dir/Middlewares/Third_Party/FreeRTOS/Source/tasks.c.obj
                0x080039dc                vTaskSuspendAll
 .text.xTaskResumeAll
                0x080039f8      0x138 CMakeFiles/Dance.elf.dir/Middlewares/Third_Party/FreeRTOS/Source/tasks.c.obj
                0x080039f8                xTaskResumeAll
 .text.xTaskIncrementTick
                0x08003b30      0x17c CMakeFiles/Dance.elf.dir/Middlewares/Third_Party/FreeRTOS/Source/tasks.c.obj
                0x08003b30                xTaskIncrementTick
 .text.vTaskSwitchContext
                0x08003cac       0xb4 CMakeFiles/Dance.elf.dir/Middlewares/Third_Party/FreeRTOS/Source/tasks.c.obj
                0x08003cac                vTaskSwitchContext
 .text.prvIdleTask
                0x08003d60       0x30 CMakeFiles/Dance.elf.dir/Middlewares/Third_Party/FreeRTOS/Source/tasks.c.obj
 .text.prvInitialiseTaskLists
                0x08003d90       0x80 CMakeFiles/Dance.elf.dir/Middlewares/Third_Party/FreeRTOS/Source/tasks.c.obj
 .text.prvCheckTasksWaitingTermination
                0x08003e10       0x5c CMakeFiles/Dance.elf.dir/Middlewares/Third_Party/FreeRTOS/Source/tasks.c.obj
 .text.prvDeleteTCB
                0x08003e6c       0x5e CMakeFiles/Dance.elf.dir/Middlewares/Third_Party/FreeRTOS/Source/tasks.c.obj
 *fill*         0x08003eca        0x2 
 .text.prvResetNextTaskUnblockTime
                0x08003ecc       0x48 CMakeFiles/Dance.elf.dir/Middlewares/Third_Party/FreeRTOS/Source/tasks.c.obj
 .text.prvAddCurrentTaskToDelayedList
                0x08003f14       0xcc CMakeFiles/Dance.elf.dir/Middlewares/Third_Party/FreeRTOS/Source/tasks.c.obj
 .text.vApplicationGetIdleTaskMemory
                0x08003fe0       0x30 CMakeFiles/Dance.elf.dir/Src/freertos.c.obj
                0x08003fe0                vApplicationGetIdleTaskMemory
 .text.MX_FREERTOS_Init
                0x08004010       0x94 CMakeFiles/Dance.elf.dir/Src/freertos.c.obj
                0x08004010                MX_FREERTOS_Init
 .text.matconv  0x080040a4       0xd8 CMakeFiles/Dance.elf.dir/Src/freertos.c.obj
                0x080040a4                matconv
 *fill*         0x0800417c        0x4 
 .text.rotate   0x08004180      0x2a8 CMakeFiles/Dance.elf.dir/Src/freertos.c.obj
                0x08004180                rotate
 .text.StartOLEDTask
                0x08004428      0x2f4 CMakeFiles/Dance.elf.dir/Src/freertos.c.obj
                0x08004428                StartOLEDTask
 .text.StartIMUTask
                0x0800471c       0x28 CMakeFiles/Dance.elf.dir/Src/freertos.c.obj
                0x0800471c                StartIMUTask
 .text.StartBTTask
                0x08004744       0x44 CMakeFiles/Dance.elf.dir/Src/freertos.c.obj
                0x08004744                StartBTTask
 .text.MX_GPIO_Init
                0x08004788       0xd8 CMakeFiles/Dance.elf.dir/Src/gpio.c.obj
                0x08004788                MX_GPIO_Init
 .text.Key1_Scan
                0x08004860       0x38 CMakeFiles/Dance.elf.dir/Src/gpio.c.obj
                0x08004860                Key1_Scan
 .text.Key2_Scan
                0x08004898       0x38 CMakeFiles/Dance.elf.dir/Src/gpio.c.obj
                0x08004898                Key2_Scan
 .text.MX_I2C1_Init
                0x080048d0       0x5c CMakeFiles/Dance.elf.dir/Src/i2c.c.obj
                0x080048d0                MX_I2C1_Init
 .text.HAL_I2C_MspInit
                0x0800492c       0x7c CMakeFiles/Dance.elf.dir/Src/i2c.c.obj
                0x0800492c                HAL_I2C_MspInit
 .text.i2c_Delay
                0x080049a8       0x24 CMakeFiles/Dance.elf.dir/Src/i2c.c.obj
 .text.i2c_Start
                0x080049cc       0x40 CMakeFiles/Dance.elf.dir/Src/i2c.c.obj
                0x080049cc                i2c_Start
 .text.i2c_Stop
                0x08004a0c       0x30 CMakeFiles/Dance.elf.dir/Src/i2c.c.obj
                0x08004a0c                i2c_Stop
 .text.i2c_SendByte
                0x08004a3c       0x80 CMakeFiles/Dance.elf.dir/Src/i2c.c.obj
                0x08004a3c                i2c_SendByte
 .text.i2c_ReadByte
                0x08004abc       0x74 CMakeFiles/Dance.elf.dir/Src/i2c.c.obj
                0x08004abc                i2c_ReadByte
 .text.i2c_WaitAck
                0x08004b30       0x58 CMakeFiles/Dance.elf.dir/Src/i2c.c.obj
                0x08004b30                i2c_WaitAck
 .text.i2c_Ack  0x08004b88       0x40 CMakeFiles/Dance.elf.dir/Src/i2c.c.obj
                0x08004b88                i2c_Ack
 .text.i2c_NAck
                0x08004bc8       0x38 CMakeFiles/Dance.elf.dir/Src/i2c.c.obj
                0x08004bc8                i2c_NAck
 .text.i2c_GPIO_Config
                0x08004c00       0x4c CMakeFiles/Dance.elf.dir/Src/i2c.c.obj
                0x08004c00                i2c_GPIO_Config
 .text.MPU6050_WriteReg
                0x08004c4c       0x42 CMakeFiles/Dance.elf.dir/Src/imu.c.obj
                0x08004c4c                MPU6050_WriteReg
 .text.MPU_Write_Len
                0x08004c8e       0x84 CMakeFiles/Dance.elf.dir/Src/imu.c.obj
                0x08004c8e                MPU_Write_Len
 .text.MPU_Read_Len
                0x08004d12       0xa4 CMakeFiles/Dance.elf.dir/Src/imu.c.obj
                0x08004d12                MPU_Read_Len
 .text.MPU6050_Init
                0x08004db6       0x66 CMakeFiles/Dance.elf.dir/Src/imu.c.obj
                0x08004db6                MPU6050_Init
 .text.set_int_enable
                0x08004e1c       0xb4 CMakeFiles/Dance.elf.dir/Src/inv_mpu.c.obj
 .text.mpu_init
                0x08004ed0      0x228 CMakeFiles/Dance.elf.dir/Src/inv_mpu.c.obj
                0x08004ed0                mpu_init
 .text.mpu_lp_accel_mode
                0x080050f8       0xf8 CMakeFiles/Dance.elf.dir/Src/inv_mpu.c.obj
                0x080050f8                mpu_lp_accel_mode
 .text.mpu_reset_fifo
                0x080051f0      0x208 CMakeFiles/Dance.elf.dir/Src/inv_mpu.c.obj
                0x080051f0                mpu_reset_fifo
 .text.mpu_get_gyro_fsr
                0x080053f8       0x68 CMakeFiles/Dance.elf.dir/Src/inv_mpu.c.obj
                0x080053f8                mpu_get_gyro_fsr
 .text.mpu_set_gyro_fsr
                0x08005460       0xa8 CMakeFiles/Dance.elf.dir/Src/inv_mpu.c.obj
                0x08005460                mpu_set_gyro_fsr
 .text.mpu_get_accel_fsr
                0x08005508       0x74 CMakeFiles/Dance.elf.dir/Src/inv_mpu.c.obj
                0x08005508                mpu_get_accel_fsr
 .text.mpu_set_accel_fsr
                0x0800557c       0xd0 CMakeFiles/Dance.elf.dir/Src/inv_mpu.c.obj
                0x0800557c                mpu_set_accel_fsr
 .text.mpu_get_lpf
                0x0800564c       0x78 CMakeFiles/Dance.elf.dir/Src/inv_mpu.c.obj
                0x0800564c                mpu_get_lpf
 .text.mpu_set_lpf
                0x080056c4       0x9c CMakeFiles/Dance.elf.dir/Src/inv_mpu.c.obj
                0x080056c4                mpu_set_lpf
 .text.mpu_get_sample_rate
                0x08005760       0x30 CMakeFiles/Dance.elf.dir/Src/inv_mpu.c.obj
                0x08005760                mpu_get_sample_rate
 .text.mpu_set_sample_rate
                0x08005790       0xcc CMakeFiles/Dance.elf.dir/Src/inv_mpu.c.obj
                0x08005790                mpu_set_sample_rate
 .text.mpu_get_gyro_sens
                0x0800585c       0x70 CMakeFiles/Dance.elf.dir/Src/inv_mpu.c.obj
                0x0800585c                mpu_get_gyro_sens
 .text.mpu_get_accel_sens
                0x080058cc       0x7c CMakeFiles/Dance.elf.dir/Src/inv_mpu.c.obj
                0x080058cc                mpu_get_accel_sens
 .text.mpu_get_fifo_config
                0x08005948       0x20 CMakeFiles/Dance.elf.dir/Src/inv_mpu.c.obj
                0x08005948                mpu_get_fifo_config
 .text.mpu_configure_fifo
                0x08005968       0xa4 CMakeFiles/Dance.elf.dir/Src/inv_mpu.c.obj
                0x08005968                mpu_configure_fifo
 .text.mpu_set_sensors
                0x08005a0c      0x10c CMakeFiles/Dance.elf.dir/Src/inv_mpu.c.obj
                0x08005a0c                mpu_set_sensors
 .text.mpu_read_fifo_stream
                0x08005b18       0xfc CMakeFiles/Dance.elf.dir/Src/inv_mpu.c.obj
                0x08005b18                mpu_read_fifo_stream
 .text.mpu_set_bypass
                0x08005c14      0x18c CMakeFiles/Dance.elf.dir/Src/inv_mpu.c.obj
                0x08005c14                mpu_set_bypass
 .text.mpu_set_int_latched
                0x08005da0       0x88 CMakeFiles/Dance.elf.dir/Src/inv_mpu.c.obj
                0x08005da0                mpu_set_int_latched
 .text.get_accel_prod_shift
                0x08005e28      0x118 CMakeFiles/Dance.elf.dir/Src/inv_mpu.c.obj
 .text.accel_self_test
                0x08005f40      0x108 CMakeFiles/Dance.elf.dir/Src/inv_mpu.c.obj
 .text.gyro_self_test
                0x08006048      0x178 CMakeFiles/Dance.elf.dir/Src/inv_mpu.c.obj
 .text.get_st_biases
                0x080061c0      0x6e8 CMakeFiles/Dance.elf.dir/Src/inv_mpu.c.obj
 .text.mpu_run_self_test
                0x080068a8      0x1a8 CMakeFiles/Dance.elf.dir/Src/inv_mpu.c.obj
                0x080068a8                mpu_run_self_test
 .text.mpu_write_mem
                0x08006a50       0xa4 CMakeFiles/Dance.elf.dir/Src/inv_mpu.c.obj
                0x08006a50                mpu_write_mem
 .text.mpu_read_mem
                0x08006af4       0xa4 CMakeFiles/Dance.elf.dir/Src/inv_mpu.c.obj
                0x08006af4                mpu_read_mem
 .text.mpu_load_firmware
                0x08006b98       0xfc CMakeFiles/Dance.elf.dir/Src/inv_mpu.c.obj
                0x08006b98                mpu_load_firmware
 .text.mpu_set_dmp_state
                0x08006c94       0xa8 CMakeFiles/Dance.elf.dir/Src/inv_mpu.c.obj
                0x08006c94                mpu_set_dmp_state
 .text.run_self_test
                0x08006d3c       0xd0 CMakeFiles/Dance.elf.dir/Src/inv_mpu.c.obj
                0x08006d3c                run_self_test
 .text.inv_orientation_matrix_to_scalar
                0x08006e0c       0x50 CMakeFiles/Dance.elf.dir/Src/inv_mpu.c.obj
                0x08006e0c                inv_orientation_matrix_to_scalar
 .text.inv_row_2_scale
                0x08006e5c       0x80 CMakeFiles/Dance.elf.dir/Src/inv_mpu.c.obj
                0x08006e5c                inv_row_2_scale
 .text.mget_ms  0x08006edc       0x12 CMakeFiles/Dance.elf.dir/Src/inv_mpu.c.obj
                0x08006edc                mget_ms
 *fill*         0x08006eee        0x2 
 .text.mpu_dmp_init
                0x08006ef0       0xe4 CMakeFiles/Dance.elf.dir/Src/inv_mpu.c.obj
                0x08006ef0                mpu_dmp_init
 *fill*         0x08006fd4        0x4 
 .text.mpu_dmp_get_data
                0x08006fd8      0x2a0 CMakeFiles/Dance.elf.dir/Src/inv_mpu.c.obj
                0x08006fd8                mpu_dmp_get_data
 .text.dmp_load_motion_driver_firmware
                0x08007278       0x20 CMakeFiles/Dance.elf.dir/Src/inv_mpu_dmp_motion_driver.c.obj
                0x08007278                dmp_load_motion_driver_firmware
 .text.dmp_set_orientation
                0x08007298      0x1d8 CMakeFiles/Dance.elf.dir/Src/inv_mpu_dmp_motion_driver.c.obj
                0x08007298                dmp_set_orientation
 .text.dmp_set_gyro_bias
                0x08007470      0x214 CMakeFiles/Dance.elf.dir/Src/inv_mpu_dmp_motion_driver.c.obj
                0x08007470                dmp_set_gyro_bias
 .text.dmp_set_accel_bias
                0x08007684      0x208 CMakeFiles/Dance.elf.dir/Src/inv_mpu_dmp_motion_driver.c.obj
                0x08007684                dmp_set_accel_bias
 .text.dmp_set_fifo_rate
                0x0800788c       0x90 CMakeFiles/Dance.elf.dir/Src/inv_mpu_dmp_motion_driver.c.obj
                0x0800788c                dmp_set_fifo_rate
 .text.dmp_set_tap_thresh
                0x0800791c      0x254 CMakeFiles/Dance.elf.dir/Src/inv_mpu_dmp_motion_driver.c.obj
                0x0800791c                dmp_set_tap_thresh
 .text.dmp_set_tap_axes
                0x08007b70       0x64 CMakeFiles/Dance.elf.dir/Src/inv_mpu_dmp_motion_driver.c.obj
                0x08007b70                dmp_set_tap_axes
 .text.dmp_set_tap_count
                0x08007bd4       0x42 CMakeFiles/Dance.elf.dir/Src/inv_mpu_dmp_motion_driver.c.obj
                0x08007bd4                dmp_set_tap_count
 *fill*         0x08007c16        0x2 
 .text.dmp_set_tap_time
                0x08007c18       0x44 CMakeFiles/Dance.elf.dir/Src/inv_mpu_dmp_motion_driver.c.obj
                0x08007c18                dmp_set_tap_time
 .text.dmp_set_tap_time_multi
                0x08007c5c       0x44 CMakeFiles/Dance.elf.dir/Src/inv_mpu_dmp_motion_driver.c.obj
                0x08007c5c                dmp_set_tap_time_multi
 .text.dmp_set_shake_reject_thresh
                0x08007ca0       0x60 CMakeFiles/Dance.elf.dir/Src/inv_mpu_dmp_motion_driver.c.obj
                0x08007ca0                dmp_set_shake_reject_thresh
 .text.dmp_set_shake_reject_time
                0x08007d00       0x44 CMakeFiles/Dance.elf.dir/Src/inv_mpu_dmp_motion_driver.c.obj
                0x08007d00                dmp_set_shake_reject_time
 .text.dmp_set_shake_reject_timeout
                0x08007d44       0x44 CMakeFiles/Dance.elf.dir/Src/inv_mpu_dmp_motion_driver.c.obj
                0x08007d44                dmp_set_shake_reject_timeout
 .text.dmp_enable_feature
                0x08007d88      0x250 CMakeFiles/Dance.elf.dir/Src/inv_mpu_dmp_motion_driver.c.obj
                0x08007d88                dmp_enable_feature
 .text.dmp_enable_gyro_cal
                0x08007fd8       0x60 CMakeFiles/Dance.elf.dir/Src/inv_mpu_dmp_motion_driver.c.obj
                0x08007fd8                dmp_enable_gyro_cal
 .text.dmp_enable_lp_quat
                0x08008038       0x4e CMakeFiles/Dance.elf.dir/Src/inv_mpu_dmp_motion_driver.c.obj
                0x08008038                dmp_enable_lp_quat
 .text.dmp_enable_6x_lp_quat
                0x08008086       0x4e CMakeFiles/Dance.elf.dir/Src/inv_mpu_dmp_motion_driver.c.obj
                0x08008086                dmp_enable_6x_lp_quat
 .text.decode_gesture
                0x080080d4       0x88 CMakeFiles/Dance.elf.dir/Src/inv_mpu_dmp_motion_driver.c.obj
 .text.dmp_read_fifo
                0x0800815c      0x2d8 CMakeFiles/Dance.elf.dir/Src/inv_mpu_dmp_motion_driver.c.obj
                0x0800815c                dmp_read_fifo
 .text.main     0x08008434       0x60 CMakeFiles/Dance.elf.dir/Src/main.c.obj
                0x08008434                main
 .text.SystemClock_Config
                0x08008494       0x8a CMakeFiles/Dance.elf.dir/Src/main.c.obj
                0x08008494                SystemClock_Config
 *fill*         0x0800851e        0x2 
 .text.HAL_TIM_PeriodElapsedCallback
                0x08008520       0x24 CMakeFiles/Dance.elf.dir/Src/main.c.obj
                0x08008520                HAL_TIM_PeriodElapsedCallback
 .text.Error_Handler
                0x08008544        0xa CMakeFiles/Dance.elf.dir/Src/main.c.obj
                0x08008544                Error_Handler
 *fill*         0x0800854e        0x2 
 .text.OLED_WR_Byte
                0x08008550       0xa0 CMakeFiles/Dance.elf.dir/Src/oled.c.obj
                0x08008550                OLED_WR_Byte
 .text.OLED_Refresh
                0x080085f0       0x70 CMakeFiles/Dance.elf.dir/Src/oled.c.obj
                0x080085f0                OLED_Refresh
 .text.OLED_DrawPoint
                0x08008660       0xcc CMakeFiles/Dance.elf.dir/Src/oled.c.obj
                0x08008660                OLED_DrawPoint
 .text.OLED_DrawLine
                0x0800872c      0x15a CMakeFiles/Dance.elf.dir/Src/oled.c.obj
                0x0800872c                OLED_DrawLine
 .text.OLED_Set_Pos
                0x08008886       0x54 CMakeFiles/Dance.elf.dir/Src/oled.c.obj
                0x08008886                OLED_Set_Pos
 *fill*         0x080088da        0x2 
 .text.OLED_Clear
                0x080088dc       0x4c CMakeFiles/Dance.elf.dir/Src/oled.c.obj
                0x080088dc                OLED_Clear
 .text.OLED_ShowChar
                0x08008928       0xac CMakeFiles/Dance.elf.dir/Src/oled.c.obj
                0x08008928                OLED_ShowChar
 .text.Wave_SetPos
                0x080089d4       0x4a CMakeFiles/Dance.elf.dir/Src/oled.c.obj
                0x080089d4                Wave_SetPos
 *fill*         0x08008a1e        0x2 
 .text.Before_State_Update
                0x08008a20       0x48 CMakeFiles/Dance.elf.dir/Src/oled.c.obj
                0x08008a20                Before_State_Update
 .text.Current_State_Update
                0x08008a68       0x48 CMakeFiles/Dance.elf.dir/Src/oled.c.obj
                0x08008a68                Current_State_Update
 .text.OLED_DrawWave
                0x08008ab0      0x25c CMakeFiles/Dance.elf.dir/Src/oled.c.obj
                0x08008ab0                OLED_DrawWave
 .text.OLED_ShowString
                0x08008d0c       0x5a CMakeFiles/Dance.elf.dir/Src/oled.c.obj
                0x08008d0c                OLED_ShowString
 .text.OLED_DrawBMP
                0x08008d66       0x92 CMakeFiles/Dance.elf.dir/Src/oled.c.obj
                0x08008d66                OLED_DrawBMP
 .text.OLED_InitConfig
                0x08008df8      0x180 CMakeFiles/Dance.elf.dir/Src/oled.c.obj
                0x08008df8                OLED_InitConfig
 .text.HAL_MspInit
                0x08008f78       0x70 CMakeFiles/Dance.elf.dir/Src/stm32f1xx_hal_msp.c.obj
                0x08008f78                HAL_MspInit
 .text.HAL_InitTick
                0x08008fe8       0xb0 CMakeFiles/Dance.elf.dir/Src/stm32f1xx_hal_timebase_tim.c.obj
                0x08008fe8                HAL_InitTick
 .text.NMI_Handler
                0x08009098        0x6 CMakeFiles/Dance.elf.dir/Src/stm32f1xx_it.c.obj
                0x08009098                NMI_Handler
 .text.HardFault_Handler
                0x0800909e        0x6 CMakeFiles/Dance.elf.dir/Src/stm32f1xx_it.c.obj
                0x0800909e                HardFault_Handler
 .text.MemManage_Handler
                0x080090a4        0x6 CMakeFiles/Dance.elf.dir/Src/stm32f1xx_it.c.obj
                0x080090a4                MemManage_Handler
 .text.BusFault_Handler
                0x080090aa        0x6 CMakeFiles/Dance.elf.dir/Src/stm32f1xx_it.c.obj
                0x080090aa                BusFault_Handler
 .text.UsageFault_Handler
                0x080090b0        0x6 CMakeFiles/Dance.elf.dir/Src/stm32f1xx_it.c.obj
                0x080090b0                UsageFault_Handler
 .text.DebugMon_Handler
                0x080090b6        0xc CMakeFiles/Dance.elf.dir/Src/stm32f1xx_it.c.obj
                0x080090b6                DebugMon_Handler
 *fill*         0x080090c2        0x2 
 .text.TIM4_IRQHandler
                0x080090c4       0x14 CMakeFiles/Dance.elf.dir/Src/stm32f1xx_it.c.obj
                0x080090c4                TIM4_IRQHandler
 .text._read    0x080090d8       0x3a CMakeFiles/Dance.elf.dir/Src/syscalls.c.obj
                0x080090d8                _read
 .text._write   0x08009112       0x38 CMakeFiles/Dance.elf.dir/Src/syscalls.c.obj
                0x08009112                _write
 *fill*         0x0800914a        0x2 
 .text._sbrk    0x0800914c       0x58 CMakeFiles/Dance.elf.dir/Src/syscalls.c.obj
                0x0800914c                _sbrk
 .text._close   0x080091a4       0x16 CMakeFiles/Dance.elf.dir/Src/syscalls.c.obj
                0x080091a4                _close
 .text._fstat   0x080091ba       0x1e CMakeFiles/Dance.elf.dir/Src/syscalls.c.obj
                0x080091ba                _fstat
 .text._isatty  0x080091d8       0x14 CMakeFiles/Dance.elf.dir/Src/syscalls.c.obj
                0x080091d8                _isatty
 .text._lseek   0x080091ec       0x18 CMakeFiles/Dance.elf.dir/Src/syscalls.c.obj
                0x080091ec                _lseek
 .text.SystemInit
                0x08009204        0xc CMakeFiles/Dance.elf.dir/Src/system_stm32f1xx.c.obj
                0x08009204                SystemInit
 .text.MX_USART2_UART_Init
                0x08009210       0x54 CMakeFiles/Dance.elf.dir/Src/usart.c.obj
                0x08009210                MX_USART2_UART_Init
 .text.HAL_UART_MspInit
                0x08009264       0x94 CMakeFiles/Dance.elf.dir/Src/usart.c.obj
                0x08009264                HAL_UART_MspInit
 .text.Reset_Handler
                0x080092f8       0x48 CMakeFiles/Dance.elf.dir/startup/startup_stm32f103xb.s.obj
                0x080092f8                Reset_Handler
 .text.Default_Handler
                0x08009340        0x2 CMakeFiles/Dance.elf.dir/startup/startup_stm32f103xb.s.obj
                0x08009340                RTC_Alarm_IRQHandler
                0x08009340                EXTI2_IRQHandler
                0x08009340                TIM1_CC_IRQHandler
                0x08009340                PVD_IRQHandler
                0x08009340                EXTI3_IRQHandler
                0x08009340                EXTI0_IRQHandler
                0x08009340                I2C2_EV_IRQHandler
                0x08009340                ADC1_2_IRQHandler
                0x08009340                SPI1_IRQHandler
                0x08009340                TAMPER_IRQHandler
                0x08009340                DMA1_Channel4_IRQHandler
                0x08009340                USART3_IRQHandler
                0x08009340                RTC_IRQHandler
                0x08009340                DMA1_Channel7_IRQHandler
                0x08009340                CAN1_RX1_IRQHandler
                0x08009340                I2C1_EV_IRQHandler
                0x08009340                DMA1_Channel6_IRQHandler
                0x08009340                TIM3_IRQHandler
                0x08009340                RCC_IRQHandler
                0x08009340                TIM1_TRG_COM_IRQHandler
                0x08009340                DMA1_Channel1_IRQHandler
                0x08009340                Default_Handler
                0x08009340                EXTI15_10_IRQHandler
                0x08009340                EXTI9_5_IRQHandler
                0x08009340                SPI2_IRQHandler
                0x08009340                DMA1_Channel5_IRQHandler
                0x08009340                EXTI4_IRQHandler
                0x08009340                USB_LP_CAN1_RX0_IRQHandler
                0x08009340                USB_HP_CAN1_TX_IRQHandler
                0x08009340                DMA1_Channel3_IRQHandler
                0x08009340                TIM1_UP_IRQHandler
                0x08009340                WWDG_IRQHandler
                0x08009340                TIM2_IRQHandler
                0x08009340                TIM1_BRK_IRQHandler
                0x08009340                EXTI1_IRQHandler
                0x08009340                USART2_IRQHandler
                0x08009340                I2C2_ER_IRQHandler
                0x08009340                DMA1_Channel2_IRQHandler
                0x08009340                CAN1_SCE_IRQHandler
                0x08009340                FLASH_IRQHandler
                0x08009340                USART1_IRQHandler
                0x08009340                I2C1_ER_IRQHandler
                0x08009340                USBWakeUp_IRQHandler
 *fill*         0x08009342        0x2 
 .text.__errno  0x08009344        0xc d:/software/embededtools/drivers/gcc-arm-none-eabi/bin/../lib/gcc/arm-none-eabi/10.3.1/../../../../arm-none-eabi/lib/thumb/v7-m/nofp\libg_nano.a(lib_a-errno.o)
                0x08009344                __errno
 .text.__libc_init_array
                0x08009350       0x48 d:/software/embededtools/drivers/gcc-arm-none-eabi/bin/../lib/gcc/arm-none-eabi/10.3.1/../../../../arm-none-eabi/lib/thumb/v7-m/nofp\libg_nano.a(lib_a-init.o)
                0x08009350                __libc_init_array
 .text.memcmp   0x08009398       0x20 d:/software/embededtools/drivers/gcc-arm-none-eabi/bin/../lib/gcc/arm-none-eabi/10.3.1/../../../../arm-none-eabi/lib/thumb/v7-m/nofp\libg_nano.a(lib_a-memcmp.o)
                0x08009398                memcmp
 .text.memset   0x080093b8       0x10 d:/software/embededtools/drivers/gcc-arm-none-eabi/bin/../lib/gcc/arm-none-eabi/10.3.1/../../../../arm-none-eabi/lib/thumb/v7-m/nofp\libg_nano.a(lib_a-memset.o)
                0x080093b8                memset
 .text.printf   0x080093c8       0x30 d:/software/embededtools/drivers/gcc-arm-none-eabi/bin/../lib/gcc/arm-none-eabi/10.3.1/../../../../arm-none-eabi/lib/thumb/v7-m/nofp\libg_nano.a(lib_a-printf.o)
                0x080093c8                iprintf
                0x080093c8                printf
 .text._puts_r  0x080093f8       0xdc d:/software/embededtools/drivers/gcc-arm-none-eabi/bin/../lib/gcc/arm-none-eabi/10.3.1/../../../../arm-none-eabi/lib/thumb/v7-m/nofp\libg_nano.a(lib_a-puts.o)
                0x080093f8                _puts_r
 .text.puts     0x080094d4       0x10 d:/software/embededtools/drivers/gcc-arm-none-eabi/bin/../lib/gcc/arm-none-eabi/10.3.1/../../../../arm-none-eabi/lib/thumb/v7-m/nofp\libg_nano.a(lib_a-puts.o)
                0x080094d4                puts
 .text.__swbuf_r
                0x080094e4       0xa4 d:/software/embededtools/drivers/gcc-arm-none-eabi/bin/../lib/gcc/arm-none-eabi/10.3.1/../../../../arm-none-eabi/lib/thumb/v7-m/nofp\libg_nano.a(lib_a-wbuf.o)
                0x080094e4                __swbuf_r
 .text.__swsetup_r
                0x08009588       0xdc d:/software/embededtools/drivers/gcc-arm-none-eabi/bin/../lib/gcc/arm-none-eabi/10.3.1/../../../../arm-none-eabi/lib/thumb/v7-m/nofp\libg_nano.a(lib_a-wsetup.o)
                0x08009588                __swsetup_r
 .text.__sflush_r
                0x08009664      0x104 d:/software/embededtools/drivers/gcc-arm-none-eabi/bin/../lib/gcc/arm-none-eabi/10.3.1/../../../../arm-none-eabi/lib/thumb/v7-m/nofp\libg_nano.a(lib_a-fflush.o)
                0x08009664                __sflush_r
 .text._fflush_r
                0x08009768       0x78 d:/software/embededtools/drivers/gcc-arm-none-eabi/bin/../lib/gcc/arm-none-eabi/10.3.1/../../../../arm-none-eabi/lib/thumb/v7-m/nofp\libg_nano.a(lib_a-fflush.o)
                0x08009768                _fflush_r
 .text.std      0x080097e0       0x48 d:/software/embededtools/drivers/gcc-arm-none-eabi/bin/../lib/gcc/arm-none-eabi/10.3.1/../../../../arm-none-eabi/lib/thumb/v7-m/nofp\libg_nano.a(lib_a-findfp.o)
 .text._cleanup_r
                0x08009828        0xc d:/software/embededtools/drivers/gcc-arm-none-eabi/bin/../lib/gcc/arm-none-eabi/10.3.1/../../../../arm-none-eabi/lib/thumb/v7-m/nofp\libg_nano.a(lib_a-findfp.o)
                0x08009828                _cleanup_r
 .text.__sfmoreglue
                0x08009834       0x2c d:/software/embededtools/drivers/gcc-arm-none-eabi/bin/../lib/gcc/arm-none-eabi/10.3.1/../../../../arm-none-eabi/lib/thumb/v7-m/nofp\libg_nano.a(lib_a-findfp.o)
                0x08009834                __sfmoreglue
 .text.__sfp_lock_acquire
                0x08009860        0xc d:/software/embededtools/drivers/gcc-arm-none-eabi/bin/../lib/gcc/arm-none-eabi/10.3.1/../../../../arm-none-eabi/lib/thumb/v7-m/nofp\libg_nano.a(lib_a-findfp.o)
                0x08009860                __sfp_lock_acquire
 .text.__sfp_lock_release
                0x0800986c        0xc d:/software/embededtools/drivers/gcc-arm-none-eabi/bin/../lib/gcc/arm-none-eabi/10.3.1/../../../../arm-none-eabi/lib/thumb/v7-m/nofp\libg_nano.a(lib_a-findfp.o)
                0x0800986c                __sfp_lock_release
 .text.__sinit_lock_acquire
                0x08009878        0xc d:/software/embededtools/drivers/gcc-arm-none-eabi/bin/../lib/gcc/arm-none-eabi/10.3.1/../../../../arm-none-eabi/lib/thumb/v7-m/nofp\libg_nano.a(lib_a-findfp.o)
                0x08009878                __sinit_lock_acquire
 .text.__sinit_lock_release
                0x08009884        0xc d:/software/embededtools/drivers/gcc-arm-none-eabi/bin/../lib/gcc/arm-none-eabi/10.3.1/../../../../arm-none-eabi/lib/thumb/v7-m/nofp\libg_nano.a(lib_a-findfp.o)
                0x08009884                __sinit_lock_release
 .text.__sinit  0x08009890       0x70 d:/software/embededtools/drivers/gcc-arm-none-eabi/bin/../lib/gcc/arm-none-eabi/10.3.1/../../../../arm-none-eabi/lib/thumb/v7-m/nofp\libg_nano.a(lib_a-findfp.o)
                0x08009890                __sinit
 .text.__sfp    0x08009900       0x8c d:/software/embededtools/drivers/gcc-arm-none-eabi/bin/../lib/gcc/arm-none-eabi/10.3.1/../../../../arm-none-eabi/lib/thumb/v7-m/nofp\libg_nano.a(lib_a-findfp.o)
                0x08009900                __sfp
 .text._fwalk_reent
                0x0800998c       0x3e d:/software/embededtools/drivers/gcc-arm-none-eabi/bin/../lib/gcc/arm-none-eabi/10.3.1/../../../../arm-none-eabi/lib/thumb/v7-m/nofp\libg_nano.a(lib_a-fwalk.o)
                0x0800998c                _fwalk_reent
 .text.__retarget_lock_init_recursive
                0x080099ca        0x2 d:/software/embededtools/drivers/gcc-arm-none-eabi/bin/../lib/gcc/arm-none-eabi/10.3.1/../../../../arm-none-eabi/lib/thumb/v7-m/nofp\libg_nano.a(lib_a-lock.o)
                0x080099ca                __retarget_lock_init_recursive
 .text.__retarget_lock_acquire_recursive
                0x080099cc        0x2 d:/software/embededtools/drivers/gcc-arm-none-eabi/bin/../lib/gcc/arm-none-eabi/10.3.1/../../../../arm-none-eabi/lib/thumb/v7-m/nofp\libg_nano.a(lib_a-lock.o)
                0x080099cc                __retarget_lock_acquire_recursive
 .text.__retarget_lock_release_recursive
                0x080099ce        0x2 d:/software/embededtools/drivers/gcc-arm-none-eabi/bin/../lib/gcc/arm-none-eabi/10.3.1/../../../../arm-none-eabi/lib/thumb/v7-m/nofp\libg_nano.a(lib_a-lock.o)
                0x080099ce                __retarget_lock_release_recursive
 .text.__swhatbuf_r
                0x080099d0       0x4a d:/software/embededtools/drivers/gcc-arm-none-eabi/bin/../lib/gcc/arm-none-eabi/10.3.1/../../../../arm-none-eabi/lib/thumb/v7-m/nofp\libg_nano.a(lib_a-makebuf.o)
                0x080099d0                __swhatbuf_r
 *fill*         0x08009a1a        0x2 
 .text.__smakebuf_r
                0x08009a1c       0x80 d:/software/embededtools/drivers/gcc-arm-none-eabi/bin/../lib/gcc/arm-none-eabi/10.3.1/../../../../arm-none-eabi/lib/thumb/v7-m/nofp\libg_nano.a(lib_a-makebuf.o)
                0x08009a1c                __smakebuf_r
 .text._free_r  0x08009a9c       0x90 d:/software/embededtools/drivers/gcc-arm-none-eabi/bin/../lib/gcc/arm-none-eabi/10.3.1/../../../../arm-none-eabi/lib/thumb/v7-m/nofp\libg_nano.a(lib_a-nano-freer.o)
                0x08009a9c                _free_r
 .text.sbrk_aligned
                0x08009b2c       0x40 d:/software/embededtools/drivers/gcc-arm-none-eabi/bin/../lib/gcc/arm-none-eabi/10.3.1/../../../../arm-none-eabi/lib/thumb/v7-m/nofp\libg_nano.a(lib_a-nano-mallocr.o)
 .text._malloc_r
                0x08009b6c       0xe8 d:/software/embededtools/drivers/gcc-arm-none-eabi/bin/../lib/gcc/arm-none-eabi/10.3.1/../../../../arm-none-eabi/lib/thumb/v7-m/nofp\libg_nano.a(lib_a-nano-mallocr.o)
                0x08009b6c                _malloc_r
 .text.__sfputc_r
                0x08009c54       0x2a d:/software/embededtools/drivers/gcc-arm-none-eabi/bin/../lib/gcc/arm-none-eabi/10.3.1/../../../../arm-none-eabi/lib/thumb/v7-m/nofp\libg_nano.a(lib_a-nano-vfprintf.o)
 .text.__sfputs_r
                0x08009c7e       0x24 d:/software/embededtools/drivers/gcc-arm-none-eabi/bin/../lib/gcc/arm-none-eabi/10.3.1/../../../../arm-none-eabi/lib/thumb/v7-m/nofp\libg_nano.a(lib_a-nano-vfprintf.o)
                0x08009c7e                __sfputs_r
 *fill*         0x08009ca2        0x2 
 .text._vfprintf_r
                0x08009ca4      0x260 d:/software/embededtools/drivers/gcc-arm-none-eabi/bin/../lib/gcc/arm-none-eabi/10.3.1/../../../../arm-none-eabi/lib/thumb/v7-m/nofp\libg_nano.a(lib_a-nano-vfprintf.o)
                0x08009ca4                _vfprintf_r
                0x08009ca4                _vfiprintf_r
 .text._printf_common
                0x08009f04       0xde d:/software/embededtools/drivers/gcc-arm-none-eabi/bin/../lib/gcc/arm-none-eabi/10.3.1/../../../../arm-none-eabi/lib/thumb/v7-m/nofp\libg_nano.a(lib_a-nano-vfprintf_i.o)
                0x08009f04                _printf_common
 *fill*         0x08009fe2        0x2 
 .text._printf_i
                0x08009fe4      0x24c d:/software/embededtools/drivers/gcc-arm-none-eabi/bin/../lib/gcc/arm-none-eabi/10.3.1/../../../../arm-none-eabi/lib/thumb/v7-m/nofp\libg_nano.a(lib_a-nano-vfprintf_i.o)
                0x08009fe4                _printf_i
 .text._sbrk_r  0x0800a230       0x20 d:/software/embededtools/drivers/gcc-arm-none-eabi/bin/../lib/gcc/arm-none-eabi/10.3.1/../../../../arm-none-eabi/lib/thumb/v7-m/nofp\libg_nano.a(lib_a-sbrkr.o)
                0x0800a230                _sbrk_r
 .text.__sread  0x0800a250       0x22 d:/software/embededtools/drivers/gcc-arm-none-eabi/bin/../lib/gcc/arm-none-eabi/10.3.1/../../../../arm-none-eabi/lib/thumb/v7-m/nofp\libg_nano.a(lib_a-stdio.o)
                0x0800a250                __sread
 .text.__swrite
                0x0800a272       0x38 d:/software/embededtools/drivers/gcc-arm-none-eabi/bin/../lib/gcc/arm-none-eabi/10.3.1/../../../../arm-none-eabi/lib/thumb/v7-m/nofp\libg_nano.a(lib_a-stdio.o)
                0x0800a272                __swrite
 .text.__sseek  0x0800a2aa       0x24 d:/software/embededtools/drivers/gcc-arm-none-eabi/bin/../lib/gcc/arm-none-eabi/10.3.1/../../../../arm-none-eabi/lib/thumb/v7-m/nofp\libg_nano.a(lib_a-stdio.o)
                0x0800a2aa                __sseek
 .text.__sclose
                0x0800a2ce        0x8 d:/software/embededtools/drivers/gcc-arm-none-eabi/bin/../lib/gcc/arm-none-eabi/10.3.1/../../../../arm-none-eabi/lib/thumb/v7-m/nofp\libg_nano.a(lib_a-stdio.o)
                0x0800a2ce                __sclose
 *fill*         0x0800a2d6        0x2 
 .text._write_r
                0x0800a2d8       0x24 d:/software/embededtools/drivers/gcc-arm-none-eabi/bin/../lib/gcc/arm-none-eabi/10.3.1/../../../../arm-none-eabi/lib/thumb/v7-m/nofp\libg_nano.a(lib_a-writer.o)
                0x0800a2d8                _write_r
 .text._close_r
                0x0800a2fc       0x20 d:/software/embededtools/drivers/gcc-arm-none-eabi/bin/../lib/gcc/arm-none-eabi/10.3.1/../../../../arm-none-eabi/lib/thumb/v7-m/nofp\libg_nano.a(lib_a-closer.o)
                0x0800a2fc                _close_r
 .text._fstat_r
                0x0800a31c       0x24 d:/software/embededtools/drivers/gcc-arm-none-eabi/bin/../lib/gcc/arm-none-eabi/10.3.1/../../../../arm-none-eabi/lib/thumb/v7-m/nofp\libg_nano.a(lib_a-fstatr.o)
                0x0800a31c                _fstat_r
 .text._isatty_r
                0x0800a340       0x20 d:/software/embededtools/drivers/gcc-arm-none-eabi/bin/../lib/gcc/arm-none-eabi/10.3.1/../../../../arm-none-eabi/lib/thumb/v7-m/nofp\libg_nano.a(lib_a-isattyr.o)
                0x0800a340                _isatty_r
 .text._lseek_r
                0x0800a360       0x24 d:/software/embededtools/drivers/gcc-arm-none-eabi/bin/../lib/gcc/arm-none-eabi/10.3.1/../../../../arm-none-eabi/lib/thumb/v7-m/nofp\libg_nano.a(lib_a-lseekr.o)
                0x0800a360                _lseek_r
 .text.memchr   0x0800a384       0x1c d:/software/embededtools/drivers/gcc-arm-none-eabi/bin/../lib/gcc/arm-none-eabi/10.3.1/../../../../arm-none-eabi/lib/thumb/v7-m/nofp\libg_nano.a(lib_a-memchr-stub.o)
                0x0800a384                memchr
 .text.__malloc_lock
                0x0800a3a0        0xc d:/software/embededtools/drivers/gcc-arm-none-eabi/bin/../lib/gcc/arm-none-eabi/10.3.1/../../../../arm-none-eabi/lib/thumb/v7-m/nofp\libg_nano.a(lib_a-mlock.o)
                0x0800a3a0                __malloc_lock
 .text.__malloc_unlock
                0x0800a3ac        0xc d:/software/embededtools/drivers/gcc-arm-none-eabi/bin/../lib/gcc/arm-none-eabi/10.3.1/../../../../arm-none-eabi/lib/thumb/v7-m/nofp\libg_nano.a(lib_a-mlock.o)
                0x0800a3ac                __malloc_unlock
 .text._read_r  0x0800a3b8       0x24 d:/software/embededtools/drivers/gcc-arm-none-eabi/bin/../lib/gcc/arm-none-eabi/10.3.1/../../../../arm-none-eabi/lib/thumb/v7-m/nofp\libg_nano.a(lib_a-readr.o)
                0x0800a3b8                _read_r
 *fill*         0x0800a3dc        0x4 
 .text.atan     0x0800a3e0      0x31c d:/software/embededtools/drivers/gcc-arm-none-eabi/bin/../lib/gcc/arm-none-eabi/10.3.1/../../../../arm-none-eabi/lib/thumb/v7-m/nofp\libm.a(lib_a-s_atan.o)
                0x0800a3e0                atan
 .text.cos      0x0800a6fc       0xa4 d:/software/embededtools/drivers/gcc-arm-none-eabi/bin/../lib/gcc/arm-none-eabi/10.3.1/../../../../arm-none-eabi/lib/thumb/v7-m/nofp\libm.a(lib_a-s_cos.o)
                0x0800a6fc                cos
 .text.fabs     0x0800a7a0        0x8 d:/software/embededtools/drivers/gcc-arm-none-eabi/bin/../lib/gcc/arm-none-eabi/10.3.1/../../../../arm-none-eabi/lib/thumb/v7-m/nofp\libm.a(lib_a-s_fabs.o)
                0x0800a7a0                fabs
 .text.sin      0x0800a7a8       0xb0 d:/software/embededtools/drivers/gcc-arm-none-eabi/bin/../lib/gcc/arm-none-eabi/10.3.1/../../../../arm-none-eabi/lib/thumb/v7-m/nofp\libm.a(lib_a-s_sin.o)
                0x0800a7a8                sin
 .text.asin     0x0800a858       0x50 d:/software/embededtools/drivers/gcc-arm-none-eabi/bin/../lib/gcc/arm-none-eabi/10.3.1/../../../../arm-none-eabi/lib/thumb/v7-m/nofp\libm.a(lib_a-w_asin.o)
                0x0800a858                asin
 .text.atan2    0x0800a8a8        0x4 d:/software/embededtools/drivers/gcc-arm-none-eabi/bin/../lib/gcc/arm-none-eabi/10.3.1/../../../../arm-none-eabi/lib/thumb/v7-m/nofp\libm.a(lib_a-w_atan2.o)
                0x0800a8a8                atan2
 *fill*         0x0800a8ac        0x4 
 .text.__ieee754_asin
                0x0800a8b0      0x474 d:/software/embededtools/drivers/gcc-arm-none-eabi/bin/../lib/gcc/arm-none-eabi/10.3.1/../../../../arm-none-eabi/lib/thumb/v7-m/nofp\libm.a(lib_a-e_asin.o)
                0x0800a8b0                __ieee754_asin
 *fill*         0x0800ad24        0x4 
 .text.__ieee754_atan2
                0x0800ad28      0x194 d:/software/embededtools/drivers/gcc-arm-none-eabi/bin/../lib/gcc/arm-none-eabi/10.3.1/../../../../arm-none-eabi/lib/thumb/v7-m/nofp\libm.a(lib_a-e_atan2.o)
                0x0800ad28                __ieee754_atan2
 *fill*         0x0800aebc        0x4 
 .text.__ieee754_rem_pio2
                0x0800aec0      0x454 d:/software/embededtools/drivers/gcc-arm-none-eabi/bin/../lib/gcc/arm-none-eabi/10.3.1/../../../../arm-none-eabi/lib/thumb/v7-m/nofp\libm.a(lib_a-e_rem_pio2.o)
                0x0800aec0                __ieee754_rem_pio2
 .text.__ieee754_sqrt
                0x0800b314      0x18c d:/software/embededtools/drivers/gcc-arm-none-eabi/bin/../lib/gcc/arm-none-eabi/10.3.1/../../../../arm-none-eabi/lib/thumb/v7-m/nofp\libm.a(lib_a-e_sqrt.o)
                0x0800b314                __ieee754_sqrt
 .text.__kernel_cos
                0x0800b4a0      0x250 d:/software/embededtools/drivers/gcc-arm-none-eabi/bin/../lib/gcc/arm-none-eabi/10.3.1/../../../../arm-none-eabi/lib/thumb/v7-m/nofp\libm.a(lib_a-k_cos.o)
                0x0800b4a0                __kernel_cos
 .text.__kernel_rem_pio2
                0x0800b6f0      0x850 d:/software/embededtools/drivers/gcc-arm-none-eabi/bin/../lib/gcc/arm-none-eabi/10.3.1/../../../../arm-none-eabi/lib/thumb/v7-m/nofp\libm.a(lib_a-k_rem_pio2.o)
                0x0800b6f0                __kernel_rem_pio2
 .text.__kernel_sin
                0x0800bf40      0x184 d:/software/embededtools/drivers/gcc-arm-none-eabi/bin/../lib/gcc/arm-none-eabi/10.3.1/../../../../arm-none-eabi/lib/thumb/v7-m/nofp\libm.a(lib_a-k_sin.o)
                0x0800bf40                __kernel_sin
 *fill*         0x0800c0c4        0x4 
 .text.floor    0x0800c0c8       0xf8 d:/software/embededtools/drivers/gcc-arm-none-eabi/bin/../lib/gcc/arm-none-eabi/10.3.1/../../../../arm-none-eabi/lib/thumb/v7-m/nofp\libm.a(lib_a-s_floor.o)
                0x0800c0c8                floor
 .text.nan      0x0800c1c0        0xc d:/software/embededtools/drivers/gcc-arm-none-eabi/bin/../lib/gcc/arm-none-eabi/10.3.1/../../../../arm-none-eabi/lib/thumb/v7-m/nofp\libm.a(lib_a-s_nan.o)
                0x0800c1c0                nan
 *fill*         0x0800c1cc        0x4 
 .text.scalbn   0x0800c1d0       0xfc d:/software/embededtools/drivers/gcc-arm-none-eabi/bin/../lib/gcc/arm-none-eabi/10.3.1/../../../../arm-none-eabi/lib/thumb/v7-m/nofp\libm.a(lib_a-s_scalbn.o)
                0x0800c1d0                scalbn
 *(.glue_7)
 .glue_7        0x0800c2cc        0x0 linker stubs
 *(.glue_7t)
 .glue_7t       0x0800c2cc        0x0 linker stubs
 *(.eh_frame)
 .eh_frame      0x0800c2cc        0x0 d:/software/embededtools/drivers/gcc-arm-none-eabi/bin/../lib/gcc/arm-none-eabi/10.3.1/thumb/v7-m/nofp/crtbegin.o
 *(.init)
 .init          0x0800c2cc        0x4 d:/software/embededtools/drivers/gcc-arm-none-eabi/bin/../lib/gcc/arm-none-eabi/10.3.1/thumb/v7-m/nofp/crti.o
                0x0800c2cc                _init
 .init          0x0800c2d0        0x8 d:/software/embededtools/drivers/gcc-arm-none-eabi/bin/../lib/gcc/arm-none-eabi/10.3.1/thumb/v7-m/nofp/crtn.o
 *(.fini)
 .fini          0x0800c2d8        0x4 d:/software/embededtools/drivers/gcc-arm-none-eabi/bin/../lib/gcc/arm-none-eabi/10.3.1/thumb/v7-m/nofp/crti.o
                0x0800c2d8                _fini
 .fini          0x0800c2dc        0x8 d:/software/embededtools/drivers/gcc-arm-none-eabi/bin/../lib/gcc/arm-none-eabi/10.3.1/thumb/v7-m/nofp/crtn.o
                0x0800c2e4                . = ALIGN (0x4)
                0x0800c2e4                _etext = .

.vfp11_veneer   0x0800c2e4        0x0
 .vfp11_veneer  0x0800c2e4        0x0 linker stubs

.v4_bx          0x0800c2e4        0x0
 .v4_bx         0x0800c2e4        0x0 linker stubs

.iplt           0x0800c2e4        0x0
 .iplt          0x0800c2e4        0x0 d:/software/embededtools/drivers/gcc-arm-none-eabi/bin/../lib/gcc/arm-none-eabi/10.3.1/thumb/v7-m/nofp/crtbegin.o

.rodata         0x0800c2e8     0x16c0
                0x0800c2e8                . = ALIGN (0x4)
 *(.rodata)
 .rodata        0x0800c2e8       0x10 CMakeFiles/Dance.elf.dir/Drivers/STM32F1xx_HAL_Driver/Src/stm32f1xx_hal_rcc.c.obj
 .rodata        0x0800c2f8        0x5 CMakeFiles/Dance.elf.dir/Middlewares/Third_Party/FreeRTOS/Source/tasks.c.obj
 *fill*         0x0800c2fd        0x3 
 .rodata        0x0800c300       0x70 CMakeFiles/Dance.elf.dir/Src/freertos.c.obj
 .rodata        0x0800c370       0xa1 CMakeFiles/Dance.elf.dir/Src/inv_mpu.c.obj
 *fill*         0x0800c411        0x3 
 .rodata        0x0800c414       0x4b CMakeFiles/Dance.elf.dir/Src/inv_mpu_dmp_motion_driver.c.obj
 *fill*         0x0800c45f        0x1 
 .rodata        0x0800c460        0xe CMakeFiles/Dance.elf.dir/Src/main.c.obj
 *(.rodata*)
 *fill*         0x0800c46e        0x2 
 .rodata.reg    0x0800c470       0x1b CMakeFiles/Dance.elf.dir/Src/inv_mpu.c.obj
                0x0800c470                reg
 *fill*         0x0800c48b        0x1 
 .rodata.hw     0x0800c48c        0xc CMakeFiles/Dance.elf.dir/Src/inv_mpu.c.obj
                0x0800c48c                hw
 .rodata.test   0x0800c498       0x28 CMakeFiles/Dance.elf.dir/Src/inv_mpu.c.obj
                0x0800c498                test
 .rodata.dmp_memory
                0x0800c4c0      0xbf6 CMakeFiles/Dance.elf.dir/Src/inv_mpu_dmp_motion_driver.c.obj
 *fill*         0x0800d0b6        0x2 
 .rodata.D8X16  0x0800d0b8      0x5f0 CMakeFiles/Dance.elf.dir/Src/oled.c.obj
                0x0800d0b8                D8X16
 .rodata.AHBPrescTable
                0x0800d6a8       0x10 CMakeFiles/Dance.elf.dir/Src/system_stm32f1xx.c.obj
                0x0800d6a8                AHBPrescTable
 .rodata.APBPrescTable
                0x0800d6b8        0x8 CMakeFiles/Dance.elf.dir/Src/system_stm32f1xx.c.obj
                0x0800d6b8                APBPrescTable
 .rodata._global_impure_ptr
                0x0800d6c0        0x4 d:/software/embededtools/drivers/gcc-arm-none-eabi/bin/../lib/gcc/arm-none-eabi/10.3.1/../../../../arm-none-eabi/lib/thumb/v7-m/nofp\libg_nano.a(lib_a-impure.o)
                0x0800d6c0                _global_impure_ptr
 .rodata.__sf_fake_stderr
                0x0800d6c4       0x20 d:/software/embededtools/drivers/gcc-arm-none-eabi/bin/../lib/gcc/arm-none-eabi/10.3.1/../../../../arm-none-eabi/lib/thumb/v7-m/nofp\libg_nano.a(lib_a-findfp.o)
                0x0800d6c4                __sf_fake_stderr
 .rodata.__sf_fake_stdin
                0x0800d6e4       0x20 d:/software/embededtools/drivers/gcc-arm-none-eabi/bin/../lib/gcc/arm-none-eabi/10.3.1/../../../../arm-none-eabi/lib/thumb/v7-m/nofp\libg_nano.a(lib_a-findfp.o)
                0x0800d6e4                __sf_fake_stdin
 .rodata.__sf_fake_stdout
                0x0800d704       0x20 d:/software/embededtools/drivers/gcc-arm-none-eabi/bin/../lib/gcc/arm-none-eabi/10.3.1/../../../../arm-none-eabi/lib/thumb/v7-m/nofp\libg_nano.a(lib_a-findfp.o)
                0x0800d704                __sf_fake_stdout
 .rodata._vfprintf_r.str1.1
                0x0800d724       0x11 d:/software/embededtools/drivers/gcc-arm-none-eabi/bin/../lib/gcc/arm-none-eabi/10.3.1/../../../../arm-none-eabi/lib/thumb/v7-m/nofp\libg_nano.a(lib_a-nano-vfprintf.o)
 .rodata._printf_i.str1.1
                0x0800d735       0x22 d:/software/embededtools/drivers/gcc-arm-none-eabi/bin/../lib/gcc/arm-none-eabi/10.3.1/../../../../arm-none-eabi/lib/thumb/v7-m/nofp\libg_nano.a(lib_a-nano-vfprintf_i.o)
 *fill*         0x0800d757        0x1 
 .rodata.atanhi
                0x0800d758       0x20 d:/software/embededtools/drivers/gcc-arm-none-eabi/bin/../lib/gcc/arm-none-eabi/10.3.1/../../../../arm-none-eabi/lib/thumb/v7-m/nofp\libm.a(lib_a-s_atan.o)
 .rodata.atanlo
                0x0800d778       0x20 d:/software/embededtools/drivers/gcc-arm-none-eabi/bin/../lib/gcc/arm-none-eabi/10.3.1/../../../../arm-none-eabi/lib/thumb/v7-m/nofp\libm.a(lib_a-s_atan.o)
 .rodata.asin.str1.4
                0x0800d798        0x1 d:/software/embededtools/drivers/gcc-arm-none-eabi/bin/../lib/gcc/arm-none-eabi/10.3.1/../../../../arm-none-eabi/lib/thumb/v7-m/nofp\libm.a(lib_a-w_asin.o)
 *fill*         0x0800d799        0x7 
 .rodata.CSWTCH.8
                0x0800d7a0       0x18 d:/software/embededtools/drivers/gcc-arm-none-eabi/bin/../lib/gcc/arm-none-eabi/10.3.1/../../../../arm-none-eabi/lib/thumb/v7-m/nofp\libm.a(lib_a-e_atan2.o)
 .rodata.CSWTCH.9
                0x0800d7b8       0x18 d:/software/embededtools/drivers/gcc-arm-none-eabi/bin/../lib/gcc/arm-none-eabi/10.3.1/../../../../arm-none-eabi/lib/thumb/v7-m/nofp\libm.a(lib_a-e_atan2.o)
 .rodata.npio2_hw
                0x0800d7d0       0x80 d:/software/embededtools/drivers/gcc-arm-none-eabi/bin/../lib/gcc/arm-none-eabi/10.3.1/../../../../arm-none-eabi/lib/thumb/v7-m/nofp\libm.a(lib_a-e_rem_pio2.o)
 .rodata.two_over_pi
                0x0800d850      0x108 d:/software/embededtools/drivers/gcc-arm-none-eabi/bin/../lib/gcc/arm-none-eabi/10.3.1/../../../../arm-none-eabi/lib/thumb/v7-m/nofp\libm.a(lib_a-e_rem_pio2.o)
 .rodata.PIo2   0x0800d958       0x40 d:/software/embededtools/drivers/gcc-arm-none-eabi/bin/../lib/gcc/arm-none-eabi/10.3.1/../../../../arm-none-eabi/lib/thumb/v7-m/nofp\libm.a(lib_a-k_rem_pio2.o)
 .rodata.init_jk
                0x0800d998       0x10 d:/software/embededtools/drivers/gcc-arm-none-eabi/bin/../lib/gcc/arm-none-eabi/10.3.1/../../../../arm-none-eabi/lib/thumb/v7-m/nofp\libm.a(lib_a-k_rem_pio2.o)
                0x0800d9a8                . = ALIGN (0x4)

.ARM.extab
 *(.ARM.extab* .gnu.linkonce.armextab.*)

.ARM            0x0800d9a8        0x8
                0x0800d9a8                __exidx_start = .
 *(.ARM.exidx*)
 .ARM.exidx     0x0800d9a8        0x8 d:/software/embededtools/drivers/gcc-arm-none-eabi/bin/../lib/gcc/arm-none-eabi/10.3.1/thumb/v7-m/nofp\libgcc.a(_udivmoddi4.o)
                0x0800d9b0                __exidx_end = .

.rel.dyn        0x0800d9b0        0x0
 .rel.iplt      0x0800d9b0        0x0 d:/software/embededtools/drivers/gcc-arm-none-eabi/bin/../lib/gcc/arm-none-eabi/10.3.1/thumb/v7-m/nofp/crtbegin.o

.preinit_array  0x0800d9b0        0x0
                0x0800d9b0                PROVIDE (__preinit_array_start = .)
 *(.preinit_array*)
                0x0800d9b0                PROVIDE (__preinit_array_end = .)

.init_array     0x0800d9b0        0x4
                0x0800d9b0                PROVIDE (__init_array_start = .)
 *(SORT_BY_NAME(.init_array.*))
 *(.init_array*)
 .init_array    0x0800d9b0        0x4 d:/software/embededtools/drivers/gcc-arm-none-eabi/bin/../lib/gcc/arm-none-eabi/10.3.1/thumb/v7-m/nofp/crtbegin.o
                0x0800d9b4                PROVIDE (__init_array_end = .)

.fini_array     0x0800d9b4        0x4
                [!provide]                PROVIDE (__fini_array_start = .)
 *(SORT_BY_NAME(.fini_array.*))
 *(.fini_array*)
 .fini_array    0x0800d9b4        0x4 d:/software/embededtools/drivers/gcc-arm-none-eabi/bin/../lib/gcc/arm-none-eabi/10.3.1/thumb/v7-m/nofp/crtbegin.o
                [!provide]                PROVIDE (__fini_array_end = .)
                0x0800d9b8                _sidata = LOADADDR (.data)

.data           0x20000000      0x56c load address 0x0800d9b8
                0x20000000                . = ALIGN (0x4)
                0x20000000                _sdata = .
 *(.data)
 *(.data*)
 .data.uwTickPrio
                0x20000000        0x4 CMakeFiles/Dance.elf.dir/Drivers/STM32F1xx_HAL_Driver/Src/stm32f1xx_hal.c.obj
                0x20000000                uwTickPrio
 .data.uwTickFreq
                0x20000004        0x1 CMakeFiles/Dance.elf.dir/Drivers/STM32F1xx_HAL_Driver/Src/stm32f1xx_hal.c.obj
                0x20000004                uwTickFreq
 *fill*         0x20000005        0x3 
 .data.uxCriticalNesting
                0x20000008        0x4 CMakeFiles/Dance.elf.dir/Middlewares/Third_Party/FreeRTOS/Source/portable/GCC/ARM_CM3/port.c.obj
 .data.cube     0x2000000c       0x60 CMakeFiles/Dance.elf.dir/Src/freertos.c.obj
                0x2000000c                cube
 .data.lineid   0x2000006c       0x70 CMakeFiles/Dance.elf.dir/Src/freertos.c.obj
                0x2000006c                lineid
 .data.st       0x200000dc       0x2c CMakeFiles/Dance.elf.dir/Src/inv_mpu.c.obj
 .data.gyro_orientation
                0x20000108        0x9 CMakeFiles/Dance.elf.dir/Src/inv_mpu.c.obj
 *fill*         0x20000111        0x3 
 .data.BMP      0x20000114      0x3f0 CMakeFiles/Dance.elf.dir/Src/main.c.obj
                0x20000114                BMP
 .data.SystemCoreClock
                0x20000504        0x4 CMakeFiles/Dance.elf.dir/Src/system_stm32f1xx.c.obj
                0x20000504                SystemCoreClock
 .data._impure_ptr
                0x20000508        0x4 d:/software/embededtools/drivers/gcc-arm-none-eabi/bin/../lib/gcc/arm-none-eabi/10.3.1/../../../../arm-none-eabi/lib/thumb/v7-m/nofp\libg_nano.a(lib_a-impure.o)
                0x20000508                _impure_ptr
 .data.impure_data
                0x2000050c       0x60 d:/software/embededtools/drivers/gcc-arm-none-eabi/bin/../lib/gcc/arm-none-eabi/10.3.1/../../../../arm-none-eabi/lib/thumb/v7-m/nofp\libg_nano.a(lib_a-impure.o)
                0x2000056c                . = ALIGN (0x4)
                0x2000056c                _edata = .

.igot.plt       0x2000056c        0x0 load address 0x0800df24
 .igot.plt      0x2000056c        0x0 d:/software/embededtools/drivers/gcc-arm-none-eabi/bin/../lib/gcc/arm-none-eabi/10.3.1/thumb/v7-m/nofp/crtbegin.o
                0x2000056c                . = ALIGN (0x4)

.bss            0x2000056c     0x1560 load address 0x0800df24
                0x2000056c                _sbss = .
                0x2000056c                __bss_start__ = _sbss
 *(.bss)
 .bss           0x2000056c       0x1c d:/software/embededtools/drivers/gcc-arm-none-eabi/bin/../lib/gcc/arm-none-eabi/10.3.1/thumb/v7-m/nofp/crtbegin.o
 *(.bss*)
 .bss.uwTick    0x20000588        0x4 CMakeFiles/Dance.elf.dir/Drivers/STM32F1xx_HAL_Driver/Src/stm32f1xx_hal.c.obj
                0x20000588                uwTick
 .bss.ucMaxSysCallPriority
                0x2000058c        0x1 CMakeFiles/Dance.elf.dir/Middlewares/Third_Party/FreeRTOS/Source/portable/GCC/ARM_CM3/port.c.obj
 *fill*         0x2000058d        0x3 
 .bss.ulMaxPRIGROUPValue
                0x20000590        0x4 CMakeFiles/Dance.elf.dir/Middlewares/Third_Party/FreeRTOS/Source/portable/GCC/ARM_CM3/port.c.obj
 .bss.ucHeap    0x20000594      0xc00 CMakeFiles/Dance.elf.dir/Middlewares/Third_Party/FreeRTOS/Source/portable/MemMang/heap_4.c.obj
 .bss.xStart    0x20001194        0x8 CMakeFiles/Dance.elf.dir/Middlewares/Third_Party/FreeRTOS/Source/portable/MemMang/heap_4.c.obj
 .bss.pxEnd     0x2000119c        0x4 CMakeFiles/Dance.elf.dir/Middlewares/Third_Party/FreeRTOS/Source/portable/MemMang/heap_4.c.obj
 .bss.xFreeBytesRemaining
                0x200011a0        0x4 CMakeFiles/Dance.elf.dir/Middlewares/Third_Party/FreeRTOS/Source/portable/MemMang/heap_4.c.obj
 .bss.xMinimumEverFreeBytesRemaining
                0x200011a4        0x4 CMakeFiles/Dance.elf.dir/Middlewares/Third_Party/FreeRTOS/Source/portable/MemMang/heap_4.c.obj
 .bss.xBlockAllocatedBit
                0x200011a8        0x4 CMakeFiles/Dance.elf.dir/Middlewares/Third_Party/FreeRTOS/Source/portable/MemMang/heap_4.c.obj
 .bss.pxCurrentTCB
                0x200011ac        0x4 CMakeFiles/Dance.elf.dir/Middlewares/Third_Party/FreeRTOS/Source/tasks.c.obj
                0x200011ac                pxCurrentTCB
 .bss.pxReadyTasksLists
                0x200011b0       0x8c CMakeFiles/Dance.elf.dir/Middlewares/Third_Party/FreeRTOS/Source/tasks.c.obj
 .bss.xDelayedTaskList1
                0x2000123c       0x14 CMakeFiles/Dance.elf.dir/Middlewares/Third_Party/FreeRTOS/Source/tasks.c.obj
 .bss.xDelayedTaskList2
                0x20001250       0x14 CMakeFiles/Dance.elf.dir/Middlewares/Third_Party/FreeRTOS/Source/tasks.c.obj
 .bss.pxDelayedTaskList
                0x20001264        0x4 CMakeFiles/Dance.elf.dir/Middlewares/Third_Party/FreeRTOS/Source/tasks.c.obj
 .bss.pxOverflowDelayedTaskList
                0x20001268        0x4 CMakeFiles/Dance.elf.dir/Middlewares/Third_Party/FreeRTOS/Source/tasks.c.obj
 .bss.xPendingReadyList
                0x2000126c       0x14 CMakeFiles/Dance.elf.dir/Middlewares/Third_Party/FreeRTOS/Source/tasks.c.obj
 .bss.xTasksWaitingTermination
                0x20001280       0x14 CMakeFiles/Dance.elf.dir/Middlewares/Third_Party/FreeRTOS/Source/tasks.c.obj
 .bss.uxDeletedTasksWaitingCleanUp
                0x20001294        0x4 CMakeFiles/Dance.elf.dir/Middlewares/Third_Party/FreeRTOS/Source/tasks.c.obj
 .bss.xSuspendedTaskList
                0x20001298       0x14 CMakeFiles/Dance.elf.dir/Middlewares/Third_Party/FreeRTOS/Source/tasks.c.obj
 .bss.uxCurrentNumberOfTasks
                0x200012ac        0x4 CMakeFiles/Dance.elf.dir/Middlewares/Third_Party/FreeRTOS/Source/tasks.c.obj
 .bss.xTickCount
                0x200012b0        0x4 CMakeFiles/Dance.elf.dir/Middlewares/Third_Party/FreeRTOS/Source/tasks.c.obj
 .bss.uxTopReadyPriority
                0x200012b4        0x4 CMakeFiles/Dance.elf.dir/Middlewares/Third_Party/FreeRTOS/Source/tasks.c.obj
 .bss.xSchedulerRunning
                0x200012b8        0x4 CMakeFiles/Dance.elf.dir/Middlewares/Third_Party/FreeRTOS/Source/tasks.c.obj
 .bss.uxPendedTicks
                0x200012bc        0x4 CMakeFiles/Dance.elf.dir/Middlewares/Third_Party/FreeRTOS/Source/tasks.c.obj
 .bss.xYieldPending
                0x200012c0        0x4 CMakeFiles/Dance.elf.dir/Middlewares/Third_Party/FreeRTOS/Source/tasks.c.obj
 .bss.xNumOfOverflows
                0x200012c4        0x4 CMakeFiles/Dance.elf.dir/Middlewares/Third_Party/FreeRTOS/Source/tasks.c.obj
 .bss.uxTaskNumber
                0x200012c8        0x4 CMakeFiles/Dance.elf.dir/Middlewares/Third_Party/FreeRTOS/Source/tasks.c.obj
 .bss.xNextTaskUnblockTime
                0x200012cc        0x4 CMakeFiles/Dance.elf.dir/Middlewares/Third_Party/FreeRTOS/Source/tasks.c.obj
 .bss.xIdleTaskHandle
                0x200012d0        0x4 CMakeFiles/Dance.elf.dir/Middlewares/Third_Party/FreeRTOS/Source/tasks.c.obj
 .bss.uxSchedulerSuspended
                0x200012d4        0x4 CMakeFiles/Dance.elf.dir/Middlewares/Third_Party/FreeRTOS/Source/tasks.c.obj
 .bss.OLEDTaskHandle
                0x200012d8        0x4 CMakeFiles/Dance.elf.dir/Src/freertos.c.obj
                0x200012d8                OLEDTaskHandle
 .bss.IMUTaskHandle
                0x200012dc        0x4 CMakeFiles/Dance.elf.dir/Src/freertos.c.obj
                0x200012dc                IMUTaskHandle
 .bss.BTTaskHandle
                0x200012e0        0x4 CMakeFiles/Dance.elf.dir/Src/freertos.c.obj
                0x200012e0                BTTaskHandle
 .bss.xIdleTaskTCBBuffer
                0x200012e4       0x54 CMakeFiles/Dance.elf.dir/Src/freertos.c.obj
 .bss.xIdleStack
                0x20001338      0x200 CMakeFiles/Dance.elf.dir/Src/freertos.c.obj
 .bss.pitch     0x20001538        0x4 CMakeFiles/Dance.elf.dir/Src/freertos.c.obj
                0x20001538                pitch
 .bss.roll      0x2000153c        0x4 CMakeFiles/Dance.elf.dir/Src/freertos.c.obj
                0x2000153c                roll
 .bss.yaw       0x20001540        0x4 CMakeFiles/Dance.elf.dir/Src/freertos.c.obj
                0x20001540                yaw
 .bss.hi2c1     0x20001544       0x54 CMakeFiles/Dance.elf.dir/Src/i2c.c.obj
                0x20001544                hi2c1
 .bss.dmp       0x20001598       0x10 CMakeFiles/Dance.elf.dir/Src/inv_mpu_dmp_motion_driver.c.obj
 .bss.OLED_GRAM
                0x200015a8      0x480 CMakeFiles/Dance.elf.dir/Src/oled.c.obj
                0x200015a8                OLED_GRAM
 .bss.Bef       0x20001a28        0x3 CMakeFiles/Dance.elf.dir/Src/oled.c.obj
                0x20001a28                Bef
 *fill*         0x20001a2b        0x1 
 .bss.Cur       0x20001a2c        0x3 CMakeFiles/Dance.elf.dir/Src/oled.c.obj
                0x20001a2c                Cur
 *fill*         0x20001a2f        0x1 
 .bss.htim4     0x20001a30       0x48 CMakeFiles/Dance.elf.dir/Src/stm32f1xx_hal_timebase_tim.c.obj
                0x20001a30                htim4
 .bss.heap_end.0
                0x20001a78        0x4 CMakeFiles/Dance.elf.dir/Src/syscalls.c.obj
 .bss.huart2    0x20001a7c       0x40 CMakeFiles/Dance.elf.dir/Src/usart.c.obj
                0x20001a7c                huart2
 .bss.__lock___malloc_recursive_mutex
                0x20001abc        0x1 d:/software/embededtools/drivers/gcc-arm-none-eabi/bin/../lib/gcc/arm-none-eabi/10.3.1/../../../../arm-none-eabi/lib/thumb/v7-m/nofp\libg_nano.a(lib_a-lock.o)
                0x20001abc                __lock___malloc_recursive_mutex
 .bss.__lock___sfp_recursive_mutex
                0x20001abd        0x1 d:/software/embededtools/drivers/gcc-arm-none-eabi/bin/../lib/gcc/arm-none-eabi/10.3.1/../../../../arm-none-eabi/lib/thumb/v7-m/nofp\libg_nano.a(lib_a-lock.o)
                0x20001abd                __lock___sfp_recursive_mutex
 .bss.__lock___sinit_recursive_mutex
                0x20001abe        0x1 d:/software/embededtools/drivers/gcc-arm-none-eabi/bin/../lib/gcc/arm-none-eabi/10.3.1/../../../../arm-none-eabi/lib/thumb/v7-m/nofp\libg_nano.a(lib_a-lock.o)
                0x20001abe                __lock___sinit_recursive_mutex
 *fill*         0x20001abf        0x1 
 .bss.__malloc_free_list
                0x20001ac0        0x4 d:/software/embededtools/drivers/gcc-arm-none-eabi/bin/../lib/gcc/arm-none-eabi/10.3.1/../../../../arm-none-eabi/lib/thumb/v7-m/nofp\libg_nano.a(lib_a-nano-mallocr.o)
                0x20001ac0                __malloc_free_list
 .bss.__malloc_sbrk_start
                0x20001ac4        0x4 d:/software/embededtools/drivers/gcc-arm-none-eabi/bin/../lib/gcc/arm-none-eabi/10.3.1/../../../../arm-none-eabi/lib/thumb/v7-m/nofp\libg_nano.a(lib_a-nano-mallocr.o)
                0x20001ac4                __malloc_sbrk_start
 .bss.errno     0x20001ac8        0x4 d:/software/embededtools/drivers/gcc-arm-none-eabi/bin/../lib/gcc/arm-none-eabi/10.3.1/../../../../arm-none-eabi/lib/thumb/v7-m/nofp\libg_nano.a(lib_a-reent.o)
                0x20001ac8                errno
 *(COMMON)
                0x20001acc                . = ALIGN (0x4)
                0x20001acc                _ebss = .
                0x20001acc                __bss_end__ = _ebss

._user_heap_stack
                0x20001acc      0xa04 load address 0x0800df24
                0x20001ad0                . = ALIGN (0x8)
 *fill*         0x20001acc        0x4 
                0x20001ad0                PROVIDE (end = .)
                [!provide]                PROVIDE (_end = .)
                0x200020d0                . = (. + _Min_Heap_Size)
 *fill*         0x20001ad0      0x600 
                0x200024d0                . = (. + _Min_Stack_Size)
 *fill*         0x200020d0      0x400 
                0x200024d0                . = ALIGN (0x8)

/DISCARD/
 libc.a(*)
 libm.a(*)
 libgcc.a(*)

.ARM.attributes
                0x00000000       0x29
 *(.ARM.attributes)
 .ARM.attributes
                0x00000000       0x1d d:/software/embededtools/drivers/gcc-arm-none-eabi/bin/../lib/gcc/arm-none-eabi/10.3.1/thumb/v7-m/nofp/crti.o
 .ARM.attributes
                0x0000001d       0x2d d:/software/embededtools/drivers/gcc-arm-none-eabi/bin/../lib/gcc/arm-none-eabi/10.3.1/thumb/v7-m/nofp/crtbegin.o
 .ARM.attributes
                0x0000004a       0x2d CMakeFiles/Dance.elf.dir/Drivers/STM32F1xx_HAL_Driver/Src/stm32f1xx_hal.c.obj
 .ARM.attributes
                0x00000077       0x2d CMakeFiles/Dance.elf.dir/Drivers/STM32F1xx_HAL_Driver/Src/stm32f1xx_hal_cortex.c.obj
 .ARM.attributes
                0x000000a4       0x2d CMakeFiles/Dance.elf.dir/Drivers/STM32F1xx_HAL_Driver/Src/stm32f1xx_hal_gpio.c.obj
 .ARM.attributes
                0x000000d1       0x2d CMakeFiles/Dance.elf.dir/Drivers/STM32F1xx_HAL_Driver/Src/stm32f1xx_hal_i2c.c.obj
 .ARM.attributes
                0x000000fe       0x2d CMakeFiles/Dance.elf.dir/Drivers/STM32F1xx_HAL_Driver/Src/stm32f1xx_hal_rcc.c.obj
 .ARM.attributes
                0x0000012b       0x2d CMakeFiles/Dance.elf.dir/Drivers/STM32F1xx_HAL_Driver/Src/stm32f1xx_hal_tim.c.obj
 .ARM.attributes
                0x00000158       0x2d CMakeFiles/Dance.elf.dir/Drivers/STM32F1xx_HAL_Driver/Src/stm32f1xx_hal_tim_ex.c.obj
 .ARM.attributes
                0x00000185       0x2d CMakeFiles/Dance.elf.dir/Drivers/STM32F1xx_HAL_Driver/Src/stm32f1xx_hal_uart.c.obj
 .ARM.attributes
                0x000001b2       0x2d CMakeFiles/Dance.elf.dir/Middlewares/Third_Party/FreeRTOS/Source/CMSIS_RTOS/cmsis_os.c.obj
 .ARM.attributes
                0x000001df       0x2d CMakeFiles/Dance.elf.dir/Middlewares/Third_Party/FreeRTOS/Source/list.c.obj
 .ARM.attributes
                0x0000020c       0x2d CMakeFiles/Dance.elf.dir/Middlewares/Third_Party/FreeRTOS/Source/portable/GCC/ARM_CM3/port.c.obj
 .ARM.attributes
                0x00000239       0x2d CMakeFiles/Dance.elf.dir/Middlewares/Third_Party/FreeRTOS/Source/portable/MemMang/heap_4.c.obj
 .ARM.attributes
                0x00000266       0x2d CMakeFiles/Dance.elf.dir/Middlewares/Third_Party/FreeRTOS/Source/tasks.c.obj
 .ARM.attributes
                0x00000293       0x2d CMakeFiles/Dance.elf.dir/Src/freertos.c.obj
 .ARM.attributes
                0x000002c0       0x2d CMakeFiles/Dance.elf.dir/Src/gpio.c.obj
 .ARM.attributes
                0x000002ed       0x2d CMakeFiles/Dance.elf.dir/Src/i2c.c.obj
 .ARM.attributes
                0x0000031a       0x2d CMakeFiles/Dance.elf.dir/Src/imu.c.obj
 .ARM.attributes
                0x00000347       0x2d CMakeFiles/Dance.elf.dir/Src/inv_mpu.c.obj
 .ARM.attributes
                0x00000374       0x2d CMakeFiles/Dance.elf.dir/Src/inv_mpu_dmp_motion_driver.c.obj
 .ARM.attributes
                0x000003a1       0x2d CMakeFiles/Dance.elf.dir/Src/main.c.obj
 .ARM.attributes
                0x000003ce       0x2d CMakeFiles/Dance.elf.dir/Src/oled.c.obj
 .ARM.attributes
                0x000003fb       0x2d CMakeFiles/Dance.elf.dir/Src/stm32f1xx_hal_msp.c.obj
 .ARM.attributes
                0x00000428       0x2d CMakeFiles/Dance.elf.dir/Src/stm32f1xx_hal_timebase_tim.c.obj
 .ARM.attributes
                0x00000455       0x2d CMakeFiles/Dance.elf.dir/Src/stm32f1xx_it.c.obj
 .ARM.attributes
                0x00000482       0x2d CMakeFiles/Dance.elf.dir/Src/syscalls.c.obj
 .ARM.attributes
                0x000004af       0x2d CMakeFiles/Dance.elf.dir/Src/system_stm32f1xx.c.obj
 .ARM.attributes
                0x000004dc       0x2d CMakeFiles/Dance.elf.dir/Src/usart.c.obj
 .ARM.attributes
                0x00000509       0x21 CMakeFiles/Dance.elf.dir/startup/startup_stm32f103xb.s.obj
 .ARM.attributes
                0x0000052a       0x1d d:/software/embededtools/drivers/gcc-arm-none-eabi/bin/../lib/gcc/arm-none-eabi/10.3.1/thumb/v7-m/nofp\libgcc.a(_arm_addsubdf3.o)
 .ARM.attributes
                0x00000547       0x1d d:/software/embededtools/drivers/gcc-arm-none-eabi/bin/../lib/gcc/arm-none-eabi/10.3.1/thumb/v7-m/nofp\libgcc.a(_arm_muldivdf3.o)
 .ARM.attributes
                0x00000564       0x1d d:/software/embededtools/drivers/gcc-arm-none-eabi/bin/../lib/gcc/arm-none-eabi/10.3.1/thumb/v7-m/nofp\libgcc.a(_arm_truncdfsf2.o)
 .ARM.attributes
                0x00000581       0x1d d:/software/embededtools/drivers/gcc-arm-none-eabi/bin/../lib/gcc/arm-none-eabi/10.3.1/thumb/v7-m/nofp\libgcc.a(_arm_addsubsf3.o)
 .ARM.attributes
                0x0000059e       0x1d d:/software/embededtools/drivers/gcc-arm-none-eabi/bin/../lib/gcc/arm-none-eabi/10.3.1/thumb/v7-m/nofp\libgcc.a(_arm_muldivsf3.o)
 .ARM.attributes
                0x000005bb       0x1d d:/software/embededtools/drivers/gcc-arm-none-eabi/bin/../lib/gcc/arm-none-eabi/10.3.1/thumb/v7-m/nofp\libgcc.a(_arm_cmpsf2.o)
 .ARM.attributes
                0x000005d8       0x1d d:/software/embededtools/drivers/gcc-arm-none-eabi/bin/../lib/gcc/arm-none-eabi/10.3.1/thumb/v7-m/nofp\libgcc.a(_arm_fixsfsi.o)
 .ARM.attributes
                0x000005f5       0x1d d:/software/embededtools/drivers/gcc-arm-none-eabi/bin/../lib/gcc/arm-none-eabi/10.3.1/thumb/v7-m/nofp\libgcc.a(_arm_fixunssfsi.o)
 .ARM.attributes
                0x00000612       0x1d d:/software/embededtools/drivers/gcc-arm-none-eabi/bin/../lib/gcc/arm-none-eabi/10.3.1/thumb/v7-m/nofp\libgcc.a(_aeabi_ldivmod.o)
 .ARM.attributes
                0x0000062f       0x2d d:/software/embededtools/drivers/gcc-arm-none-eabi/bin/../lib/gcc/arm-none-eabi/10.3.1/thumb/v7-m/nofp\libgcc.a(_udivmoddi4.o)
 .ARM.attributes
                0x0000065c       0x1d d:/software/embededtools/drivers/gcc-arm-none-eabi/bin/../lib/gcc/arm-none-eabi/10.3.1/thumb/v7-m/nofp\libgcc.a(_dvmd_tls.o)
 .ARM.attributes
                0x00000679       0x2d d:/software/embededtools/drivers/gcc-arm-none-eabi/bin/../lib/gcc/arm-none-eabi/10.3.1/../../../../arm-none-eabi/lib/thumb/v7-m/nofp\libg_nano.a(lib_a-errno.o)
 .ARM.attributes
                0x000006a6       0x2d d:/software/embededtools/drivers/gcc-arm-none-eabi/bin/../lib/gcc/arm-none-eabi/10.3.1/../../../../arm-none-eabi/lib/thumb/v7-m/nofp\libg_nano.a(lib_a-impure.o)
 .ARM.attributes
                0x000006d3       0x2d d:/software/embededtools/drivers/gcc-arm-none-eabi/bin/../lib/gcc/arm-none-eabi/10.3.1/../../../../arm-none-eabi/lib/thumb/v7-m/nofp\libg_nano.a(lib_a-init.o)
 .ARM.attributes
                0x00000700       0x2d d:/software/embededtools/drivers/gcc-arm-none-eabi/bin/../lib/gcc/arm-none-eabi/10.3.1/../../../../arm-none-eabi/lib/thumb/v7-m/nofp\libg_nano.a(lib_a-memcmp.o)
 .ARM.attributes
                0x0000072d       0x2d d:/software/embededtools/drivers/gcc-arm-none-eabi/bin/../lib/gcc/arm-none-eabi/10.3.1/../../../../arm-none-eabi/lib/thumb/v7-m/nofp\libg_nano.a(lib_a-memset.o)
 .ARM.attributes
                0x0000075a       0x2d d:/software/embededtools/drivers/gcc-arm-none-eabi/bin/../lib/gcc/arm-none-eabi/10.3.1/../../../../arm-none-eabi/lib/thumb/v7-m/nofp\libg_nano.a(lib_a-printf.o)
 .ARM.attributes
                0x00000787       0x2d d:/software/embededtools/drivers/gcc-arm-none-eabi/bin/../lib/gcc/arm-none-eabi/10.3.1/../../../../arm-none-eabi/lib/thumb/v7-m/nofp\libg_nano.a(lib_a-puts.o)
 .ARM.attributes
                0x000007b4       0x2d d:/software/embededtools/drivers/gcc-arm-none-eabi/bin/../lib/gcc/arm-none-eabi/10.3.1/../../../../arm-none-eabi/lib/thumb/v7-m/nofp\libg_nano.a(lib_a-wbuf.o)
 .ARM.attributes